main.c:218:5:main	456	static
main.c:446:6:SystemClock_Config	128	static
main.c:496:13:MX_ADC1_Init	48	static
main.c:559:13:MX_I2C1_Init	8	static
main.c:605:13:MX_USB_PCD_Init	8	static
main.c:636:13:MX_GPIO_Init	48	static
main.c:697:6:StartTask02	32	static
main.c:738:6:StartTask03	32	static
main.c:778:6:StartTask04	32	static
main.c:819:6:StartTask05	32	static
main.c:860:6:StartTaskN	32	static
main.c:896:6:StartTask01_I2C	24	static
main.c:936:6:HAL_TIM_PeriodElapsedCallback	16	static
main.c:953:6:Error_Handler	4	static,ignoring_inline_asm
