main.c:128:5:main	208	static
main.c:239:6:SystemClock_Config	128	static
main.c:287:13:MX_ADC1_Init	48	static
main.c:350:13:MX_I2C1_SMBUS_Init	8	static
main.c:388:13:MX_GPIO_Init	48	static
main.c:457:6:StartTask02	32	static
main.c:489:6:StartTask03	32	static
main.c:520:6:StartTask04	24	static
main.c:552:6:StartTask05	32	static
main.c:586:6:StartTask01_I2C	16	static
main.c:604:6:StartTaskIDLE	16	static
main.c:623:6:HAL_TIM_PeriodElapsedCallback	16	static
main.c:640:6:Error_Handler	4	static,ignoring_inline_asm
