Archive member included to satisfy reference by file (symbol)

d:/st/stm32cubeide_1.8.0/stm32cubeide/plugins/com.st.stm32cube.ide.mcu.externaltools.gnu-tools-for-stm32.9-2020-q2-update.win32_2.0.0.202105311346/tools/bin/../lib/gcc/arm-none-eabi/9.3.1/../../../../arm-none-eabi/lib/thumb/v7e-m+fp/hard\libc_nano.a(lib_a-errno.o)
                              ./Core/Src/syscalls.o (__errno)
d:/st/stm32cubeide_1.8.0/stm32cubeide/plugins/com.st.stm32cube.ide.mcu.externaltools.gnu-tools-for-stm32.9-2020-q2-update.win32_2.0.0.202105311346/tools/bin/../lib/gcc/arm-none-eabi/9.3.1/../../../../arm-none-eabi/lib/thumb/v7e-m+fp/hard\libc_nano.a(lib_a-exit.o)
                              d:/st/stm32cubeide_1.8.0/stm32cubeide/plugins/com.st.stm32cube.ide.mcu.externaltools.gnu-tools-for-stm32.9-2020-q2-update.win32_2.0.0.202105311346/tools/bin/../lib/gcc/arm-none-eabi/9.3.1/../../../../arm-none-eabi/lib/thumb/v7e-m+fp/hard/crt0.o (exit)
d:/st/stm32cubeide_1.8.0/stm32cubeide/plugins/com.st.stm32cube.ide.mcu.externaltools.gnu-tools-for-stm32.9-2020-q2-update.win32_2.0.0.202105311346/tools/bin/../lib/gcc/arm-none-eabi/9.3.1/../../../../arm-none-eabi/lib/thumb/v7e-m+fp/hard\libc_nano.a(lib_a-impure.o)
                              d:/st/stm32cubeide_1.8.0/stm32cubeide/plugins/com.st.stm32cube.ide.mcu.externaltools.gnu-tools-for-stm32.9-2020-q2-update.win32_2.0.0.202105311346/tools/bin/../lib/gcc/arm-none-eabi/9.3.1/../../../../arm-none-eabi/lib/thumb/v7e-m+fp/hard\libc_nano.a(lib_a-exit.o) (_global_impure_ptr)
d:/st/stm32cubeide_1.8.0/stm32cubeide/plugins/com.st.stm32cube.ide.mcu.externaltools.gnu-tools-for-stm32.9-2020-q2-update.win32_2.0.0.202105311346/tools/bin/../lib/gcc/arm-none-eabi/9.3.1/../../../../arm-none-eabi/lib/thumb/v7e-m+fp/hard\libc_nano.a(lib_a-init.o)
                              d:/st/stm32cubeide_1.8.0/stm32cubeide/plugins/com.st.stm32cube.ide.mcu.externaltools.gnu-tools-for-stm32.9-2020-q2-update.win32_2.0.0.202105311346/tools/bin/../lib/gcc/arm-none-eabi/9.3.1/../../../../arm-none-eabi/lib/thumb/v7e-m+fp/hard/crt0.o (__libc_init_array)
d:/st/stm32cubeide_1.8.0/stm32cubeide/plugins/com.st.stm32cube.ide.mcu.externaltools.gnu-tools-for-stm32.9-2020-q2-update.win32_2.0.0.202105311346/tools/bin/../lib/gcc/arm-none-eabi/9.3.1/../../../../arm-none-eabi/lib/thumb/v7e-m+fp/hard\libc_nano.a(lib_a-memcpy-stub.o)
                              ./Middlewares/Third_Party/FreeRTOS/Source/queue.o (memcpy)
d:/st/stm32cubeide_1.8.0/stm32cubeide/plugins/com.st.stm32cube.ide.mcu.externaltools.gnu-tools-for-stm32.9-2020-q2-update.win32_2.0.0.202105311346/tools/bin/../lib/gcc/arm-none-eabi/9.3.1/../../../../arm-none-eabi/lib/thumb/v7e-m+fp/hard\libc_nano.a(lib_a-memset.o)
                              d:/st/stm32cubeide_1.8.0/stm32cubeide/plugins/com.st.stm32cube.ide.mcu.externaltools.gnu-tools-for-stm32.9-2020-q2-update.win32_2.0.0.202105311346/tools/bin/../lib/gcc/arm-none-eabi/9.3.1/../../../../arm-none-eabi/lib/thumb/v7e-m+fp/hard/crt0.o (memset)
d:/st/stm32cubeide_1.8.0/stm32cubeide/plugins/com.st.stm32cube.ide.mcu.externaltools.gnu-tools-for-stm32.9-2020-q2-update.win32_2.0.0.202105311346/tools/bin/../lib/gcc/arm-none-eabi/9.3.1/thumb/v7e-m+fp/hard\libgcc.a(_arm_muldf3.o)
                              ./Core/Src/main.o (__aeabi_dmul)
d:/st/stm32cubeide_1.8.0/stm32cubeide/plugins/com.st.stm32cube.ide.mcu.externaltools.gnu-tools-for-stm32.9-2020-q2-update.win32_2.0.0.202105311346/tools/bin/../lib/gcc/arm-none-eabi/9.3.1/thumb/v7e-m+fp/hard\libgcc.a(_arm_addsubdf3.o)
                              ./Core/Src/main.o (__aeabi_dsub)
d:/st/stm32cubeide_1.8.0/stm32cubeide/plugins/com.st.stm32cube.ide.mcu.externaltools.gnu-tools-for-stm32.9-2020-q2-update.win32_2.0.0.202105311346/tools/bin/../lib/gcc/arm-none-eabi/9.3.1/thumb/v7e-m+fp/hard\libgcc.a(_arm_muldivdf3.o)
                              ./Core/Src/main.o (__aeabi_ddiv)
d:/st/stm32cubeide_1.8.0/stm32cubeide/plugins/com.st.stm32cube.ide.mcu.externaltools.gnu-tools-for-stm32.9-2020-q2-update.win32_2.0.0.202105311346/tools/bin/../lib/gcc/arm-none-eabi/9.3.1/thumb/v7e-m+fp/hard\libgcc.a(_arm_truncdfsf2.o)
                              ./Core/Src/main.o (__aeabi_d2f)

Allocating common symbols
Common symbol       size              file

Task02Handle        0x4               ./Core/Src/main.o
MutexADC1Handle     0x4               ./Core/Src/main.o
TaskN06Handle       0x4               ./Core/Src/main.o
TaskN10Handle       0x4               ./Core/Src/main.o
PressureSensor      0x38              ./Core/Src/main.o
TaskN01Handle       0x4               ./Core/Src/main.o
TaskN07Handle       0x4               ./Core/Src/main.o
SemI2CHandle        0x4               ./Core/Src/main.o
uwTick              0x4               ./Drivers/STM32F3xx_HAL_Driver/Src/stm32f3xx_hal.o
xQueueRegistry      0x40              ./Middlewares/Third_Party/FreeRTOS/Source/queue.o
pFlash              0x20              ./Drivers/STM32F3xx_HAL_Driver/Src/stm32f3xx_hal_flash.o
[...]
Memory Configuration

Name             Origin             Length             Attributes
CCMRAM           0x0000000010000000 0x0000000000002000 xrw
RAM              0x0000000020000000 0x000000000000a000 xrw
FLASH            0x0000000008000000 0x0000000000040000 xr
*default*        0x0000000000000000 0xffffffffffffffff

Linker script and memory map

LOAD d:/st/stm32cubeide_1.8.0/stm32cubeide/plugins/com.st.stm32cube.ide.mcu.externaltools.gnu-tools-for-stm32.9-2020-q2-update.win32_2.0.0.202105311346/tools/bin/../lib/gcc/arm-none-eabi/9.3.1/thumb/v7e-m+fp/hard/crti.o
LOAD d:/st/stm32cubeide_1.8.0/stm32cubeide/plugins/com.st.stm32cube.ide.mcu.externaltools.gnu-tools-for-stm32.9-2020-q2-update.win32_2.0.0.202105311346/tools/bin/../lib/gcc/arm-none-eabi/9.3.1/thumb/v7e-m+fp/hard/crtbegin.o
LOAD d:/st/stm32cubeide_1.8.0/stm32cubeide/plugins/com.st.stm32cube.ide.mcu.externaltools.gnu-tools-for-stm32.9-2020-q2-update.win32_2.0.0.202105311346/tools/bin/../lib/gcc/arm-none-eabi/9.3.1/../../../../arm-none-eabi/lib/thumb/v7e-m+fp/hard/crt0.o
LOAD ./Core/Src/freertos.o
LOAD ./Core/Src/main.o
LOAD ./Core/Src/stm32f3xx_hal_msp.o
LOAD ./Core/Src/stm32f3xx_hal_timebase_tim.o
LOAD ./Core/Src/stm32f3xx_it.o
LOAD ./Core/Src/syscalls.o
LOAD ./Core/Src/sysmem.o
LOAD ./Core/Src/system_stm32f3xx.o
LOAD ./Core/Startup/startup_stm32f303vctx.o
LOAD ./Drivers/STM32F3xx_HAL_Driver/Src/stm32f3xx_hal.o
LOAD ./Drivers/STM32F3xx_HAL_Driver/Src/stm32f3xx_hal_adc.o
LOAD ./Drivers/STM32F3xx_HAL_Driver/Src/stm32f3xx_hal_adc_ex.o
LOAD ./Drivers/STM32F3xx_HAL_Driver/Src/stm32f3xx_hal_cortex.o
LOAD ./Drivers/STM32F3xx_HAL_Driver/Src/stm32f3xx_hal_dma.o
LOAD ./Drivers/STM32F3xx_HAL_Driver/Src/stm32f3xx_hal_exti.o
LOAD ./Drivers/STM32F3xx_HAL_Driver/Src/stm32f3xx_hal_flash.o
LOAD ./Drivers/STM32F3xx_HAL_Driver/Src/stm32f3xx_hal_flash_ex.o
LOAD ./Drivers/STM32F3xx_HAL_Driver/Src/stm32f3xx_hal_gpio.o
LOAD ./Drivers/STM32F3xx_HAL_Driver/Src/stm32f3xx_hal_i2c.o
LOAD ./Drivers/STM32F3xx_HAL_Driver/Src/stm32f3xx_hal_i2c_ex.o
LOAD ./Drivers/STM32F3xx_HAL_Driver/Src/stm32f3xx_hal_pcd.o
LOAD ./Drivers/STM32F3xx_HAL_Driver/Src/stm32f3xx_hal_pcd_ex.o
LOAD ./Drivers/STM32F3xx_HAL_Driver/Src/stm32f3xx_hal_pwr.o
LOAD ./Drivers/STM32F3xx_HAL_Driver/Src/stm32f3xx_hal_pwr_ex.o
LOAD ./Drivers/STM32F3xx_HAL_Driver/Src/stm32f3xx_hal_rcc.o
LOAD ./Drivers/STM32F3xx_HAL_Driver/Src/stm32f3xx_hal_rcc_ex.o
LOAD ./Drivers/STM32F3xx_HAL_Driver/Src/stm32f3xx_hal_smbus.o
LOAD ./Drivers/STM32F3xx_HAL_Driver/Src/stm32f3xx_hal_tim.o
LOAD ./Drivers/STM32F3xx_HAL_Driver/Src/stm32f3xx_hal_tim_ex.o
LOAD ./Drivers/STM32F3xx_HAL_Driver/Src/stm32f3xx_ll_usb.o
LOAD ./Middlewares/Third_Party/FreeRTOS/Source/CMSIS_RTOS/cmsis_os.o
LOAD ./Middlewares/Third_Party/FreeRTOS/Source/croutine.o
LOAD ./Middlewares/Third_Party/FreeRTOS/Source/event_groups.o
LOAD ./Middlewares/Third_Party/FreeRTOS/Source/list.o
LOAD ./Middlewares/Third_Party/FreeRTOS/Source/queue.o
LOAD ./Middlewares/Third_Party/FreeRTOS/Source/stream_buffer.o
LOAD ./Middlewares/Third_Party/FreeRTOS/Source/tasks.o
LOAD ./Middlewares/Third_Party/FreeRTOS/Source/timers.o
LOAD ./Middlewares/Third_Party/FreeRTOS/Source/portable/GCC/ARM_CM4F/port.o
LOAD ./Middlewares/Third_Party/FreeRTOS/Source/portable/MemMang/heap_4.o
START GROUP
LOAD d:/st/stm32cubeide_1.8.0/stm32cubeide/plugins/com.st.stm32cube.ide.mcu.externaltools.gnu-tools-for-stm32.9-2020-q2-update.win32_2.0.0.202105311346/tools/bin/../lib/gcc/arm-none-eabi/9.3.1/../../../../arm-none-eabi/lib/thumb/v7e-m+fp/hard\libc_nano.a
LOAD d:/st/stm32cubeide_1.8.0/stm32cubeide/plugins/com.st.stm32cube.ide.mcu.externaltools.gnu-tools-for-stm32.9-2020-q2-update.win32_2.0.0.202105311346/tools/bin/../lib/gcc/arm-none-eabi/9.3.1/../../../../arm-none-eabi/lib/thumb/v7e-m+fp/hard\libm.a
END GROUP
START GROUP
LOAD d:/st/stm32cubeide_1.8.0/stm32cubeide/plugins/com.st.stm32cube.ide.mcu.externaltools.gnu-tools-for-stm32.9-2020-q2-update.win32_2.0.0.202105311346/tools/bin/../lib/gcc/arm-none-eabi/9.3.1/thumb/v7e-m+fp/hard\libgcc.a
LOAD d:/st/stm32cubeide_1.8.0/stm32cubeide/plugins/com.st.stm32cube.ide.mcu.externaltools.gnu-tools-for-stm32.9-2020-q2-update.win32_2.0.0.202105311346/tools/bin/../lib/gcc/arm-none-eabi/9.3.1/../../../../arm-none-eabi/lib/thumb/v7e-m+fp/hard\libc_nano.a
END GROUP
START GROUP
LOAD d:/st/stm32cubeide_1.8.0/stm32cubeide/plugins/com.st.stm32cube.ide.mcu.externaltools.gnu-tools-for-stm32.9-2020-q2-update.win32_2.0.0.202105311346/tools/bin/../lib/gcc/arm-none-eabi/9.3.1/thumb/v7e-m+fp/hard\libgcc.a
LOAD d:/st/stm32cubeide_1.8.0/stm32cubeide/plugins/com.st.stm32cube.ide.mcu.externaltools.gnu-tools-for-stm32.9-2020-q2-update.win32_2.0.0.202105311346/tools/bin/../lib/gcc/arm-none-eabi/9.3.1/../../../../arm-none-eabi/lib/thumb/v7e-m+fp/hard\libc_nano.a
LOAD d:/st/stm32cubeide_1.8.0/stm32cubeide/plugins/com.st.stm32cube.ide.mcu.externaltools.gnu-tools-for-stm32.9-2020-q2-update.win32_2.0.0.202105311346/tools/bin/../lib/gcc/arm-none-eabi/9.3.1/../../../../arm-none-eabi/lib/thumb/v7e-m+fp/hard\libnosys.a
END GROUP
START GROUP
LOAD d:/st/stm32cubeide_1.8.0/stm32cubeide/plugins/com.st.stm32cube.ide.mcu.externaltools.gnu-tools-for-stm32.9-2020-q2-update.win32_2.0.0.202105311346/tools/bin/../lib/gcc/arm-none-eabi/9.3.1/thumb/v7e-m+fp/hard\libgcc.a
LOAD d:/st/stm32cubeide_1.8.0/stm32cubeide/plugins/com.st.stm32cube.ide.mcu.externaltools.gnu-tools-for-stm32.9-2020-q2-update.win32_2.0.0.202105311346/tools/bin/../lib/gcc/arm-none-eabi/9.3.1/../../../../arm-none-eabi/lib/thumb/v7e-m+fp/hard\libc_nano.a
LOAD d:/st/stm32cubeide_1.8.0/stm32cubeide/plugins/com.st.stm32cube.ide.mcu.externaltools.gnu-tools-for-stm32.9-2020-q2-update.win32_2.0.0.202105311346/tools/bin/../lib/gcc/arm-none-eabi/9.3.1/../../../../arm-none-eabi/lib/thumb/v7e-m+fp/hard\libnosys.a
END GROUP
LOAD d:/st/stm32cubeide_1.8.0/stm32cubeide/plugins/com.st.stm32cube.ide.mcu.externaltools.gnu-tools-for-stm32.9-2020-q2-update.win32_2.0.0.202105311346/tools/bin/../lib/gcc/arm-none-eabi/9.3.1/thumb/v7e-m+fp/hard/crtend.o
LOAD d:/st/stm32cubeide_1.8.0/stm32cubeide/plugins/com.st.stm32cube.ide.mcu.externaltools.gnu-tools-for-stm32.9-2020-q2-update.win32_2.0.0.202105311346/tools/bin/../lib/gcc/arm-none-eabi/9.3.1/thumb/v7e-m+fp/hard/crtn.o
                0x000000002000a000                _estack = (ORIGIN (RAM) + LENGTH (RAM))
                0x0000000000000200                _Min_Heap_Size = 0x200
                0x0000000000000400                _Min_Stack_Size = 0x400

.isr_vector     0x0000000008000000      0x188
                0x0000000008000000                . = ALIGN (0x4)
 *(.isr_vector)
 .isr_vector    0x0000000008000000      0x188 ./Core/Startup/startup_stm32f303vctx.o
                0x0000000008000000                g_pfnVectors
                0x0000000008000188                . = ALIGN (0x4)

.text           0x0000000008000190     0x8468
                0x0000000008000190                . = ALIGN (0x4)
 *(.text)
 .text          0x0000000008000190       0x40 d:/st/stm32cubeide_1.8.0/stm32cubeide/plugins/com.st.stm32cube.ide.mcu.externaltools.gnu-tools-for-stm32.9-2020-q2-update.win32_2.0.0.202105311346/tools/bin/../lib/gcc/arm-none-eabi/9.3.1/thumb/v7e-m+fp/hard/crtbegin.o
 .text          0x00000000080001d0      0x378 d:/st/stm32cubeide_1.8.0/stm32cubeide/plugins/com.st.stm32cube.ide.mcu.externaltools.gnu-tools-for-stm32.9-2020-q2-update.win32_2.0.0.202105311346/tools/bin/../lib/gcc/arm-none-eabi/9.3.1/thumb/v7e-m+fp/hard\libgcc.a(_arm_addsubdf3.o)
                0x00000000080001d0                __aeabi_drsub
                0x00000000080001d8                __aeabi_dsub
                0x00000000080001d8                __subdf3
                0x00000000080001dc                __aeabi_dadd
                0x00000000080001dc                __adddf3
                0x0000000008000454                __floatunsidf
                0x0000000008000454                __aeabi_ui2d
                0x0000000008000474                __floatsidf
                0x0000000008000474                __aeabi_i2d
                0x0000000008000498                __aeabi_f2d
                0x0000000008000498                __extendsfdf2
                0x00000000080004dc                __floatundidf
                0x00000000080004dc                __aeabi_ul2d
                0x00000000080004ec                __floatdidf
                0x00000000080004ec                __aeabi_l2d
 .text          0x0000000008000548      0x424 d:/st/stm32cubeide_1.8.0/stm32cubeide/plugins/com.st.stm32cube.ide.mcu.externaltools.gnu-tools-for-stm32.9-2020-q2-update.win32_2.0.0.202105311346/tools/bin/../lib/gcc/arm-none-eabi/9.3.1/thumb/v7e-m+fp/hard\libgcc.a(_arm_muldivdf3.o)
                0x0000000008000548                __aeabi_dmul
                0x0000000008000548                __muldf3
                0x000000000800079c                __divdf3
                0x000000000800079c                __aeabi_ddiv
 .text          0x000000000800096c       0xa0 d:/st/stm32cubeide_1.8.0/stm32cubeide/plugins/com.st.stm32cube.ide.mcu.externaltools.gnu-tools-for-stm32.9-2020-q2-update.win32_2.0.0.202105311346/tools/bin/../lib/gcc/arm-none-eabi/9.3.1/thumb/v7e-m+fp/hard\libgcc.a(_arm_truncdfsf2.o)
                0x000000000800096c                __truncdfsf2
                0x000000000800096c                __aeabi_d2f
 *(.text*)
 .text.vApplicationGetIdleTaskMemory
                0x0000000008000a0c       0x34 ./Core/Src/freertos.o
                0x0000000008000a0c                vApplicationGetIdleTaskMemory
 .text.main     0x0000000008000a40      0x2bc ./Core/Src/main.o
                0x0000000008000a40                main
 .text.SystemClock_Config
                0x0000000008000cfc       0xc8 ./Core/Src/main.o
                0x0000000008000cfc                SystemClock_Config
 .text.MX_ADC1_Init
                0x0000000008000dc4       0xe0 ./Core/Src/main.o
 .text.MX_I2C1_SMBUS_Init
                0x0000000008000ea4       0x74 ./Core/Src/main.o
 .text.MX_USB_PCD_Init
                0x0000000008000f18       0x44 ./Core/Src/main.o
 .text.MX_GPIO_Init
                0x0000000008000f5c      0x120 ./Core/Src/main.o
 *fill*         0x000000000800107c        0x4 
 .text.StartTask02
                0x0000000008001080       0xf4 ./Core/Src/main.o
                0x0000000008001080                StartTask02
 *fill*         0x0000000008001174        0x4 
 .text.StartTask03
                0x0000000008001178      0x130 ./Core/Src/main.o
                0x0000000008001178                StartTask03
 .text.StartTask04
                0x00000000080012a8       0xf0 ./Core/Src/main.o
                0x00000000080012a8                StartTask04
 .text.StartTask05
                0x0000000008001398      0x104 ./Core/Src/main.o
                0x0000000008001398                StartTask05
 *fill*         0x000000000800149c        0x4 
 .text.StartTaskN
                0x00000000080014a0       0xd0 ./Core/Src/main.o
                0x00000000080014a0                StartTaskN
 .text.StartTask01_I2C
                0x0000000008001570       0x10 ./Core/Src/main.o
                0x0000000008001570                StartTask01_I2C
 .text.StartTaskIDLE
                0x0000000008001580       0x10 ./Core/Src/main.o
                0x0000000008001580                StartTaskIDLE
 .text.HAL_TIM_PeriodElapsedCallback
                0x0000000008001590       0x24 ./Core/Src/main.o
                0x0000000008001590                HAL_TIM_PeriodElapsedCallback
 .text.Error_Handler
                0x00000000080015b4        0xa ./Core/Src/main.o
                0x00000000080015b4                Error_Handler
 *fill*         0x00000000080015be        0x2 
 .text.HAL_MspInit
                0x00000000080015c0       0x50 ./Core/Src/stm32f3xx_hal_msp.o
                0x00000000080015c0                HAL_MspInit
 .text.HAL_ADC_MspInit
                0x0000000008001610       0xe0 ./Core/Src/stm32f3xx_hal_msp.o
                0x0000000008001610                HAL_ADC_MspInit
 .text.HAL_SMBUS_MspInit
                0x00000000080016f0       0x98 ./Core/Src/stm32f3xx_hal_msp.o
                0x00000000080016f0                HAL_SMBUS_MspInit
 .text.HAL_PCD_MspInit
                0x0000000008001788       0x88 ./Core/Src/stm32f3xx_hal_msp.o
                0x0000000008001788                HAL_PCD_MspInit
 .text.HAL_InitTick
                0x0000000008001810       0xb0 ./Core/Src/stm32f3xx_hal_timebase_tim.o
                0x0000000008001810                HAL_InitTick
 .text.NMI_Handler
                0x00000000080018c0        0x6 ./Core/Src/stm32f3xx_it.o
                0x00000000080018c0                NMI_Handler
 .text.HardFault_Handler
                0x00000000080018c6        0x6 ./Core/Src/stm32f3xx_it.o
                0x00000000080018c6                HardFault_Handler
 .text.MemManage_Handler
                0x00000000080018cc        0x6 ./Core/Src/stm32f3xx_it.o
                0x00000000080018cc                MemManage_Handler
 .text.BusFault_Handler
                0x00000000080018d2        0x6 ./Core/Src/stm32f3xx_it.o
                0x00000000080018d2                BusFault_Handler
 .text.UsageFault_Handler
                0x00000000080018d8        0x6 ./Core/Src/stm32f3xx_it.o
                0x00000000080018d8                UsageFault_Handler
 .text.DebugMon_Handler
                0x00000000080018de        0xe ./Core/Src/stm32f3xx_it.o
                0x00000000080018de                DebugMon_Handler
 .text.I2C1_EV_IRQHandler
                0x00000000080018ec       0x14 ./Core/Src/stm32f3xx_it.o
                0x00000000080018ec                I2C1_EV_IRQHandler
 .text.TIM6_DAC_IRQHandler
                0x0000000008001900       0x14 ./Core/Src/stm32f3xx_it.o
                0x0000000008001900                TIM6_DAC_IRQHandler
 .text.SystemInit
                0x0000000008001914       0x24 ./Core/Src/system_stm32f3xx.o
                0x0000000008001914                SystemInit
 .text.Reset_Handler
                0x0000000008001938       0x50 ./Core/Startup/startup_stm32f303vctx.o
                0x0000000008001938                Reset_Handler
 .text.Default_Handler
                0x0000000008001988        0x2 ./Core/Startup/startup_stm32f303vctx.o
                0x0000000008001988                RTC_Alarm_IRQHandler
                0x0000000008001988                TIM8_TRG_COM_IRQHandler
                0x0000000008001988                TIM8_CC_IRQHandler
                0x0000000008001988                TIM1_CC_IRQHandler
                0x0000000008001988                USB_HP_IRQHandler
                0x0000000008001988                PVD_IRQHandler
                0x0000000008001988                TAMP_STAMP_IRQHandler
                0x0000000008001988                EXTI3_IRQHandler
                0x0000000008001988                USB_HP_CAN_TX_IRQHandler
                0x0000000008001988                EXTI0_IRQHandler
                0x0000000008001988                I2C2_EV_IRQHandler
                0x0000000008001988                FPU_IRQHandler
                0x0000000008001988                TIM1_UP_TIM16_IRQHandler
                0x0000000008001988                ADC1_2_IRQHandler
                0x0000000008001988                SPI1_IRQHandler
                0x0000000008001988                CAN_SCE_IRQHandler
                0x0000000008001988                TIM8_UP_IRQHandler
                0x0000000008001988                DMA2_Channel2_IRQHandler
                0x0000000008001988                DMA1_Channel4_IRQHandler
                0x0000000008001988                USART3_IRQHandler
                0x0000000008001988                DMA1_Channel7_IRQHandler
                0x0000000008001988                UART5_IRQHandler
                0x0000000008001988                ADC3_IRQHandler
                0x0000000008001988                TIM4_IRQHandler
                0x0000000008001988                CAN_RX1_IRQHandler
                0x0000000008001988                DMA2_Channel1_IRQHandler
                0x0000000008001988                DMA1_Channel6_IRQHandler
                0x0000000008001988                UART4_IRQHandler
                0x0000000008001988                DMA2_Channel4_IRQHandler
                0x0000000008001988                TIM3_IRQHandler
                0x0000000008001988                RCC_IRQHandler
                0x0000000008001988                DMA1_Channel1_IRQHandler
                0x0000000008001988                Default_Handler
                0x0000000008001988                USBWakeUp_RMP_IRQHandler
                0x0000000008001988                EXTI15_10_IRQHandler
                0x0000000008001988                TIM7_IRQHandler
                0x0000000008001988                EXTI9_5_IRQHandler
                0x0000000008001988                RTC_WKUP_IRQHandler
                0x0000000008001988                SPI2_IRQHandler
                0x0000000008001988                USB_LP_CAN_RX0_IRQHandler
                0x0000000008001988                DMA2_Channel5_IRQHandler
                0x0000000008001988                DMA1_Channel5_IRQHandler
                0x0000000008001988                USB_LP_IRQHandler
                0x0000000008001988                EXTI4_IRQHandler
                0x0000000008001988                TIM1_TRG_COM_TIM17_IRQHandler
                0x0000000008001988                DMA1_Channel3_IRQHandler
                0x0000000008001988                ADC4_IRQHandler
                0x0000000008001988                WWDG_IRQHandler
                0x0000000008001988                TIM2_IRQHandler
                0x0000000008001988                COMP7_IRQHandler
                0x0000000008001988                COMP1_2_3_IRQHandler
                0x0000000008001988                EXTI1_IRQHandler
                0x0000000008001988                USART2_IRQHandler
                0x0000000008001988                COMP4_5_6_IRQHandler
                0x0000000008001988                I2C2_ER_IRQHandler
                0x0000000008001988                DMA1_Channel2_IRQHandler
                0x0000000008001988                TIM8_BRK_IRQHandler
                0x0000000008001988                FLASH_IRQHandler
                0x0000000008001988                USART1_IRQHandler
                0x0000000008001988                SPI3_IRQHandler
                0x0000000008001988                I2C1_ER_IRQHandler
                0x0000000008001988                USBWakeUp_IRQHandler
                0x0000000008001988                DMA2_Channel3_IRQHandler
                0x0000000008001988                EXTI2_TSC_IRQHandler
                0x0000000008001988                TIM1_BRK_TIM15_IRQHandler
 *fill*         0x000000000800198a        0x2 
 .text.HAL_Init
                0x000000000800198c       0x2c ./Drivers/STM32F3xx_HAL_Driver/Src/stm32f3xx_hal.o
                0x000000000800198c                HAL_Init
 .text.HAL_IncTick
                0x00000000080019b8       0x28 ./Drivers/STM32F3xx_HAL_Driver/Src/stm32f3xx_hal.o
                0x00000000080019b8                HAL_IncTick
 .text.HAL_GetTick
                0x00000000080019e0       0x18 ./Drivers/STM32F3xx_HAL_Driver/Src/stm32f3xx_hal.o
                0x00000000080019e0                HAL_GetTick
 .text.HAL_ADC_Init
                0x00000000080019f8      0x3c0 ./Drivers/STM32F3xx_HAL_Driver/Src/stm32f3xx_hal_adc_ex.o
                0x00000000080019f8                HAL_ADC_Init
 .text.HAL_ADC_Start
                0x0000000008001db8      0x22c ./Drivers/STM32F3xx_HAL_Driver/Src/stm32f3xx_hal_adc_ex.o
                0x0000000008001db8                HAL_ADC_Start
 .text.HAL_ADC_Stop
                0x0000000008001fe4       0x6a ./Drivers/STM32F3xx_HAL_Driver/Src/stm32f3xx_hal_adc_ex.o
                0x0000000008001fe4                HAL_ADC_Stop
 *fill*         0x000000000800204e        0x2 
 .text.HAL_ADC_PollForConversion
                0x0000000008002050      0x204 ./Drivers/STM32F3xx_HAL_Driver/Src/stm32f3xx_hal_adc_ex.o
                0x0000000008002050                HAL_ADC_PollForConversion
 .text.HAL_ADC_GetValue
                0x0000000008002254       0x1a ./Drivers/STM32F3xx_HAL_Driver/Src/stm32f3xx_hal_adc_ex.o
                0x0000000008002254                HAL_ADC_GetValue
 *fill*         0x000000000800226e        0x2 
 .text.HAL_ADC_ConfigChannel
                0x0000000008002270      0x5d8 ./Drivers/STM32F3xx_HAL_Driver/Src/stm32f3xx_hal_adc_ex.o
                0x0000000008002270                HAL_ADC_ConfigChannel
 .text.HAL_ADCEx_MultiModeConfigChannel
                0x0000000008002848      0x1e4 ./Drivers/STM32F3xx_HAL_Driver/Src/stm32f3xx_hal_adc_ex.o
                0x0000000008002848                HAL_ADCEx_MultiModeConfigChannel
 .text.ADC_Enable
                0x0000000008002a2c       0xc8 ./Drivers/STM32F3xx_HAL_Driver/Src/stm32f3xx_hal_adc_ex.o
 .text.ADC_Disable
                0x0000000008002af4       0xcc ./Drivers/STM32F3xx_HAL_Driver/Src/stm32f3xx_hal_adc_ex.o
 .text.ADC_ConversionStop
                0x0000000008002bc0      0x16c ./Drivers/STM32F3xx_HAL_Driver/Src/stm32f3xx_hal_adc_ex.o
 .text.__NVIC_SetPriorityGrouping
                0x0000000008002d2c       0x48 ./Drivers/STM32F3xx_HAL_Driver/Src/stm32f3xx_hal_cortex.o
 .text.__NVIC_GetPriorityGrouping
                0x0000000008002d74       0x1c ./Drivers/STM32F3xx_HAL_Driver/Src/stm32f3xx_hal_cortex.o
 .text.__NVIC_EnableIRQ
                0x0000000008002d90       0x3c ./Drivers/STM32F3xx_HAL_Driver/Src/stm32f3xx_hal_cortex.o
 .text.__NVIC_SetPriority
                0x0000000008002dcc       0x54 ./Drivers/STM32F3xx_HAL_Driver/Src/stm32f3xx_hal_cortex.o
 .text.NVIC_EncodePriority
                0x0000000008002e20       0x66 ./Drivers/STM32F3xx_HAL_Driver/Src/stm32f3xx_hal_cortex.o
 .text.HAL_NVIC_SetPriorityGrouping
                0x0000000008002e86       0x16 ./Drivers/STM32F3xx_HAL_Driver/Src/stm32f3xx_hal_cortex.o
                0x0000000008002e86                HAL_NVIC_SetPriorityGrouping
 .text.HAL_NVIC_SetPriority
                0x0000000008002e9c       0x38 ./Drivers/STM32F3xx_HAL_Driver/Src/stm32f3xx_hal_cortex.o
                0x0000000008002e9c                HAL_NVIC_SetPriority
 .text.HAL_NVIC_EnableIRQ
                0x0000000008002ed4       0x1c ./Drivers/STM32F3xx_HAL_Driver/Src/stm32f3xx_hal_cortex.o
                0x0000000008002ed4                HAL_NVIC_EnableIRQ
 .text.HAL_GPIO_Init
                0x0000000008002ef0      0x2f4 ./Drivers/STM32F3xx_HAL_Driver/Src/stm32f3xx_hal_gpio.o
                0x0000000008002ef0                HAL_GPIO_Init
 .text.HAL_GPIO_WritePin
                0x00000000080031e4       0x30 ./Drivers/STM32F3xx_HAL_Driver/Src/stm32f3xx_hal_gpio.o
                0x00000000080031e4                HAL_GPIO_WritePin
 .text.HAL_PCD_Init
                0x0000000008003214      0x1bc ./Drivers/STM32F3xx_HAL_Driver/Src/stm32f3xx_hal_pcd.o
                0x0000000008003214                HAL_PCD_Init
 .text.HAL_RCC_OscConfig
                0x00000000080033d0      0xe10 ./Drivers/STM32F3xx_HAL_Driver/Src/stm32f3xx_hal_rcc.o
                0x00000000080033d0                HAL_RCC_OscConfig
 .text.HAL_RCC_ClockConfig
                0x00000000080041e0      0x2f8 ./Drivers/STM32F3xx_HAL_Driver/Src/stm32f3xx_hal_rcc.o
                0x00000000080041e0                HAL_RCC_ClockConfig
 .text.HAL_RCC_GetSysClockFreq
                0x00000000080044d8       0xd4 ./Drivers/STM32F3xx_HAL_Driver/Src/stm32f3xx_hal_rcc.o
                0x00000000080044d8                HAL_RCC_GetSysClockFreq
 .text.HAL_RCC_GetHCLKFreq
                0x00000000080045ac       0x18 ./Drivers/STM32F3xx_HAL_Driver/Src/stm32f3xx_hal_rcc.o
                0x00000000080045ac                HAL_RCC_GetHCLKFreq
 .text.HAL_RCC_GetPCLK1Freq
                0x00000000080045c4       0x44 ./Drivers/STM32F3xx_HAL_Driver/Src/stm32f3xx_hal_rcc.o
                0x00000000080045c4                HAL_RCC_GetPCLK1Freq
 .text.HAL_RCC_GetClockConfig
                0x0000000008004608       0x64 ./Drivers/STM32F3xx_HAL_Driver/Src/stm32f3xx_hal_rcc.o
                0x0000000008004608                HAL_RCC_GetClockConfig
 .text.HAL_RCCEx_PeriphCLKConfig
                0x000000000800466c      0x360 ./Drivers/STM32F3xx_HAL_Driver/Src/stm32f3xx_hal_rcc_ex.o
                0x000000000800466c                HAL_RCCEx_PeriphCLKConfig
 .text.HAL_SMBUS_Init
                0x00000000080049cc      0x170 ./Drivers/STM32F3xx_HAL_Driver/Src/stm32f3xx_hal_smbus.o
                0x00000000080049cc                HAL_SMBUS_Init
 .text.HAL_SMBUS_EV_IRQHandler
                0x0000000008004b3c      0x15c ./Drivers/STM32F3xx_HAL_Driver/Src/stm32f3xx_hal_smbus.o
                0x0000000008004b3c                HAL_SMBUS_EV_IRQHandler
 .text.HAL_SMBUS_MasterTxCpltCallback
                0x0000000008004c98       0x14 ./Drivers/STM32F3xx_HAL_Driver/Src/stm32f3xx_hal_smbus.o
                0x0000000008004c98                HAL_SMBUS_MasterTxCpltCallback
 .text.HAL_SMBUS_MasterRxCpltCallback
                0x0000000008004cac       0x14 ./Drivers/STM32F3xx_HAL_Driver/Src/stm32f3xx_hal_smbus.o
                0x0000000008004cac                HAL_SMBUS_MasterRxCpltCallback
 .text.HAL_SMBUS_SlaveTxCpltCallback
                0x0000000008004cc0       0x14 ./Drivers/STM32F3xx_HAL_Driver/Src/stm32f3xx_hal_smbus.o
                0x0000000008004cc0                HAL_SMBUS_SlaveTxCpltCallback
 .text.HAL_SMBUS_SlaveRxCpltCallback
                0x0000000008004cd4       0x14 ./Drivers/STM32F3xx_HAL_Driver/Src/stm32f3xx_hal_smbus.o
                0x0000000008004cd4                HAL_SMBUS_SlaveRxCpltCallback
 .text.HAL_SMBUS_AddrCallback
                0x0000000008004ce8       0x1c ./Drivers/STM32F3xx_HAL_Driver/Src/stm32f3xx_hal_smbus.o
                0x0000000008004ce8                HAL_SMBUS_AddrCallback
 .text.HAL_SMBUS_ListenCpltCallback
                0x0000000008004d04       0x14 ./Drivers/STM32F3xx_HAL_Driver/Src/stm32f3xx_hal_smbus.o
                0x0000000008004d04                HAL_SMBUS_ListenCpltCallback
 .text.HAL_SMBUS_ErrorCallback
                0x0000000008004d18       0x14 ./Drivers/STM32F3xx_HAL_Driver/Src/stm32f3xx_hal_smbus.o
                0x0000000008004d18                HAL_SMBUS_ErrorCallback
 .text.SMBUS_Master_ISR
                0x0000000008004d2c      0x3b0 ./Drivers/STM32F3xx_HAL_Driver/Src/stm32f3xx_hal_smbus.o
 .text.SMBUS_Slave_ISR
                0x00000000080050dc      0x3b8 ./Drivers/STM32F3xx_HAL_Driver/Src/stm32f3xx_hal_smbus.o
 .text.SMBUS_Disable_IRQ
                0x0000000008005494       0xfa ./Drivers/STM32F3xx_HAL_Driver/Src/stm32f3xx_hal_smbus.o
 .text.SMBUS_ITErrorHandler
                0x000000000800558e      0x164 ./Drivers/STM32F3xx_HAL_Driver/Src/stm32f3xx_hal_smbus.o
 *fill*         0x00000000080056f2        0x2 
 .text.SMBUS_TransferConfig
                0x00000000080056f4       0x5c ./Drivers/STM32F3xx_HAL_Driver/Src/stm32f3xx_hal_smbus.o
 .text.HAL_TIM_Base_Init
                0x0000000008005750       0xae ./Drivers/STM32F3xx_HAL_Driver/Src/stm32f3xx_hal_tim.o
                0x0000000008005750                HAL_TIM_Base_Init
 .text.HAL_TIM_Base_MspInit
                0x00000000080057fe       0x14 ./Drivers/STM32F3xx_HAL_Driver/Src/stm32f3xx_hal_tim.o
                0x00000000080057fe                HAL_TIM_Base_MspInit
 *fill*         0x0000000008005812        0x2 
 .text.HAL_TIM_Base_Start_IT
                0x0000000008005814       0xd4 ./Drivers/STM32F3xx_HAL_Driver/Src/stm32f3xx_hal_tim.o
                0x0000000008005814                HAL_TIM_Base_Start_IT
 .text.HAL_TIM_IRQHandler
                0x00000000080058e8      0x23e ./Drivers/STM32F3xx_HAL_Driver/Src/stm32f3xx_hal_tim.o
                0x00000000080058e8                HAL_TIM_IRQHandler
 .text.HAL_TIM_OC_DelayElapsedCallback
                0x0000000008005b26       0x14 ./Drivers/STM32F3xx_HAL_Driver/Src/stm32f3xx_hal_tim.o
                0x0000000008005b26                HAL_TIM_OC_DelayElapsedCallback
 .text.HAL_TIM_IC_CaptureCallback
                0x0000000008005b3a       0x14 ./Drivers/STM32F3xx_HAL_Driver/Src/stm32f3xx_hal_tim.o
                0x0000000008005b3a                HAL_TIM_IC_CaptureCallback
 .text.HAL_TIM_PWM_PulseFinishedCallback
                0x0000000008005b4e       0x14 ./Drivers/STM32F3xx_HAL_Driver/Src/stm32f3xx_hal_tim.o
                0x0000000008005b4e                HAL_TIM_PWM_PulseFinishedCallback
 .text.HAL_TIM_TriggerCallback
                0x0000000008005b62       0x14 ./Drivers/STM32F3xx_HAL_Driver/Src/stm32f3xx_hal_tim.o
                0x0000000008005b62                HAL_TIM_TriggerCallback
 *fill*         0x0000000008005b76        0x2 
 .text.TIM_Base_SetConfig
                0x0000000008005b78      0x120 ./Drivers/STM32F3xx_HAL_Driver/Src/stm32f3xx_hal_tim.o
                0x0000000008005b78                TIM_Base_SetConfig
 .text.HAL_TIMEx_CommutCallback
                0x0000000008005c98       0x14 ./Drivers/STM32F3xx_HAL_Driver/Src/stm32f3xx_hal_tim_ex.o
                0x0000000008005c98                HAL_TIMEx_CommutCallback
 .text.HAL_TIMEx_BreakCallback
                0x0000000008005cac       0x14 ./Drivers/STM32F3xx_HAL_Driver/Src/stm32f3xx_hal_tim_ex.o
                0x0000000008005cac                HAL_TIMEx_BreakCallback
 .text.HAL_TIMEx_Break2Callback
                0x0000000008005cc0       0x14 ./Drivers/STM32F3xx_HAL_Driver/Src/stm32f3xx_hal_tim_ex.o
                0x0000000008005cc0                HAL_TIMEx_Break2Callback
 .text.USB_DisableGlobalInt
                0x0000000008005cd4       0x36 ./Drivers/STM32F3xx_HAL_Driver/Src/stm32f3xx_ll_usb.o
                0x0000000008005cd4                USB_DisableGlobalInt
 .text.USB_DevInit
                0x0000000008005d0a       0x42 ./Drivers/STM32F3xx_HAL_Driver/Src/stm32f3xx_ll_usb.o
                0x0000000008005d0a                USB_DevInit
 .text.makeFreeRtosPriority
                0x0000000008005d4c       0x30 ./Middlewares/Third_Party/FreeRTOS/Source/CMSIS_RTOS/cmsis_os.o
 .text.inHandlerMode
                0x0000000008005d7c       0x24 ./Middlewares/Third_Party/FreeRTOS/Source/CMSIS_RTOS/cmsis_os.o
 .text.osKernelStart
                0x0000000008005da0        0xe ./Middlewares/Third_Party/FreeRTOS/Source/CMSIS_RTOS/cmsis_os.o
                0x0000000008005da0                osKernelStart
 .text.osThreadCreate
                0x0000000008005dae       0x98 ./Middlewares/Third_Party/FreeRTOS/Source/CMSIS_RTOS/cmsis_os.o
                0x0000000008005dae                osThreadCreate
 .text.osDelay  0x0000000008005e46       0x28 ./Middlewares/Third_Party/FreeRTOS/Source/CMSIS_RTOS/cmsis_os.o
                0x0000000008005e46                osDelay
 .text.osMutexCreate
                0x0000000008005e6e       0x30 ./Middlewares/Third_Party/FreeRTOS/Source/CMSIS_RTOS/cmsis_os.o
                0x0000000008005e6e                osMutexCreate
 *fill*         0x0000000008005e9e        0x2 
 .text.osMutexWait
                0x0000000008005ea0       0x9c ./Middlewares/Third_Party/FreeRTOS/Source/CMSIS_RTOS/cmsis_os.o
                0x0000000008005ea0                osMutexWait
 .text.osMutexRelease
                0x0000000008005f3c       0x6c ./Middlewares/Third_Party/FreeRTOS/Source/CMSIS_RTOS/cmsis_os.o
                0x0000000008005f3c                osMutexRelease
 .text.osSemaphoreCreate
                0x0000000008005fa8       0x64 ./Middlewares/Third_Party/FreeRTOS/Source/CMSIS_RTOS/cmsis_os.o
                0x0000000008005fa8                osSemaphoreCreate
 .text.vListInitialise
                0x000000000800600c       0x40 ./Middlewares/Third_Party/FreeRTOS/Source/list.o
                0x000000000800600c                vListInitialise
 .text.vListInitialiseItem
                0x000000000800604c       0x1a ./Middlewares/Third_Party/FreeRTOS/Source/list.o
                0x000000000800604c                vListInitialiseItem
 .text.vListInsertEnd
                0x0000000008006066       0x48 ./Middlewares/Third_Party/FreeRTOS/Source/list.o
                0x0000000008006066                vListInsertEnd
 .text.vListInsert
                0x00000000080060ae       0x72 ./Middlewares/Third_Party/FreeRTOS/Source/list.o
                0x00000000080060ae                vListInsert
 .text.uxListRemove
                0x0000000008006120       0x54 ./Middlewares/Third_Party/FreeRTOS/Source/list.o
                0x0000000008006120                uxListRemove
 .text.xQueueGenericReset
                0x0000000008006174       0xd0 ./Middlewares/Third_Party/FreeRTOS/Source/queue.o
                0x0000000008006174                xQueueGenericReset
 .text.xQueueGenericCreateStatic
                0x0000000008006244       0xee ./Middlewares/Third_Party/FreeRTOS/Source/queue.o
                0x0000000008006244                xQueueGenericCreateStatic
 .text.xQueueGenericCreate
                0x0000000008006332       0x7c ./Middlewares/Third_Party/FreeRTOS/Source/queue.o
                0x0000000008006332                xQueueGenericCreate
 .text.prvInitialiseNewQueue
                0x00000000080063ae       0x3e ./Middlewares/Third_Party/FreeRTOS/Source/queue.o
 .text.prvInitialiseMutex
                0x00000000080063ec       0x34 ./Middlewares/Third_Party/FreeRTOS/Source/queue.o
 .text.xQueueCreateMutex
                0x0000000008006420       0x30 ./Middlewares/Third_Party/FreeRTOS/Source/queue.o
                0x0000000008006420                xQueueCreateMutex
 .text.xQueueCreateMutexStatic
                0x0000000008006450       0x36 ./Middlewares/Third_Party/FreeRTOS/Source/queue.o
                0x0000000008006450                xQueueCreateMutexStatic
 *fill*         0x0000000008006486        0x2 
 .text.xQueueGenericSend
                0x0000000008006488      0x1fc ./Middlewares/Third_Party/FreeRTOS/Source/queue.o
                0x0000000008006488                xQueueGenericSend
 .text.xQueueGiveFromISR
                0x0000000008006684      0x11a ./Middlewares/Third_Party/FreeRTOS/Source/queue.o
                0x0000000008006684                xQueueGiveFromISR
 *fill*         0x000000000800679e        0x2 
 .text.xQueueSemaphoreTake
                0x00000000080067a0      0x218 ./Middlewares/Third_Party/FreeRTOS/Source/queue.o
                0x00000000080067a0                xQueueSemaphoreTake
 .text.xQueueReceiveFromISR
                0x00000000080069b8      0x100 ./Middlewares/Third_Party/FreeRTOS/Source/queue.o
                0x00000000080069b8                xQueueReceiveFromISR
 .text.prvGetDisinheritPriorityAfterTimeout
                0x0000000008006ab8       0x30 ./Middlewares/Third_Party/FreeRTOS/Source/queue.o
 .text.prvCopyDataToQueue
                0x0000000008006ae8       0xd4 ./Middlewares/Third_Party/FreeRTOS/Source/queue.o
 .text.prvCopyDataFromQueue
                0x0000000008006bbc       0x4c ./Middlewares/Third_Party/FreeRTOS/Source/queue.o
 .text.prvUnlockQueue
                0x0000000008006c08       0xa4 ./Middlewares/Third_Party/FreeRTOS/Source/queue.o
 .text.prvIsQueueEmpty
                0x0000000008006cac       0x2c ./Middlewares/Third_Party/FreeRTOS/Source/queue.o
 .text.prvIsQueueFull
                0x0000000008006cd8       0x30 ./Middlewares/Third_Party/FreeRTOS/Source/queue.o
 .text.xTaskCreateStatic
                0x0000000008006d08       0xb8 ./Middlewares/Third_Party/FreeRTOS/Source/tasks.o
                0x0000000008006d08                xTaskCreateStatic
 .text.xTaskCreate
                0x0000000008006dc0       0x8a ./Middlewares/Third_Party/FreeRTOS/Source/tasks.o
                0x0000000008006dc0                xTaskCreate
 .text.prvInitialiseNewTask
                0x0000000008006e4a       0xfe ./Middlewares/Third_Party/FreeRTOS/Source/tasks.o
 .text.prvAddNewTaskToReadyList
                0x0000000008006f48       0xd4 ./Middlewares/Third_Party/FreeRTOS/Source/tasks.o
 .text.vTaskDelay
                0x000000000800701c       0x68 ./Middlewares/Third_Party/FreeRTOS/Source/tasks.o
                0x000000000800701c                vTaskDelay
 .text.vTaskStartScheduler
                0x0000000008007084       0xc0 ./Middlewares/Third_Party/FreeRTOS/Source/tasks.o
                0x0000000008007084                vTaskStartScheduler
 .text.vTaskSuspendAll
                0x0000000008007144       0x1c ./Middlewares/Third_Party/FreeRTOS/Source/tasks.o
                0x0000000008007144                vTaskSuspendAll
 .text.xTaskResumeAll
                0x0000000008007160      0x138 ./Middlewares/Third_Party/FreeRTOS/Source/tasks.o
                0x0000000008007160                xTaskResumeAll
 .text.xTaskIncrementTick
                0x0000000008007298      0x17c ./Middlewares/Third_Party/FreeRTOS/Source/tasks.o
                0x0000000008007298                xTaskIncrementTick
 .text.vTaskSwitchContext
                0x0000000008007414       0xb8 ./Middlewares/Third_Party/FreeRTOS/Source/tasks.o
                0x0000000008007414                vTaskSwitchContext
 .text.vTaskPlaceOnEventList
                0x00000000080074cc       0x48 ./Middlewares/Third_Party/FreeRTOS/Source/tasks.o
                0x00000000080074cc                vTaskPlaceOnEventList
 .text.xTaskRemoveFromEventList
                0x0000000008007514       0xc4 ./Middlewares/Third_Party/FreeRTOS/Source/tasks.o
                0x0000000008007514                xTaskRemoveFromEventList
 .text.vTaskInternalSetTimeOutState
                0x00000000080075d8       0x2c ./Middlewares/Third_Party/FreeRTOS/Source/tasks.o
                0x00000000080075d8                vTaskInternalSetTimeOutState
 .text.xTaskCheckForTimeOut
                0x0000000008007604       0xc4 ./Middlewares/Third_Party/FreeRTOS/Source/tasks.o
                0x0000000008007604                xTaskCheckForTimeOut
 .text.vTaskMissedYield
                0x00000000080076c8       0x18 ./Middlewares/Third_Party/FreeRTOS/Source/tasks.o
                0x00000000080076c8                vTaskMissedYield
 .text.prvIdleTask
                0x00000000080076e0       0x30 ./Middlewares/Third_Party/FreeRTOS/Source/tasks.o
 .text.prvInitialiseTaskLists
                0x0000000008007710       0x80 ./Middlewares/Third_Party/FreeRTOS/Source/tasks.o
 .text.prvCheckTasksWaitingTermination
                0x0000000008007790       0x5c ./Middlewares/Third_Party/FreeRTOS/Source/tasks.o
 .text.prvDeleteTCB
                0x00000000080077ec       0x5e ./Middlewares/Third_Party/FreeRTOS/Source/tasks.o
 *fill*         0x000000000800784a        0x2 
 .text.prvResetNextTaskUnblockTime
                0x000000000800784c       0x4c ./Middlewares/Third_Party/FreeRTOS/Source/tasks.o
 .text.xTaskGetSchedulerState
                0x0000000008007898       0x3c ./Middlewares/Third_Party/FreeRTOS/Source/tasks.o
                0x0000000008007898                xTaskGetSchedulerState
 .text.xTaskPriorityInherit
                0x00000000080078d4      0x10c ./Middlewares/Third_Party/FreeRTOS/Source/tasks.o
                0x00000000080078d4                xTaskPriorityInherit
 .text.xTaskPriorityDisinherit
                0x00000000080079e0      0x10c ./Middlewares/Third_Party/FreeRTOS/Source/tasks.o
                0x00000000080079e0                xTaskPriorityDisinherit
 .text.vTaskPriorityDisinheritAfterTimeout
                0x0000000008007aec      0x140 ./Middlewares/Third_Party/FreeRTOS/Source/tasks.o
                0x0000000008007aec                vTaskPriorityDisinheritAfterTimeout
 .text.pvTaskIncrementMutexHeldCount
                0x0000000008007c2c       0x28 ./Middlewares/Third_Party/FreeRTOS/Source/tasks.o
                0x0000000008007c2c                pvTaskIncrementMutexHeldCount
 .text.prvAddCurrentTaskToDelayedList
                0x0000000008007c54       0xcc ./Middlewares/Third_Party/FreeRTOS/Source/tasks.o
 .text.pxPortInitialiseStack
                0x0000000008007d20       0x68 ./Middlewares/Third_Party/FreeRTOS/Source/portable/GCC/ARM_CM4F/port.o
                0x0000000008007d20                pxPortInitialiseStack
 .text.prvTaskExitError
                0x0000000008007d88       0x58 ./Middlewares/Third_Party/FreeRTOS/Source/portable/GCC/ARM_CM4F/port.o
 .text.SVC_Handler
                0x0000000008007de0       0x28 ./Middlewares/Third_Party/FreeRTOS/Source/portable/GCC/ARM_CM4F/port.o
                0x0000000008007de0                SVC_Handler
 .text.prvPortStartFirstTask
                0x0000000008007e08       0x28 ./Middlewares/Third_Party/FreeRTOS/Source/portable/GCC/ARM_CM4F/port.o
 .text.xPortStartScheduler
                0x0000000008007e30      0x144 ./Middlewares/Third_Party/FreeRTOS/Source/portable/GCC/ARM_CM4F/port.o
                0x0000000008007e30                xPortStartScheduler
 .text.vPortEnterCritical
                0x0000000008007f74       0x60 ./Middlewares/Third_Party/FreeRTOS/Source/portable/GCC/ARM_CM4F/port.o
                0x0000000008007f74                vPortEnterCritical
 .text.vPortExitCritical
                0x0000000008007fd4       0x54 ./Middlewares/Third_Party/FreeRTOS/Source/portable/GCC/ARM_CM4F/port.o
                0x0000000008007fd4                vPortExitCritical
 *fill*         0x0000000008008028        0x8 
 .text.PendSV_Handler
                0x0000000008008030       0x68 ./Middlewares/Third_Party/FreeRTOS/Source/portable/GCC/ARM_CM4F/port.o
                0x0000000008008030                PendSV_Handler
 .text.SysTick_Handler
                0x0000000008008098       0x44 ./Middlewares/Third_Party/FreeRTOS/Source/portable/GCC/ARM_CM4F/port.o
                0x0000000008008098                SysTick_Handler
 .text.vPortSetupTimerInterrupt
                0x00000000080080dc       0x48 ./Middlewares/Third_Party/FreeRTOS/Source/portable/GCC/ARM_CM4F/port.o
                0x00000000080080dc                vPortSetupTimerInterrupt
 .text.vPortEnableVFP
                0x0000000008008124       0x14 ./Middlewares/Third_Party/FreeRTOS/Source/portable/GCC/ARM_CM4F/port.o
 .text.vPortValidateInterruptPriority
                0x0000000008008138       0x80 ./Middlewares/Third_Party/FreeRTOS/Source/portable/GCC/ARM_CM4F/port.o
                0x0000000008008138                vPortValidateInterruptPriority
 .text.pvPortMalloc
                0x00000000080081b8      0x188 ./Middlewares/Third_Party/FreeRTOS/Source/portable/MemMang/heap_4.o
                0x00000000080081b8                pvPortMalloc
 .text.vPortFree
                0x0000000008008340       0xb4 ./Middlewares/Third_Party/FreeRTOS/Source/portable/MemMang/heap_4.o
                0x0000000008008340                vPortFree
 .text.prvHeapInit
                0x00000000080083f4       0xc4 ./Middlewares/Third_Party/FreeRTOS/Source/portable/MemMang/heap_4.o
 .text.prvInsertBlockIntoFreeList
                0x00000000080084b8       0xb4 ./Middlewares/Third_Party/FreeRTOS/Source/portable/MemMang/heap_4.o
 .text.__libc_init_array
                0x000000000800856c       0x48 d:/st/stm32cubeide_1.8.0/stm32cubeide/plugins/com.st.stm32cube.ide.mcu.externaltools.gnu-tools-for-stm32.9-2020-q2-update.win32_2.0.0.202105311346/tools/bin/../lib/gcc/arm-none-eabi/9.3.1/../../../../arm-none-eabi/lib/thumb/v7e-m+fp/hard\libc_nano.a(lib_a-init.o)
                0x000000000800856c                __libc_init_array
 .text.memcpy   0x00000000080085b4       0x1c d:/st/stm32cubeide_1.8.0/stm32cubeide/plugins/com.st.stm32cube.ide.mcu.externaltools.gnu-tools-for-stm32.9-2020-q2-update.win32_2.0.0.202105311346/tools/bin/../lib/gcc/arm-none-eabi/9.3.1/../../../../arm-none-eabi/lib/thumb/v7e-m+fp/hard\libc_nano.a(lib_a-memcpy-stub.o)
                0x00000000080085b4                memcpy
 .text.memset   0x00000000080085d0       0x10 d:/st/stm32cubeide_1.8.0/stm32cubeide/plugins/com.st.stm32cube.ide.mcu.externaltools.gnu-tools-for-stm32.9-2020-q2-update.win32_2.0.0.202105311346/tools/bin/../lib/gcc/arm-none-eabi/9.3.1/../../../../arm-none-eabi/lib/thumb/v7e-m+fp/hard\libc_nano.a(lib_a-memset.o)
                0x00000000080085d0                memset
 *(.glue_7)
 .glue_7        0x00000000080085e0        0x0 linker stubs
 *(.glue_7t)
 .glue_7t       0x00000000080085e0        0x0 linker stubs
 *(.eh_frame)
 .eh_frame      0x00000000080085e0        0x0 d:/st/stm32cubeide_1.8.0/stm32cubeide/plugins/com.st.stm32cube.ide.mcu.externaltools.gnu-tools-for-stm32.9-2020-q2-update.win32_2.0.0.202105311346/tools/bin/../lib/gcc/arm-none-eabi/9.3.1/thumb/v7e-m+fp/hard/crtbegin.o
 *(.init)
 .init          0x00000000080085e0        0x4 d:/st/stm32cubeide_1.8.0/stm32cubeide/plugins/com.st.stm32cube.ide.mcu.externaltools.gnu-tools-for-stm32.9-2020-q2-update.win32_2.0.0.202105311346/tools/bin/../lib/gcc/arm-none-eabi/9.3.1/thumb/v7e-m+fp/hard/crti.o
                0x00000000080085e0                _init
 .init          0x00000000080085e4        0x8 d:/st/stm32cubeide_1.8.0/stm32cubeide/plugins/com.st.stm32cube.ide.mcu.externaltools.gnu-tools-for-stm32.9-2020-q2-update.win32_2.0.0.202105311346/tools/bin/../lib/gcc/arm-none-eabi/9.3.1/thumb/v7e-m+fp/hard/crtn.o
 *(.fini)
 .fini          0x00000000080085ec        0x4 d:/st/stm32cubeide_1.8.0/stm32cubeide/plugins/com.st.stm32cube.ide.mcu.externaltools.gnu-tools-for-stm32.9-2020-q2-update.win32_2.0.0.202105311346/tools/bin/../lib/gcc/arm-none-eabi/9.3.1/thumb/v7e-m+fp/hard/crti.o
                0x00000000080085ec                _fini
 .fini          0x00000000080085f0        0x8 d:/st/stm32cubeide_1.8.0/stm32cubeide/plugins/com.st.stm32cube.ide.mcu.externaltools.gnu-tools-for-stm32.9-2020-q2-update.win32_2.0.0.202105311346/tools/bin/../lib/gcc/arm-none-eabi/9.3.1/thumb/v7e-m+fp/hard/crtn.o
                0x00000000080085f8                . = ALIGN (0x4)
                0x00000000080085f8                _etext = .

.vfp11_veneer   0x00000000080085f8        0x0
 .vfp11_veneer  0x00000000080085f8        0x0 linker stubs

.v4_bx          0x00000000080085f8        0x0
 .v4_bx         0x00000000080085f8        0x0 linker stubs

.iplt           0x00000000080085f8        0x0
 .iplt          0x00000000080085f8        0x0 d:/st/stm32cubeide_1.8.0/stm32cubeide/plugins/com.st.stm32cube.ide.mcu.externaltools.gnu-tools-for-stm32.9-2020-q2-update.win32_2.0.0.202105311346/tools/bin/../lib/gcc/arm-none-eabi/9.3.1/thumb/v7e-m+fp/hard/crtbegin.o

.rodata         0x00000000080085f8      0x210
                0x00000000080085f8                . = ALIGN (0x4)
 *(.rodata)
 .rodata        0x00000000080085f8      0x1ce ./Core/Src/main.o
 *fill*         0x00000000080087c6        0x2 
 .rodata        0x00000000080087c8        0x5 ./Middlewares/Third_Party/FreeRTOS/Source/tasks.o
 *(.rodata*)
 *fill*         0x00000000080087cd        0x3 
 .rodata.AHBPrescTable
                0x00000000080087d0       0x10 ./Core/Src/system_stm32f3xx.o
                0x00000000080087d0                AHBPrescTable
 .rodata.APBPrescTable
                0x00000000080087e0        0x8 ./Core/Src/system_stm32f3xx.o
                0x00000000080087e0                APBPrescTable
 .rodata.aPLLMULFactorTable
                0x00000000080087e8       0x10 ./Drivers/STM32F3xx_HAL_Driver/Src/stm32f3xx_hal_rcc.o
                0x00000000080087e8                aPLLMULFactorTable
 .rodata.aPredivFactorTable
                0x00000000080087f8       0x10 ./Drivers/STM32F3xx_HAL_Driver/Src/stm32f3xx_hal_rcc.o
                0x00000000080087f8                aPredivFactorTable
                0x0000000008008808                . = ALIGN (0x4)

.rel.dyn        0x0000000008008808        0x0
 .rel.iplt      0x0000000008008808        0x0 d:/st/stm32cubeide_1.8.0/stm32cubeide/plugins/com.st.stm32cube.ide.mcu.externaltools.gnu-tools-for-stm32.9-2020-q2-update.win32_2.0.0.202105311346/tools/bin/../lib/gcc/arm-none-eabi/9.3.1/thumb/v7e-m+fp/hard/crtbegin.o

.ARM.extab      0x0000000008008808        0x0
                0x0000000008008808                . = ALIGN (0x4)
 *(.ARM.extab* .gnu.linkonce.armextab.*)
                0x0000000008008808                . = ALIGN (0x4)

.ARM            0x0000000008008808        0x0
                0x0000000008008808                . = ALIGN (0x4)
                0x0000000008008808                __exidx_start = .
 *(.ARM.exidx*)
                0x0000000008008808                __exidx_end = .
                0x0000000008008808                . = ALIGN (0x4)

.preinit_array  0x0000000008008808        0x0
                0x0000000008008808                . = ALIGN (0x4)
                0x0000000008008808                PROVIDE (__preinit_array_start = .)
 *(.preinit_array*)
                0x0000000008008808                PROVIDE (__preinit_array_end = .)
                0x0000000008008808                . = ALIGN (0x4)

.init_array     0x0000000008008808        0x4
                0x0000000008008808                . = ALIGN (0x4)
                0x0000000008008808                PROVIDE (__init_array_start = .)
 *(SORT_BY_NAME(.init_array.*))
 *(.init_array*)
 .init_array    0x0000000008008808        0x4 d:/st/stm32cubeide_1.8.0/stm32cubeide/plugins/com.st.stm32cube.ide.mcu.externaltools.gnu-tools-for-stm32.9-2020-q2-update.win32_2.0.0.202105311346/tools/bin/../lib/gcc/arm-none-eabi/9.3.1/thumb/v7e-m+fp/hard/crtbegin.o
                0x000000000800880c                PROVIDE (__init_array_end = .)
                0x000000000800880c                . = ALIGN (0x4)

.fini_array     0x000000000800880c        0x4
                0x000000000800880c                . = ALIGN (0x4)
                [!provide]                        PROVIDE (__fini_array_start = .)
 *(SORT_BY_NAME(.fini_array.*))
 *(.fini_array*)
 .fini_array    0x000000000800880c        0x4 d:/st/stm32cubeide_1.8.0/stm32cubeide/plugins/com.st.stm32cube.ide.mcu.externaltools.gnu-tools-for-stm32.9-2020-q2-update.win32_2.0.0.202105311346/tools/bin/../lib/gcc/arm-none-eabi/9.3.1/thumb/v7e-m+fp/hard/crtbegin.o
                [!provide]                        PROVIDE (__fini_array_end = .)
                0x0000000008008810                . = ALIGN (0x4)
                0x0000000008008810                _sidata = LOADADDR (.data)

.data           0x0000000020000000       0x10 load address 0x0000000008008810
                0x0000000020000000                . = ALIGN (0x4)
                0x0000000020000000                _sdata = .
 *(.data)
 *(.data*)
 .data.SystemCoreClock
                0x0000000020000000        0x4 ./Core/Src/system_stm32f3xx.o
                0x0000000020000000                SystemCoreClock
 .data.uwTickPrio
                0x0000000020000004        0x4 ./Drivers/STM32F3xx_HAL_Driver/Src/stm32f3xx_hal.o
                0x0000000020000004                uwTickPrio
 .data.uwTickFreq
                0x0000000020000008        0x1 ./Drivers/STM32F3xx_HAL_Driver/Src/stm32f3xx_hal.o
                0x0000000020000008                uwTickFreq
 *fill*         0x0000000020000009        0x3 
 .data.uxCriticalNesting
                0x000000002000000c        0x4 ./Middlewares/Third_Party/FreeRTOS/Source/portable/GCC/ARM_CM4F/port.o
 *(.RamFunc)
 *(.RamFunc*)
                0x0000000020000010                . = ALIGN (0x4)
                0x0000000020000010                _edata = .
                0x0000000008008820                _siccmram = LOADADDR (.ccmram)

.igot.plt       0x0000000020000010        0x0 load address 0x0000000008008820
 .igot.plt      0x0000000020000010        0x0 d:/st/stm32cubeide_1.8.0/stm32cubeide/plugins/com.st.stm32cube.ide.mcu.externaltools.gnu-tools-for-stm32.9-2020-q2-update.win32_2.0.0.202105311346/tools/bin/../lib/gcc/arm-none-eabi/9.3.1/thumb/v7e-m+fp/hard/crtbegin.o

.ccmram         0x0000000010000000        0x0 load address 0x0000000008008820
                0x0000000010000000                . = ALIGN (0x4)
                0x0000000010000000                _sccmram = .
 *(.ccmram)
 *(.ccmram*)
                0x0000000010000000                . = ALIGN (0x4)
                0x0000000010000000                _eccmram = .
                0x0000000010000000                . = ALIGN (0x4)

.bss            0x0000000020000010     0x1548
                0x0000000020000010                _sbss = .
                0x0000000020000010                __bss_start__ = _sbss
 *(.bss)
 .bss           0x0000000020000010       0x1c d:/st/stm32cubeide_1.8.0/stm32cubeide/plugins/com.st.stm32cube.ide.mcu.externaltools.gnu-tools-for-stm32.9-2020-q2-update.win32_2.0.0.202105311346/tools/bin/../lib/gcc/arm-none-eabi/9.3.1/thumb/v7e-m+fp/hard/crtbegin.o
 *(.bss*)
 .bss.xIdleTaskTCBBuffer
                0x000000002000002c       0x54 ./Core/Src/freertos.o
 .bss.xIdleStack
                0x0000000020000080      0x200 ./Core/Src/freertos.o
 .bss.sConfig2  0x0000000020000280       0x18 ./Core/Src/main.o
                0x0000000020000280                sConfig2
 .bss.pxCurrentTCB
                0x0000000020000298        0x4 ./Middlewares/Third_Party/FreeRTOS/Source/tasks.o
                0x0000000020000298                pxCurrentTCB
 .bss.pxReadyTasksLists
                0x000000002000029c       0x8c ./Middlewares/Third_Party/FreeRTOS/Source/tasks.o
 .bss.xDelayedTaskList1
                0x0000000020000328       0x14 ./Middlewares/Third_Party/FreeRTOS/Source/tasks.o
 .bss.xDelayedTaskList2
                0x000000002000033c       0x14 ./Middlewares/Third_Party/FreeRTOS/Source/tasks.o
 .bss.pxDelayedTaskList
                0x0000000020000350        0x4 ./Middlewares/Third_Party/FreeRTOS/Source/tasks.o
 .bss.pxOverflowDelayedTaskList
                0x0000000020000354        0x4 ./Middlewares/Third_Party/FreeRTOS/Source/tasks.o
 .bss.xPendingReadyList
                0x0000000020000358       0x14 ./Middlewares/Third_Party/FreeRTOS/Source/tasks.o
 .bss.xTasksWaitingTermination
                0x000000002000036c       0x14 ./Middlewares/Third_Party/FreeRTOS/Source/tasks.o
 .bss.uxDeletedTasksWaitingCleanUp
                0x0000000020000380        0x4 ./Middlewares/Third_Party/FreeRTOS/Source/tasks.o
 .bss.xSuspendedTaskList
                0x0000000020000384       0x14 ./Middlewares/Third_Party/FreeRTOS/Source/tasks.o
 .bss.uxCurrentNumberOfTasks
                0x0000000020000398        0x4 ./Middlewares/Third_Party/FreeRTOS/Source/tasks.o
 .bss.xTickCount
                0x000000002000039c        0x4 ./Middlewares/Third_Party/FreeRTOS/Source/tasks.o
 .bss.uxTopReadyPriority
                0x00000000200003a0        0x4 ./Middlewares/Third_Party/FreeRTOS/Source/tasks.o
 .bss.xSchedulerRunning
                0x00000000200003a4        0x4 ./Middlewares/Third_Party/FreeRTOS/Source/tasks.o
 .bss.uxPendedTicks
                0x00000000200003a8        0x4 ./Middlewares/Third_Party/FreeRTOS/Source/tasks.o
 .bss.xYieldPending
                0x00000000200003ac        0x4 ./Middlewares/Third_Party/FreeRTOS/Source/tasks.o
 .bss.xNumOfOverflows
                0x00000000200003b0        0x4 ./Middlewares/Third_Party/FreeRTOS/Source/tasks.o
 .bss.uxTaskNumber
                0x00000000200003b4        0x4 ./Middlewares/Third_Party/FreeRTOS/Source/tasks.o
 .bss.xNextTaskUnblockTime
                0x00000000200003b8        0x4 ./Middlewares/Third_Party/FreeRTOS/Source/tasks.o
 .bss.xIdleTaskHandle
                0x00000000200003bc        0x4 ./Middlewares/Third_Party/FreeRTOS/Source/tasks.o
 .bss.uxSchedulerSuspended
                0x00000000200003c0        0x4 ./Middlewares/Third_Party/FreeRTOS/Source/tasks.o
 .bss.ucMaxSysCallPriority
                0x00000000200003c4        0x1 ./Middlewares/Third_Party/FreeRTOS/Source/portable/GCC/ARM_CM4F/port.o
 *fill*         0x00000000200003c5        0x3 
 .bss.ulMaxPRIGROUPValue
                0x00000000200003c8        0x4 ./Middlewares/Third_Party/FreeRTOS/Source/portable/GCC/ARM_CM4F/port.o
 .bss.ucHeap    0x00000000200003cc      0xc00 ./Middlewares/Third_Party/FreeRTOS/Source/portable/MemMang/heap_4.o
 .bss.xStart    0x0000000020000fcc        0x8 ./Middlewares/Third_Party/FreeRTOS/Source/portable/MemMang/heap_4.o
 .bss.pxEnd     0x0000000020000fd4        0x4 ./Middlewares/Third_Party/FreeRTOS/Source/portable/MemMang/heap_4.o
 .bss.xFreeBytesRemaining
                0x0000000020000fd8        0x4 ./Middlewares/Third_Party/FreeRTOS/Source/portable/MemMang/heap_4.o
 .bss.xMinimumEverFreeBytesRemaining
                0x0000000020000fdc        0x4 ./Middlewares/Third_Party/FreeRTOS/Source/portable/MemMang/heap_4.o
 .bss.xBlockAllocatedBit
                0x0000000020000fe0        0x4 ./Middlewares/Third_Party/FreeRTOS/Source/portable/MemMang/heap_4.o
 *(COMMON)
 COMMON         0x0000000020000fe4      0x524 ./Core/Src/main.o
                0x0000000020000fe4                Task02Handle
                0x0000000020000fe8                MutexADC1Handle
                0x0000000020000fec                TaskN06Handle
                0x0000000020000ff0                TaskN10Handle
                0x0000000020000ff4                PressureSensor
                0x000000002000102c                TaskN01Handle
                0x0000000020001030                TaskN07Handle
                0x0000000020001034                SemI2CHandle
                0x0000000020001038                Task04Handle
                0x000000002000103c                TaskN02Handle
                0x0000000020001040                HumiditySensor
                0x0000000020001078                hadc1
                0x00000000200010c8                IDLEHandle
                0x00000000200010cc                TaskN09Handle
                0x00000000200010d0                Task01_I2CHandle
                0x00000000200010d4                MatrizSensor
                0x0000000020001144                Task03Handle
                0x0000000020001148                TaskN04Handle
                0x000000002000114c                hsmbus1
                0x000000002000119c                Task05Handle
                0x00000000200011a0                InternalTemperatureSensor
                0x00000000200011d8                TaskN03Handle
                0x00000000200011dc                TaskN08Handle
                0x00000000200011e0                ExternalTemperatureSensor
                0x0000000020001218                hpcd_USB_FS
                0x0000000020001504                TaskN05Handle
 COMMON         0x0000000020001508       0x4c ./Core/Src/stm32f3xx_hal_timebase_tim.o
                0x0000000020001508                htim6
 COMMON         0x0000000020001554        0x4 ./Drivers/STM32F3xx_HAL_Driver/Src/stm32f3xx_hal.o
                0x0000000020001554                uwTick
                0x0000000020001558                . = ALIGN (0x4)
                0x0000000020001558                _ebss = .
                0x0000000020001558                __bss_end__ = _ebss

._user_heap_stack
                0x0000000020001558      0x600
                0x0000000020001558                . = ALIGN (0x8)
                [!provide]                        PROVIDE (end = .)
                0x0000000020001558                PROVIDE (_end = .)
                0x0000000020001758                . = (. + _Min_Heap_Size)
 *fill*         0x0000000020001558      0x200 
                0x0000000020001b58                . = (. + _Min_Stack_Size)
 *fill*         0x0000000020001758      0x400 
                0x0000000020001b58                . = ALIGN (0x8)

/DISCARD/
 libc.a(*)
 libm.a(*)
 libgcc.a(*)

.ARM.attributes
                0x0000000000000000       0x30
 *(.ARM.attributes)
 .ARM.attributes
                0x0000000000000000       0x1e d:/st/stm32cubeide_1.8.0/stm32cubeide/plugins/com.st.stm32cube.ide.mcu.externaltools.gnu-tools-for-stm32.9-2020-q2-update.win32_2.0.0.202105311346/tools/bin/../lib/gcc/arm-none-eabi/9.3.1/thumb/v7e-m+fp/hard/crti.o
 .ARM.attributes
                0x000000000000001e       0x34 d:/st/stm32cubeide_1.8.0/stm32cubeide/plugins/com.st.stm32cube.ide.mcu.externaltools.gnu-tools-for-stm32.9-2020-q2-update.win32_2.0.0.202105311346/tools/bin/../lib/gcc/arm-none-eabi/9.3.1/thumb/v7e-m+fp/hard/crtbegin.o
 .ARM.attributes
                0x0000000000000052       0x34 ./Core/Src/freertos.o
 .ARM.attributes
                0x0000000000000086       0x34 ./Core/Src/main.o
 .ARM.attributes
                0x00000000000000ba       0x34 ./Core/Src/stm32f3xx_hal_msp.o
 .ARM.attributes
                0x00000000000000ee       0x34 ./Core/Src/stm32f3xx_hal_timebase_tim.o
 .ARM.attributes
                0x0000000000000122       0x34 ./Core/Src/stm32f3xx_it.o
 .ARM.attributes
                0x0000000000000156       0x34 ./Core/Src/system_stm32f3xx.o
 .ARM.attributes
                0x000000000000018a       0x21 ./Core/Startup/startup_stm32f303vctx.o
 .ARM.attributes
                0x00000000000001ab       0x34 ./Drivers/STM32F3xx_HAL_Driver/Src/stm32f3xx_hal.o
 .ARM.attributes
                0x00000000000001df       0x34 ./Drivers/STM32F3xx_HAL_Driver/Src/stm32f3xx_hal_adc_ex.o
 .ARM.attributes
                0x0000000000000213       0x34 ./Drivers/STM32F3xx_HAL_Driver/Src/stm32f3xx_hal_cortex.o
 .ARM.attributes
                0x0000000000000247       0x34 ./Drivers/STM32F3xx_HAL_Driver/Src/stm32f3xx_hal_gpio.o
 .ARM.attributes
                0x000000000000027b       0x34 ./Drivers/STM32F3xx_HAL_Driver/Src/stm32f3xx_hal_pcd.o
 .ARM.attributes
                0x00000000000002af       0x34 ./Drivers/STM32F3xx_HAL_Driver/Src/stm32f3xx_hal_rcc.o
 .ARM.attributes
                0x00000000000002e3       0x34 ./Drivers/STM32F3xx_HAL_Driver/Src/stm32f3xx_hal_rcc_ex.o
 .ARM.attributes
                0x0000000000000317       0x34 ./Drivers/STM32F3xx_HAL_Driver/Src/stm32f3xx_hal_smbus.o
 .ARM.attributes
                0x000000000000034b       0x34 ./Drivers/STM32F3xx_HAL_Driver/Src/stm32f3xx_hal_tim.o
 .ARM.attributes
                0x000000000000037f       0x34 ./Drivers/STM32F3xx_HAL_Driver/Src/stm32f3xx_hal_tim_ex.o
 .ARM.attributes
                0x00000000000003b3       0x34 ./Drivers/STM32F3xx_HAL_Driver/Src/stm32f3xx_ll_usb.o
 .ARM.attributes
                0x00000000000003e7       0x34 ./Middlewares/Third_Party/FreeRTOS/Source/CMSIS_RTOS/cmsis_os.o
 .ARM.attributes
                0x000000000000041b       0x34 ./Middlewares/Third_Party/FreeRTOS/Source/list.o
 .ARM.attributes
                0x000000000000044f       0x34 ./Middlewares/Third_Party/FreeRTOS/Source/queue.o
 .ARM.attributes
                0x0000000000000483       0x34 ./Middlewares/Third_Party/FreeRTOS/Source/tasks.o
 .ARM.attributes
                0x00000000000004b7       0x34 ./Middlewares/Third_Party/FreeRTOS/Source/portable/GCC/ARM_CM4F/port.o
 .ARM.attributes
                0x00000000000004eb       0x34 ./Middlewares/Third_Party/FreeRTOS/Source/portable/MemMang/heap_4.o
 .ARM.attributes
                0x000000000000051f       0x34 d:/st/stm32cubeide_1.8.0/stm32cubeide/plugins/com.st.stm32cube.ide.mcu.externaltools.gnu-tools-for-stm32.9-2020-q2-update.win32_2.0.0.202105311346/tools/bin/../lib/gcc/arm-none-eabi/9.3.1/../../../../arm-none-eabi/lib/thumb/v7e-m+fp/hard\libc_nano.a(lib_a-init.o)
 .ARM.attributes
                0x0000000000000553       0x34 d:/st/stm32cubeide_1.8.0/stm32cubeide/plugins/com.st.stm32cube.ide.mcu.externaltools.gnu-tools-for-stm32.9-2020-q2-update.win32_2.0.0.202105311346/tools/bin/../lib/gcc/arm-none-eabi/9.3.1/../../../../arm-none-eabi/lib/thumb/v7e-m+fp/hard\libc_nano.a(lib_a-memcpy-stub.o)
 .ARM.attributes
                0x0000000000000587       0x34 d:/st/stm32cubeide_1.8.0/stm32cubeide/plugins/com.st.stm32cube.ide.mcu.externaltools.gnu-tools-for-stm32.9-2020-q2-update.win32_2.0.0.202105311346/tools/bin/../lib/gcc/arm-none-eabi/9.3.1/../../../../arm-none-eabi/lib/thumb/v7e-m+fp/hard\libc_nano.a(lib_a-memset.o)
 .ARM.attributes
                0x00000000000005bb       0x1e d:/st/stm32cubeide_1.8.0/stm32cubeide/plugins/com.st.stm32cube.ide.mcu.externaltools.gnu-tools-for-stm32.9-2020-q2-update.win32_2.0.0.202105311346/tools/bin/../lib/gcc/arm-none-eabi/9.3.1/thumb/v7e-m+fp/hard\libgcc.a(_arm_addsubdf3.o)
 .ARM.attributes
                0x00000000000005d9       0x1e d:/st/stm32cubeide_1.8.0/stm32cubeide/plugins/com.st.stm32cube.ide.mcu.externaltools.gnu-tools-for-stm32.9-2020-q2-update.win32_2.0.0.202105311346/tools/bin/../lib/gcc/arm-none-eabi/9.3.1/thumb/v7e-m+fp/hard\libgcc.a(_arm_muldivdf3.o)
 .ARM.attributes
                0x00000000000005f7       0x1e d:/st/stm32cubeide_1.8.0/stm32cubeide/plugins/com.st.stm32cube.ide.mcu.externaltools.gnu-tools-for-stm32.9-2020-q2-update.win32_2.0.0.202105311346/tools/bin/../lib/gcc/arm-none-eabi/9.3.1/thumb/v7e-m+fp/hard\libgcc.a(_arm_truncdfsf2.o)
 .ARM.attributes
                0x0000000000000615       0x1e d:/st/stm32cubeide_1.8.0/stm32cubeide/plugins/com.st.stm32cube.ide.mcu.externaltools.gnu-tools-for-stm32.9-2020-q2-update.win32_2.0.0.202105311346/tools/bin/../lib/gcc/arm-none-eabi/9.3.1/thumb/v7e-m+fp/hard/crtn.o
OUTPUT(STM32_CODE.elf elf32-littlearm)
LOAD linker stubs
LOAD d:/st/stm32cubeide_1.8.0/stm32cubeide/plugins/com.st.stm32cube.ide.mcu.externaltools.gnu-tools-for-stm32.9-2020-q2-update.win32_2.0.0.202105311346/tools/bin/../lib/gcc/arm-none-eabi/9.3.1/../../../../arm-none-eabi/lib/thumb/v7e-m+fp/hard\libc.a
LOAD d:/st/stm32cubeide_1.8.0/stm32cubeide/plugins/com.st.stm32cube.ide.mcu.externaltools.gnu-tools-for-stm32.9-2020-q2-update.win32_2.0.0.202105311346/tools/bin/../lib/gcc/arm-none-eabi/9.3.1/../../../../arm-none-eabi/lib/thumb/v7e-m+fp/hard\libm.a
LOAD d:/st/stm32cubeide_1.8.0/stm32cubeide/plugins/com.st.stm32cube.ide.mcu.externaltools.gnu-tools-for-stm32.9-2020-q2-update.win32_2.0.0.202105311346/tools/bin/../lib/gcc/arm-none-eabi/9.3.1/thumb/v7e-m+fp/hard\libgcc.a

.debug_info     0x0000000000000000    0x1abe1
 .debug_info    0x0000000000000000      0x370 ./Core/Src/freertos.o
 .debug_info    0x0000000000000370     0x2b19 ./Core/Src/main.o
 .debug_info    0x0000000000002e89     0x13f1 ./Core/Src/stm32f3xx_hal_msp.o
 .debug_info    0x000000000000427a      0xb22 ./Core/Src/stm32f3xx_hal_timebase_tim.o
 .debug_info    0x0000000000004d9c      0xa0f ./Core/Src/stm32f3xx_it.o
 .debug_info    0x00000000000057ab      0x49a ./Core/Src/system_stm32f3xx.o
 .debug_info    0x0000000000005c45       0x22 ./Core/Startup/startup_stm32f303vctx.o
 .debug_info    0x0000000000005c67      0x83d ./Drivers/STM32F3xx_HAL_Driver/Src/stm32f3xx_hal.o
 .debug_info    0x00000000000064a4     0x16c7 ./Drivers/STM32F3xx_HAL_Driver/Src/stm32f3xx_hal_adc_ex.o
 .debug_info    0x0000000000007b6b      0xe44 ./Drivers/STM32F3xx_HAL_Driver/Src/stm32f3xx_hal_cortex.o
 .debug_info    0x00000000000089af      0x779 ./Drivers/STM32F3xx_HAL_Driver/Src/stm32f3xx_hal_gpio.o
 .debug_info    0x0000000000009128     0x1611 ./Drivers/STM32F3xx_HAL_Driver/Src/stm32f3xx_hal_pcd.o
 .debug_info    0x000000000000a739     0x15b5 ./Drivers/STM32F3xx_HAL_Driver/Src/stm32f3xx_hal_rcc.o
 .debug_info    0x000000000000bcee      0x6b4 ./Drivers/STM32F3xx_HAL_Driver/Src/stm32f3xx_hal_rcc_ex.o
 .debug_info    0x000000000000c3a2      0xd3f ./Drivers/STM32F3xx_HAL_Driver/Src/stm32f3xx_hal_smbus.o
 .debug_info    0x000000000000d0e1     0x2cf6 ./Drivers/STM32F3xx_HAL_Driver/Src/stm32f3xx_hal_tim.o
 .debug_info    0x000000000000fdd7     0x163e ./Drivers/STM32F3xx_HAL_Driver/Src/stm32f3xx_hal_tim_ex.o
 .debug_info    0x0000000000011415     0x1718 ./Drivers/STM32F3xx_HAL_Driver/Src/stm32f3xx_ll_usb.o
 .debug_info    0x0000000000012b2d     0x2019 ./Middlewares/Third_Party/FreeRTOS/Source/CMSIS_RTOS/cmsis_os.o
 .debug_info    0x0000000000014b46      0xb7c ./Middlewares/Third_Party/FreeRTOS/Source/list.o
 .debug_info    0x00000000000156c2     0x1f3a ./Middlewares/Third_Party/FreeRTOS/Source/queue.o
 .debug_info    0x00000000000175fc     0x247d ./Middlewares/Third_Party/FreeRTOS/Source/tasks.o
 .debug_info    0x0000000000019a79      0x4f1 ./Middlewares/Third_Party/FreeRTOS/Source/portable/GCC/ARM_CM4F/port.o
 .debug_info    0x0000000000019f6a      0xc77 ./Middlewares/Third_Party/FreeRTOS/Source/portable/MemMang/heap_4.o

.debug_abbrev   0x0000000000000000     0x371c
 .debug_abbrev  0x0000000000000000      0x11d ./Core/Src/freertos.o
 .debug_abbrev  0x000000000000011d      0x31e ./Core/Src/main.o
 .debug_abbrev  0x000000000000043b      0x213 ./Core/Src/stm32f3xx_hal_msp.o
 .debug_abbrev  0x000000000000064e      0x1bf ./Core/Src/stm32f3xx_hal_timebase_tim.o
 .debug_abbrev  0x000000000000080d      0x176 ./Core/Src/stm32f3xx_it.o
 .debug_abbrev  0x0000000000000983      0x145 ./Core/Src/system_stm32f3xx.o
 .debug_abbrev  0x0000000000000ac8       0x12 ./Core/Startup/startup_stm32f303vctx.o
 .debug_abbrev  0x0000000000000ada      0x1ed ./Drivers/STM32F3xx_HAL_Driver/Src/stm32f3xx_hal.o
 .debug_abbrev  0x0000000000000cc7      0x253 ./Drivers/STM32F3xx_HAL_Driver/Src/stm32f3xx_hal_adc_ex.o
 .debug_abbrev  0x0000000000000f1a      0x33c ./Drivers/STM32F3xx_HAL_Driver/Src/stm32f3xx_hal_cortex.o
 .debug_abbrev  0x0000000000001256      0x1e8 ./Drivers/STM32F3xx_HAL_Driver/Src/stm32f3xx_hal_gpio.o
 .debug_abbrev  0x000000000000143e      0x2ba ./Drivers/STM32F3xx_HAL_Driver/Src/stm32f3xx_hal_pcd.o
 .debug_abbrev  0x00000000000016f8      0x2c4 ./Drivers/STM32F3xx_HAL_Driver/Src/stm32f3xx_hal_rcc.o
 .debug_abbrev  0x00000000000019bc      0x23e ./Drivers/STM32F3xx_HAL_Driver/Src/stm32f3xx_hal_rcc_ex.o
 .debug_abbrev  0x0000000000001bfa      0x223 ./Drivers/STM32F3xx_HAL_Driver/Src/stm32f3xx_hal_smbus.o
 .debug_abbrev  0x0000000000001e1d      0x25e ./Drivers/STM32F3xx_HAL_Driver/Src/stm32f3xx_hal_tim.o
 .debug_abbrev  0x000000000000207b      0x266 ./Drivers/STM32F3xx_HAL_Driver/Src/stm32f3xx_hal_tim_ex.o
 .debug_abbrev  0x00000000000022e1      0x25c ./Drivers/STM32F3xx_HAL_Driver/Src/stm32f3xx_ll_usb.o
 .debug_abbrev  0x000000000000253d      0x3c2 ./Middlewares/Third_Party/FreeRTOS/Source/CMSIS_RTOS/cmsis_os.o
 .debug_abbrev  0x00000000000028ff      0x1f7 ./Middlewares/Third_Party/FreeRTOS/Source/list.o
 .debug_abbrev  0x0000000000002af6      0x3a2 ./Middlewares/Third_Party/FreeRTOS/Source/queue.o
 .debug_abbrev  0x0000000000002e98      0x380 ./Middlewares/Third_Party/FreeRTOS/Source/tasks.o
 .debug_abbrev  0x0000000000003218      0x231 ./Middlewares/Third_Party/FreeRTOS/Source/portable/GCC/ARM_CM4F/port.o
 .debug_abbrev  0x0000000000003449      0x2d3 ./Middlewares/Third_Party/FreeRTOS/Source/portable/MemMang/heap_4.o

.debug_aranges  0x0000000000000000     0x1458
 .debug_aranges
                0x0000000000000000       0x20 ./Core/Src/freertos.o
 .debug_aranges
                0x0000000000000020       0x90 ./Core/Src/main.o
 .debug_aranges
                0x00000000000000b0       0x50 ./Core/Src/stm32f3xx_hal_msp.o
 .debug_aranges
                0x0000000000000100       0x30 ./Core/Src/stm32f3xx_hal_timebase_tim.o
 .debug_aranges
                0x0000000000000130       0x58 ./Core/Src/stm32f3xx_it.o
 .debug_aranges
                0x0000000000000188       0x28 ./Core/Src/system_stm32f3xx.o
 .debug_aranges
                0x00000000000001b0       0x28 ./Core/Startup/startup_stm32f303vctx.o
 .debug_aranges
                0x00000000000001d8       0xe0 ./Drivers/STM32F3xx_HAL_Driver/Src/stm32f3xx_hal.o
 .debug_aranges
                0x00000000000002b8      0x168 ./Drivers/STM32F3xx_HAL_Driver/Src/stm32f3xx_hal_adc_ex.o
 .debug_aranges
                0x0000000000000420      0x118 ./Drivers/STM32F3xx_HAL_Driver/Src/stm32f3xx_hal_cortex.o
 .debug_aranges
                0x0000000000000538       0x58 ./Drivers/STM32F3xx_HAL_Driver/Src/stm32f3xx_hal_gpio.o
 .debug_aranges
                0x0000000000000590      0x138 ./Drivers/STM32F3xx_HAL_Driver/Src/stm32f3xx_hal_pcd.o
 .debug_aranges
                0x00000000000006c8       0x88 ./Drivers/STM32F3xx_HAL_Driver/Src/stm32f3xx_hal_rcc.o
 .debug_aranges
                0x0000000000000750       0x38 ./Drivers/STM32F3xx_HAL_Driver/Src/stm32f3xx_hal_rcc_ex.o
 .debug_aranges
                0x0000000000000788      0x130 ./Drivers/STM32F3xx_HAL_Driver/Src/stm32f3xx_hal_smbus.o
 .debug_aranges
                0x00000000000008b8      0x3e0 ./Drivers/STM32F3xx_HAL_Driver/Src/stm32f3xx_hal_tim.o
 .debug_aranges
                0x0000000000000c98      0x178 ./Drivers/STM32F3xx_HAL_Driver/Src/stm32f3xx_hal_tim_ex.o
 .debug_aranges
                0x0000000000000e10       0xb0 ./Drivers/STM32F3xx_HAL_Driver/Src/stm32f3xx_ll_usb.o
 .debug_aranges
                0x0000000000000ec0      0x1d8 ./Middlewares/Third_Party/FreeRTOS/Source/CMSIS_RTOS/cmsis_os.o
 .debug_aranges
                0x0000000000001098       0x40 ./Middlewares/Third_Party/FreeRTOS/Source/list.o
 .debug_aranges
                0x00000000000010d8      0x108 ./Middlewares/Third_Party/FreeRTOS/Source/queue.o
 .debug_aranges
                0x00000000000011e0      0x1a8 ./Middlewares/Third_Party/FreeRTOS/Source/tasks.o
 .debug_aranges
                0x0000000000001388       0x80 ./Middlewares/Third_Party/FreeRTOS/Source/portable/GCC/ARM_CM4F/port.o
 .debug_aranges
                0x0000000000001408       0x50 ./Middlewares/Third_Party/FreeRTOS/Source/portable/MemMang/heap_4.o

.debug_ranges   0x0000000000000000     0x12e0
 .debug_ranges  0x0000000000000000       0x10 ./Core/Src/freertos.o
 .debug_ranges  0x0000000000000010       0x80 ./Core/Src/main.o
 .debug_ranges  0x0000000000000090       0x40 ./Core/Src/stm32f3xx_hal_msp.o
 .debug_ranges  0x00000000000000d0       0x20 ./Core/Src/stm32f3xx_hal_timebase_tim.o
 .debug_ranges  0x00000000000000f0       0x48 ./Core/Src/stm32f3xx_it.o
 .debug_ranges  0x0000000000000138       0x18 ./Core/Src/system_stm32f3xx.o
 .debug_ranges  0x0000000000000150       0x20 ./Core/Startup/startup_stm32f303vctx.o
 .debug_ranges  0x0000000000000170       0xd0 ./Drivers/STM32F3xx_HAL_Driver/Src/stm32f3xx_hal.o
 .debug_ranges  0x0000000000000240      0x158 ./Drivers/STM32F3xx_HAL_Driver/Src/stm32f3xx_hal_adc_ex.o
 .debug_ranges  0x0000000000000398      0x108 ./Drivers/STM32F3xx_HAL_Driver/Src/stm32f3xx_hal_cortex.o
 .debug_ranges  0x00000000000004a0       0x48 ./Drivers/STM32F3xx_HAL_Driver/Src/stm32f3xx_hal_gpio.o
 .debug_ranges  0x00000000000004e8      0x128 ./Drivers/STM32F3xx_HAL_Driver/Src/stm32f3xx_hal_pcd.o
 .debug_ranges  0x0000000000000610       0x78 ./Drivers/STM32F3xx_HAL_Driver/Src/stm32f3xx_hal_rcc.o
 .debug_ranges  0x0000000000000688       0x28 ./Drivers/STM32F3xx_HAL_Driver/Src/stm32f3xx_hal_rcc_ex.o
 .debug_ranges  0x00000000000006b0      0x120 ./Drivers/STM32F3xx_HAL_Driver/Src/stm32f3xx_hal_smbus.o
 .debug_ranges  0x00000000000007d0      0x3d0 ./Drivers/STM32F3xx_HAL_Driver/Src/stm32f3xx_hal_tim.o
 .debug_ranges  0x0000000000000ba0      0x168 ./Drivers/STM32F3xx_HAL_Driver/Src/stm32f3xx_hal_tim_ex.o
 .debug_ranges  0x0000000000000d08       0xa0 ./Drivers/STM32F3xx_HAL_Driver/Src/stm32f3xx_ll_usb.o
 .debug_ranges  0x0000000000000da8      0x1c8 ./Middlewares/Third_Party/FreeRTOS/Source/CMSIS_RTOS/cmsis_os.o
 .debug_ranges  0x0000000000000f70       0x30 ./Middlewares/Third_Party/FreeRTOS/Source/list.o
 .debug_ranges  0x0000000000000fa0       0xf8 ./Middlewares/Third_Party/FreeRTOS/Source/queue.o
 .debug_ranges  0x0000000000001098      0x198 ./Middlewares/Third_Party/FreeRTOS/Source/tasks.o
 .debug_ranges  0x0000000000001230       0x70 ./Middlewares/Third_Party/FreeRTOS/Source/portable/GCC/ARM_CM4F/port.o
 .debug_ranges  0x00000000000012a0       0x40 ./Middlewares/Third_Party/FreeRTOS/Source/portable/MemMang/heap_4.o

.debug_macro    0x0000000000000000    0x20b68
 .debug_macro   0x0000000000000000      0x281 ./Core/Src/freertos.o
 .debug_macro   0x0000000000000281      0xaa8 ./Core/Src/freertos.o
 .debug_macro   0x0000000000000d29      0x174 ./Core/Src/freertos.o
 .debug_macro   0x0000000000000e9d       0x22 ./Core/Src/freertos.o
 .debug_macro   0x0000000000000ebf       0x8e ./Core/Src/freertos.o
 .debug_macro   0x0000000000000f4d       0x51 ./Core/Src/freertos.o
 .debug_macro   0x0000000000000f9e      0x103 ./Core/Src/freertos.o
 .debug_macro   0x00000000000010a1       0x6a ./Core/Src/freertos.o
 .debug_macro   0x000000000000110b      0x1df ./Core/Src/freertos.o
 .debug_macro   0x00000000000012ea       0xd6 ./Core/Src/freertos.o
 .debug_macro   0x00000000000013c0      0x15a ./Core/Src/freertos.o
 .debug_macro   0x000000000000151a       0xd7 ./Core/Src/freertos.o
 .debug_macro   0x00000000000015f1       0x10 ./Core/Src/freertos.o
 .debug_macro   0x0000000000001601       0x1f ./Core/Src/freertos.o
 .debug_macro   0x0000000000001620      0x4b7 ./Core/Src/freertos.o
 .debug_macro   0x0000000000001ad7       0xb5 ./Core/Src/freertos.o
 .debug_macro   0x0000000000001b8c       0x8c ./Core/Src/freertos.o
 .debug_macro   0x0000000000001c18      0x163 ./Core/Src/freertos.o
 .debug_macro   0x0000000000001d7b       0x2e ./Core/Src/freertos.o
 .debug_macro   0x0000000000001da9       0x28 ./Core/Src/freertos.o
 .debug_macro   0x0000000000001dd1       0x1c ./Core/Src/freertos.o
 .debug_macro   0x0000000000001ded       0x22 ./Core/Src/freertos.o
 .debug_macro   0x0000000000001e0f       0xdf ./Core/Src/freertos.o
 .debug_macro   0x0000000000001eee     0x102d ./Core/Src/freertos.o
 .debug_macro   0x0000000000002f1b      0x11f ./Core/Src/freertos.o
 .debug_macro   0x000000000000303a    0x12a3a ./Core/Src/freertos.o
 .debug_macro   0x0000000000015a74       0x6d ./Core/Src/freertos.o
 .debug_macro   0x0000000000015ae1     0x3540 ./Core/Src/freertos.o
 .debug_macro   0x0000000000019021       0x55 ./Core/Src/freertos.o
 .debug_macro   0x0000000000019076      0x962 ./Core/Src/freertos.o
 .debug_macro   0x00000000000199d8      0x5fe ./Core/Src/freertos.o
 .debug_macro   0x0000000000019fd6      0x1b6 ./Core/Src/freertos.o
 .debug_macro   0x000000000001a18c      0x1fb ./Core/Src/freertos.o
 .debug_macro   0x000000000001a387      0x1dc ./Core/Src/freertos.o
 .debug_macro   0x000000000001a563      0x1bc ./Core/Src/freertos.o
 .debug_macro   0x000000000001a71f       0x30 ./Core/Src/freertos.o
 .debug_macro   0x000000000001a74f       0x3c ./Core/Src/freertos.o
 .debug_macro   0x000000000001a78b      0x236 ./Core/Src/freertos.o
 .debug_macro   0x000000000001a9c1      0x9b1 ./Core/Src/freertos.o
 .debug_macro   0x000000000001b372       0x77 ./Core/Src/freertos.o
 .debug_macro   0x000000000001b3e9       0xc5 ./Core/Src/freertos.o
 .debug_macro   0x000000000001b4ae      0x21d ./Core/Src/freertos.o
 .debug_macro   0x000000000001b6cb      0x22c ./Core/Src/freertos.o
 .debug_macro   0x000000000001b8f7       0x5b ./Core/Src/freertos.o
 .debug_macro   0x000000000001b952       0xa5 ./Core/Src/freertos.o
 .debug_macro   0x000000000001b9f7       0x65 ./Core/Src/freertos.o
 .debug_macro   0x000000000001ba5c      0x249 ./Core/Src/freertos.o
 .debug_macro   0x000000000001bca5       0x81 ./Core/Src/freertos.o
 .debug_macro   0x000000000001bd26       0xd3 ./Core/Src/freertos.o
 .debug_macro   0x000000000001bdf9      0x35a ./Core/Src/freertos.o
 .debug_macro   0x000000000001c153      0xa3d ./Core/Src/freertos.o
 .debug_macro   0x000000000001cb90       0x89 ./Core/Src/freertos.o
 .debug_macro   0x000000000001cc19      0x275 ./Core/Src/freertos.o
 .debug_macro   0x000000000001ce8e      0x148 ./Core/Src/freertos.o
 .debug_macro   0x000000000001cfd6      0x502 ./Core/Src/main.o
 .debug_macro   0x000000000001d4d8       0xd6 ./Core/Src/main.o
 .debug_macro   0x000000000001d5ae       0x91 ./Core/Src/main.o
 .debug_macro   0x000000000001d63f       0x8d ./Core/Src/main.o
 .debug_macro   0x000000000001d6cc       0x7e ./Core/Src/main.o
 .debug_macro   0x000000000001d74a       0x19 ./Core/Src/main.o
 .debug_macro   0x000000000001d763       0xf2 ./Core/Src/main.o
 .debug_macro   0x000000000001d855       0x22 ./Core/Src/main.o
 .debug_macro   0x000000000001d877       0x52 ./Core/Src/main.o
 .debug_macro   0x000000000001d8c9       0x18 ./Core/Src/main.o
 .debug_macro   0x000000000001d8e1       0x3c ./Core/Src/main.o
 .debug_macro   0x000000000001d91d       0x34 ./Core/Src/main.o
 .debug_macro   0x000000000001d951       0x16 ./Core/Src/main.o
 .debug_macro   0x000000000001d967       0x43 ./Core/Src/main.o
 .debug_macro   0x000000000001d9aa       0x34 ./Core/Src/main.o
 .debug_macro   0x000000000001d9de       0x10 ./Core/Src/main.o
 .debug_macro   0x000000000001d9ee       0x58 ./Core/Src/main.o
 .debug_macro   0x000000000001da46       0x71 ./Core/Src/main.o
 .debug_macro   0x000000000001dab7       0x1c ./Core/Src/main.o
 .debug_macro   0x000000000001dad3      0x12a ./Core/Src/main.o
 .debug_macro   0x000000000001dbfd      0x333 ./Core/Src/main.o
 .debug_macro   0x000000000001df30       0x10 ./Core/Src/main.o
 .debug_macro   0x000000000001df40       0x35 ./Core/Src/main.o
 .debug_macro   0x000000000001df75       0x20 ./Core/Src/main.o
 .debug_macro   0x000000000001df95      0x219 ./Core/Src/stm32f3xx_hal_msp.o
 .debug_macro   0x000000000001e1ae      0x20a ./Core/Src/stm32f3xx_hal_timebase_tim.o
 .debug_macro   0x000000000001e3b8      0x223 ./Core/Src/stm32f3xx_it.o
 .debug_macro   0x000000000001e5db      0x20a ./Core/Src/system_stm32f3xx.o
 .debug_macro   0x000000000001e7e5      0x22e ./Drivers/STM32F3xx_HAL_Driver/Src/stm32f3xx_hal.o
 .debug_macro   0x000000000001ea13      0x234 ./Drivers/STM32F3xx_HAL_Driver/Src/stm32f3xx_hal_adc_ex.o
 .debug_macro   0x000000000001ec47      0x20a ./Drivers/STM32F3xx_HAL_Driver/Src/stm32f3xx_hal_cortex.o
 .debug_macro   0x000000000001ee51      0x211 ./Drivers/STM32F3xx_HAL_Driver/Src/stm32f3xx_hal_gpio.o
 .debug_macro   0x000000000001f062      0x216 ./Drivers/STM32F3xx_HAL_Driver/Src/stm32f3xx_hal_pcd.o
 .debug_macro   0x000000000001f278      0x22e ./Drivers/STM32F3xx_HAL_Driver/Src/stm32f3xx_hal_rcc.o
 .debug_macro   0x000000000001f4a6      0x20a ./Drivers/STM32F3xx_HAL_Driver/Src/stm32f3xx_hal_rcc_ex.o
 .debug_macro   0x000000000001f6b0      0x251 ./Drivers/STM32F3xx_HAL_Driver/Src/stm32f3xx_hal_smbus.o
 .debug_macro   0x000000000001f901      0x20b ./Drivers/STM32F3xx_HAL_Driver/Src/stm32f3xx_hal_tim.o
 .debug_macro   0x000000000001fb0c      0x20a ./Drivers/STM32F3xx_HAL_Driver/Src/stm32f3xx_hal_tim_ex.o
 .debug_macro   0x000000000001fd16      0x20a ./Drivers/STM32F3xx_HAL_Driver/Src/stm32f3xx_ll_usb.o
 .debug_macro   0x000000000001ff20      0x1fe ./Middlewares/Third_Party/FreeRTOS/Source/CMSIS_RTOS/cmsis_os.o
 .debug_macro   0x000000000002011e       0xc7 ./Middlewares/Third_Party/FreeRTOS/Source/CMSIS_RTOS/cmsis_os.o
 .debug_macro   0x00000000000201e5      0x187 ./Middlewares/Third_Party/FreeRTOS/Source/list.o
 .debug_macro   0x000000000002036c      0x212 ./Middlewares/Third_Party/FreeRTOS/Source/queue.o
 .debug_macro   0x000000000002057e       0x16 ./Middlewares/Third_Party/FreeRTOS/Source/queue.o
 .debug_macro   0x0000000000020594      0x280 ./Middlewares/Third_Party/FreeRTOS/Source/tasks.o
 .debug_macro   0x0000000000020814       0x10 ./Middlewares/Third_Party/FreeRTOS/Source/tasks.o
 .debug_macro   0x0000000000020824      0x196 ./Middlewares/Third_Party/FreeRTOS/Source/portable/GCC/ARM_CM4F/port.o
 .debug_macro   0x00000000000209ba      0x1ae ./Middlewares/Third_Party/FreeRTOS/Source/portable/MemMang/heap_4.o

.debug_line     0x0000000000000000    0x18a90
 .debug_line    0x0000000000000000      0x84e ./Core/Src/freertos.o
 .debug_line    0x000000000000084e      0xe67 ./Core/Src/main.o
 .debug_line    0x00000000000016b5      0x851 ./Core/Src/stm32f3xx_hal_msp.o
 .debug_line    0x0000000000001f06      0x7af ./Core/Src/stm32f3xx_hal_timebase_tim.o
 .debug_line    0x00000000000026b5      0x804 ./Core/Src/stm32f3xx_it.o
 .debug_line    0x0000000000002eb9      0x7c6 ./Core/Src/system_stm32f3xx.o
 .debug_line    0x000000000000367f       0x88 ./Core/Startup/startup_stm32f303vctx.o
 .debug_line    0x0000000000003707      0x9fb ./Drivers/STM32F3xx_HAL_Driver/Src/stm32f3xx_hal.o
 .debug_line    0x0000000000004102     0x2777 ./Drivers/STM32F3xx_HAL_Driver/Src/stm32f3xx_hal_adc_ex.o
 .debug_line    0x0000000000006879      0xcc0 ./Drivers/STM32F3xx_HAL_Driver/Src/stm32f3xx_hal_cortex.o
 .debug_line    0x0000000000007539      0xb5c ./Drivers/STM32F3xx_HAL_Driver/Src/stm32f3xx_hal_gpio.o
 .debug_line    0x0000000000008095     0x132c ./Drivers/STM32F3xx_HAL_Driver/Src/stm32f3xx_hal_pcd.o
 .debug_line    0x00000000000093c1     0x13d5 ./Drivers/STM32F3xx_HAL_Driver/Src/stm32f3xx_hal_rcc.o
 .debug_line    0x000000000000a796      0xd65 ./Drivers/STM32F3xx_HAL_Driver/Src/stm32f3xx_hal_rcc_ex.o
 .debug_line    0x000000000000b4fb     0x1753 ./Drivers/STM32F3xx_HAL_Driver/Src/stm32f3xx_hal_smbus.o
 .debug_line    0x000000000000cc4e     0x3d3a ./Drivers/STM32F3xx_HAL_Driver/Src/stm32f3xx_hal_tim.o
 .debug_line    0x0000000000010988     0x1adc ./Drivers/STM32F3xx_HAL_Driver/Src/stm32f3xx_hal_tim_ex.o
 .debug_line    0x0000000000012464      0xf8c ./Drivers/STM32F3xx_HAL_Driver/Src/stm32f3xx_ll_usb.o
 .debug_line    0x00000000000133f0     0x11c4 ./Middlewares/Third_Party/FreeRTOS/Source/CMSIS_RTOS/cmsis_os.o
 .debug_line    0x00000000000145b4      0x70b ./Middlewares/Third_Party/FreeRTOS/Source/list.o
 .debug_line    0x0000000000014cbf     0x1488 ./Middlewares/Third_Party/FreeRTOS/Source/queue.o
 .debug_line    0x0000000000016147     0x18cd ./Middlewares/Third_Party/FreeRTOS/Source/tasks.o
 .debug_line    0x0000000000017a14      0x7af ./Middlewares/Third_Party/FreeRTOS/Source/portable/GCC/ARM_CM4F/port.o
 .debug_line    0x00000000000181c3      0x8cd ./Middlewares/Third_Party/FreeRTOS/Source/portable/MemMang/heap_4.o

.debug_str      0x0000000000000000    0xc90d0
 .debug_str     0x0000000000000000    0xbbeae ./Core/Src/freertos.o
                                      0xbc585 (size before relaxing)
 .debug_str     0x00000000000bbeae     0x6cc9 ./Core/Src/main.o
                                      0xc340e (size before relaxing)
 .debug_str     0x00000000000c2b77      0x3cb ./Core/Src/stm32f3xx_hal_msp.o
                                      0xb97f7 (size before relaxing)
 .debug_str     0x00000000000c2f42       0xaa ./Core/Src/stm32f3xx_hal_timebase_tim.o
                                      0xb900a (size before relaxing)
 .debug_str     0x00000000000c2fec       0xa5 ./Core/Src/stm32f3xx_it.o
                                      0xb9147 (size before relaxing)
 .debug_str     0x00000000000c3091       0xb3 ./Core/Src/system_stm32f3xx.o
                                      0xb8672 (size before relaxing)
 .debug_str     0x00000000000c3144       0x36 ./Core/Startup/startup_stm32f303vctx.o
                                         0x6a (size before relaxing)
 .debug_str     0x00000000000c317a      0x2cc ./Drivers/STM32F3xx_HAL_Driver/Src/stm32f3xx_hal.o
                                      0xb8e0e (size before relaxing)
 .debug_str     0x00000000000c3446      0x817 ./Drivers/STM32F3xx_HAL_Driver/Src/stm32f3xx_hal_adc_ex.o
                                      0xb92ca (size before relaxing)
 .debug_str     0x00000000000c3c5d      0x383 ./Drivers/STM32F3xx_HAL_Driver/Src/stm32f3xx_hal_cortex.o
                                      0xb8f1c (size before relaxing)
 .debug_str     0x00000000000c3fe0      0x16e ./Drivers/STM32F3xx_HAL_Driver/Src/stm32f3xx_hal_gpio.o
                                      0xb881d (size before relaxing)
 .debug_str     0x00000000000c414e      0x3ad ./Drivers/STM32F3xx_HAL_Driver/Src/stm32f3xx_hal_pcd.o
                                      0xb8d50 (size before relaxing)
 .debug_str     0x00000000000c44fb      0x2e6 ./Drivers/STM32F3xx_HAL_Driver/Src/stm32f3xx_hal_rcc.o
                                      0xb8ae0 (size before relaxing)
 .debug_str     0x00000000000c47e1       0xd8 ./Drivers/STM32F3xx_HAL_Driver/Src/stm32f3xx_hal_rcc_ex.o
                                      0xb88a4 (size before relaxing)
 .debug_str     0x00000000000c48b9      0x4ad ./Drivers/STM32F3xx_HAL_Driver/Src/stm32f3xx_hal_smbus.o
                                      0xb8cc7 (size before relaxing)
 .debug_str     0x00000000000c4d66      0xe54 ./Drivers/STM32F3xx_HAL_Driver/Src/stm32f3xx_hal_tim.o
                                      0xb9a35 (size before relaxing)
 .debug_str     0x00000000000c5bba      0x5af ./Drivers/STM32F3xx_HAL_Driver/Src/stm32f3xx_hal_tim_ex.o
                                      0xb9239 (size before relaxing)
 .debug_str     0x00000000000c6169      0x1f5 ./Drivers/STM32F3xx_HAL_Driver/Src/stm32f3xx_ll_usb.o
                                      0xb8a04 (size before relaxing)
 .debug_str     0x00000000000c635e      0x75c ./Middlewares/Third_Party/FreeRTOS/Source/CMSIS_RTOS/cmsis_os.o
                                       0xe101 (size before relaxing)
 .debug_str     0x00000000000c6aba      0x225 ./Middlewares/Third_Party/FreeRTOS/Source/list.o
                                       0xa845 (size before relaxing)
 .debug_str     0x00000000000c6cdf      0x7ca ./Middlewares/Third_Party/FreeRTOS/Source/queue.o
                                       0xbefd (size before relaxing)
 .debug_str     0x00000000000c74a9     0x11ca ./Middlewares/Third_Party/FreeRTOS/Source/tasks.o
                                       0xca36 (size before relaxing)
 .debug_str     0x00000000000c8673      0x803 ./Middlewares/Third_Party/FreeRTOS/Source/portable/GCC/ARM_CM4F/port.o
                                       0x82b4 (size before relaxing)
 .debug_str     0x00000000000c8e76      0x25a ./Middlewares/Third_Party/FreeRTOS/Source/portable/MemMang/heap_4.o
                                       0xaf68 (size before relaxing)

.comment        0x0000000000000000       0x53
 .comment       0x0000000000000000       0x53 ./Core/Src/freertos.o
                                         0x54 (size before relaxing)
 .comment       0x0000000000000053       0x54 ./Core/Src/main.o
 .comment       0x0000000000000053       0x54 ./Core/Src/stm32f3xx_hal_msp.o
 .comment       0x0000000000000053       0x54 ./Core/Src/stm32f3xx_hal_timebase_tim.o
 .comment       0x0000000000000053       0x54 ./Core/Src/stm32f3xx_it.o
 .comment       0x0000000000000053       0x54 ./Core/Src/system_stm32f3xx.o
 .comment       0x0000000000000053       0x54 ./Drivers/STM32F3xx_HAL_Driver/Src/stm32f3xx_hal.o
 .comment       0x0000000000000053       0x54 ./Drivers/STM32F3xx_HAL_Driver/Src/stm32f3xx_hal_adc_ex.o
 .comment       0x0000000000000053       0x54 ./Drivers/STM32F3xx_HAL_Driver/Src/stm32f3xx_hal_cortex.o
 .comment       0x0000000000000053       0x54 ./Drivers/STM32F3xx_HAL_Driver/Src/stm32f3xx_hal_gpio.o
 .comment       0x0000000000000053       0x54 ./Drivers/STM32F3xx_HAL_Driver/Src/stm32f3xx_hal_pcd.o
 .comment       0x0000000000000053       0x54 ./Drivers/STM32F3xx_HAL_Driver/Src/stm32f3xx_hal_rcc.o
 .comment       0x0000000000000053       0x54 ./Drivers/STM32F3xx_HAL_Driver/Src/stm32f3xx_hal_rcc_ex.o
 .comment       0x0000000000000053       0x54 ./Drivers/STM32F3xx_HAL_Driver/Src/stm32f3xx_hal_smbus.o
 .comment       0x0000000000000053       0x54 ./Drivers/STM32F3xx_HAL_Driver/Src/stm32f3xx_hal_tim.o
 .comment       0x0000000000000053       0x54 ./Drivers/STM32F3xx_HAL_Driver/Src/stm32f3xx_hal_tim_ex.o
 .comment       0x0000000000000053       0x54 ./Drivers/STM32F3xx_HAL_Driver/Src/stm32f3xx_ll_usb.o
 .comment       0x0000000000000053       0x54 ./Middlewares/Third_Party/FreeRTOS/Source/CMSIS_RTOS/cmsis_os.o
 .comment       0x0000000000000053       0x54 ./Middlewares/Third_Party/FreeRTOS/Source/list.o
 .comment       0x0000000000000053       0x54 ./Middlewares/Third_Party/FreeRTOS/Source/queue.o
 .comment       0x0000000000000053       0x54 ./Middlewares/Third_Party/FreeRTOS/Source/tasks.o
 .comment       0x0000000000000053       0x54 ./Middlewares/Third_Party/FreeRTOS/Source/portable/GCC/ARM_CM4F/port.o
 .comment       0x0000000000000053       0x54 ./Middlewares/Third_Party/FreeRTOS/Source/portable/MemMang/heap_4.o

.debug_frame    0x0000000000000000     0x5664
 .debug_frame   0x0000000000000000       0x38 ./Core/Src/freertos.o
 .debug_frame   0x0000000000000038      0x200 ./Core/Src/main.o
 .debug_frame   0x0000000000000238      0x10c ./Core/Src/stm32f3xx_hal_msp.o
 .debug_frame   0x0000000000000344       0x74 ./Core/Src/stm32f3xx_hal_timebase_tim.o
 .debug_frame   0x00000000000003b8       0xe0 ./Core/Src/stm32f3xx_it.o
 .debug_frame   0x0000000000000498       0x58 ./Core/Src/system_stm32f3xx.o
 .debug_frame   0x00000000000004f0      0x334 ./Drivers/STM32F3xx_HAL_Driver/Src/stm32f3xx_hal.o
 .debug_frame   0x0000000000000824      0x644 ./Drivers/STM32F3xx_HAL_Driver/Src/stm32f3xx_hal_adc_ex.o
 .debug_frame   0x0000000000000e68      0x498 ./Drivers/STM32F3xx_HAL_Driver/Src/stm32f3xx_hal_cortex.o
 .debug_frame   0x0000000000001300      0x14c ./Drivers/STM32F3xx_HAL_Driver/Src/stm32f3xx_hal_gpio.o
 .debug_frame   0x000000000000144c      0x578 ./Drivers/STM32F3xx_HAL_Driver/Src/stm32f3xx_hal_pcd.o
 .debug_frame   0x00000000000019c4      0x214 ./Drivers/STM32F3xx_HAL_Driver/Src/stm32f3xx_hal_rcc.o
 .debug_frame   0x0000000000001bd8       0xb4 ./Drivers/STM32F3xx_HAL_Driver/Src/stm32f3xx_hal_rcc_ex.o
 .debug_frame   0x0000000000001c8c      0x55c ./Drivers/STM32F3xx_HAL_Driver/Src/stm32f3xx_hal_smbus.o
 .debug_frame   0x00000000000021e8     0x121c ./Drivers/STM32F3xx_HAL_Driver/Src/stm32f3xx_hal_tim.o
 .debug_frame   0x0000000000003404      0x688 ./Drivers/STM32F3xx_HAL_Driver/Src/stm32f3xx_hal_tim_ex.o
 .debug_frame   0x0000000000003a8c      0x310 ./Drivers/STM32F3xx_HAL_Driver/Src/stm32f3xx_ll_usb.o
 .debug_frame   0x0000000000003d9c      0x80c ./Middlewares/Third_Party/FreeRTOS/Source/CMSIS_RTOS/cmsis_os.o
 .debug_frame   0x00000000000045a8       0xd8 ./Middlewares/Third_Party/FreeRTOS/Source/list.o
 .debug_frame   0x0000000000004680      0x46c ./Middlewares/Third_Party/FreeRTOS/Source/queue.o
 .debug_frame   0x0000000000004aec      0x734 ./Middlewares/Third_Party/FreeRTOS/Source/tasks.o
 .debug_frame   0x0000000000005220      0x1a8 ./Middlewares/Third_Party/FreeRTOS/Source/portable/GCC/ARM_CM4F/port.o
 .debug_frame   0x00000000000053c8      0x108 ./Middlewares/Third_Party/FreeRTOS/Source/portable/MemMang/heap_4.o
 .debug_frame   0x00000000000054d0       0x2c d:/st/stm32cubeide_1.8.0/stm32cubeide/plugins/com.st.stm32cube.ide.mcu.externaltools.gnu-tools-for-stm32.9-2020-q2-update.win32_2.0.0.202105311346/tools/bin/../lib/gcc/arm-none-eabi/9.3.1/../../../../arm-none-eabi/lib/thumb/v7e-m+fp/hard\libc_nano.a(lib_a-init.o)
 .debug_frame   0x00000000000054fc       0x28 d:/st/stm32cubeide_1.8.0/stm32cubeide/plugins/com.st.stm32cube.ide.mcu.externaltools.gnu-tools-for-stm32.9-2020-q2-update.win32_2.0.0.202105311346/tools/bin/../lib/gcc/arm-none-eabi/9.3.1/../../../../arm-none-eabi/lib/thumb/v7e-m+fp/hard\libc_nano.a(lib_a-memcpy-stub.o)
 .debug_frame   0x0000000000005524       0x20 d:/st/stm32cubeide_1.8.0/stm32cubeide/plugins/com.st.stm32cube.ide.mcu.externaltools.gnu-tools-for-stm32.9-2020-q2-update.win32_2.0.0.202105311346/tools/bin/../lib/gcc/arm-none-eabi/9.3.1/../../../../arm-none-eabi/lib/thumb/v7e-m+fp/hard\libc_nano.a(lib_a-memset.o)