Archive member included to satisfy reference by file (symbol)

c:/st/stm32cubeide_1.8.0/stm32cubeide/plugins/com.st.stm32cube.ide.mcu.externaltools.gnu-tools-for-stm32.9-2020-q2-update.win32_2.0.0.202105311346/tools/bin/../lib/gcc/arm-none-eabi/9.3.1/../../../../arm-none-eabi/lib/thumb/v7e-m+fp/hard\libc_nano.a(lib_a-errno.o)
                              ./Core/Src/syscalls.o (__errno)
c:/st/stm32cubeide_1.8.0/stm32cubeide/plugins/com.st.stm32cube.ide.mcu.externaltools.gnu-tools-for-stm32.9-2020-q2-update.win32_2.0.0.202105311346/tools/bin/../lib/gcc/arm-none-eabi/9.3.1/../../../../arm-none-eabi/lib/thumb/v7e-m+fp/hard\libc_nano.a(lib_a-exit.o)
                              c:/st/stm32cubeide_1.8.0/stm32cubeide/plugins/com.st.stm32cube.ide.mcu.externaltools.gnu-tools-for-stm32.9-2020-q2-update.win32_2.0.0.202105311346/tools/bin/../lib/gcc/arm-none-eabi/9.3.1/../../../../arm-none-eabi/lib/thumb/v7e-m+fp/hard/crt0.o (exit)
c:/st/stm32cubeide_1.8.0/stm32cubeide/plugins/com.st.stm32cube.ide.mcu.externaltools.gnu-tools-for-stm32.9-2020-q2-update.win32_2.0.0.202105311346/tools/bin/../lib/gcc/arm-none-eabi/9.3.1/../../../../arm-none-eabi/lib/thumb/v7e-m+fp/hard\libc_nano.a(lib_a-impure.o)
                              c:/st/stm32cubeide_1.8.0/stm32cubeide/plugins/com.st.stm32cube.ide.mcu.externaltools.gnu-tools-for-stm32.9-2020-q2-update.win32_2.0.0.202105311346/tools/bin/../lib/gcc/arm-none-eabi/9.3.1/../../../../arm-none-eabi/lib/thumb/v7e-m+fp/hard\libc_nano.a(lib_a-exit.o) (_global_impure_ptr)
c:/st/stm32cubeide_1.8.0/stm32cubeide/plugins/com.st.stm32cube.ide.mcu.externaltools.gnu-tools-for-stm32.9-2020-q2-update.win32_2.0.0.202105311346/tools/bin/../lib/gcc/arm-none-eabi/9.3.1/../../../../arm-none-eabi/lib/thumb/v7e-m+fp/hard\libc_nano.a(lib_a-init.o)
                              c:/st/stm32cubeide_1.8.0/stm32cubeide/plugins/com.st.stm32cube.ide.mcu.externaltools.gnu-tools-for-stm32.9-2020-q2-update.win32_2.0.0.202105311346/tools/bin/../lib/gcc/arm-none-eabi/9.3.1/../../../../arm-none-eabi/lib/thumb/v7e-m+fp/hard/crt0.o (__libc_init_array)
c:/st/stm32cubeide_1.8.0/stm32cubeide/plugins/com.st.stm32cube.ide.mcu.externaltools.gnu-tools-for-stm32.9-2020-q2-update.win32_2.0.0.202105311346/tools/bin/../lib/gcc/arm-none-eabi/9.3.1/../../../../arm-none-eabi/lib/thumb/v7e-m+fp/hard\libc_nano.a(lib_a-memcpy-stub.o)
                              ./Middlewares/Third_Party/FreeRTOS/Source/queue.o (memcpy)
c:/st/stm32cubeide_1.8.0/stm32cubeide/plugins/com.st.stm32cube.ide.mcu.externaltools.gnu-tools-for-stm32.9-2020-q2-update.win32_2.0.0.202105311346/tools/bin/../lib/gcc/arm-none-eabi/9.3.1/../../../../arm-none-eabi/lib/thumb/v7e-m+fp/hard\libc_nano.a(lib_a-memset.o)
                              c:/st/stm32cubeide_1.8.0/stm32cubeide/plugins/com.st.stm32cube.ide.mcu.externaltools.gnu-tools-for-stm32.9-2020-q2-update.win32_2.0.0.202105311346/tools/bin/../lib/gcc/arm-none-eabi/9.3.1/../../../../arm-none-eabi/lib/thumb/v7e-m+fp/hard/crt0.o (memset)
c:/st/stm32cubeide_1.8.0/stm32cubeide/plugins/com.st.stm32cube.ide.mcu.externaltools.gnu-tools-for-stm32.9-2020-q2-update.win32_2.0.0.202105311346/tools/bin/../lib/gcc/arm-none-eabi/9.3.1/thumb/v7e-m+fp/hard\libgcc.a(_arm_muldf3.o)
                              ./Core/Src/main.o (__aeabi_dmul)
c:/st/stm32cubeide_1.8.0/stm32cubeide/plugins/com.st.stm32cube.ide.mcu.externaltools.gnu-tools-for-stm32.9-2020-q2-update.win32_2.0.0.202105311346/tools/bin/../lib/gcc/arm-none-eabi/9.3.1/thumb/v7e-m+fp/hard\libgcc.a(_arm_addsubdf3.o)
                              ./Core/Src/main.o (__aeabi_dsub)
c:/st/stm32cubeide_1.8.0/stm32cubeide/plugins/com.st.stm32cube.ide.mcu.externaltools.gnu-tools-for-stm32.9-2020-q2-update.win32_2.0.0.202105311346/tools/bin/../lib/gcc/arm-none-eabi/9.3.1/thumb/v7e-m+fp/hard\libgcc.a(_arm_muldivdf3.o)
                              ./Core/Src/main.o (__aeabi_ddiv)
c:/st/stm32cubeide_1.8.0/stm32cubeide/plugins/com.st.stm32cube.ide.mcu.externaltools.gnu-tools-for-stm32.9-2020-q2-update.win32_2.0.0.202105311346/tools/bin/../lib/gcc/arm-none-eabi/9.3.1/thumb/v7e-m+fp/hard\libgcc.a(_arm_truncdfsf2.o)
                              ./Core/Src/main.o (__aeabi_d2f)

Allocating common symbols
Common symbol       size              file

Task02Handle        0x4               ./Core/Src/main.o
MutexADC1Handle     0x4               ./Core/Src/main.o
TaskN06Handle       0x4               ./Core/Src/main.o
TaskN10Handle       0x4               ./Core/Src/main.o
mensaje3            0x8d              ./Core/Src/main.o
PressureSensor      0x30              ./Core/Src/main.o
SensorChannel       0xc               ./Core/Src/main.o
TaskN01Handle       0x4               ./Core/Src/main.o
TaskN07Handle       0x4               ./Core/Src/main.o
hi2c1               0x4c              ./Core/Src/main.o
SemI2CHandle        0x4               ./Core/Src/main.o
uwTick              0x4               ./Drivers/STM32F3xx_HAL_Driver/Src/stm32f3xx_hal.o
[...]
Memory Configuration

Name             Origin             Length             Attributes
CCMRAM           0x0000000010000000 0x0000000000002000 xrw
RAM              0x0000000020000000 0x000000000000a000 xrw
FLASH            0x0000000008000000 0x0000000000040000 xr
*default*        0x0000000000000000 0xffffffffffffffff

Linker script and memory map

LOAD c:/st/stm32cubeide_1.8.0/stm32cubeide/plugins/com.st.stm32cube.ide.mcu.externaltools.gnu-tools-for-stm32.9-2020-q2-update.win32_2.0.0.202105311346/tools/bin/../lib/gcc/arm-none-eabi/9.3.1/thumb/v7e-m+fp/hard/crti.o
LOAD c:/st/stm32cubeide_1.8.0/stm32cubeide/plugins/com.st.stm32cube.ide.mcu.externaltools.gnu-tools-for-stm32.9-2020-q2-update.win32_2.0.0.202105311346/tools/bin/../lib/gcc/arm-none-eabi/9.3.1/thumb/v7e-m+fp/hard/crtbegin.o
LOAD c:/st/stm32cubeide_1.8.0/stm32cubeide/plugins/com.st.stm32cube.ide.mcu.externaltools.gnu-tools-for-stm32.9-2020-q2-update.win32_2.0.0.202105311346/tools/bin/../lib/gcc/arm-none-eabi/9.3.1/../../../../arm-none-eabi/lib/thumb/v7e-m+fp/hard/crt0.o
LOAD ./Core/Src/freertos.o
LOAD ./Core/Src/main.o
LOAD ./Core/Src/stm32f3xx_hal_msp.o
LOAD ./Core/Src/stm32f3xx_hal_timebase_tim.o
LOAD ./Core/Src/stm32f3xx_it.o
LOAD ./Core/Src/syscalls.o
LOAD ./Core/Src/sysmem.o
LOAD ./Core/Src/system_stm32f3xx.o
LOAD ./Core/Startup/startup_stm32f303vctx.o
LOAD ./Drivers/STM32F3xx_HAL_Driver/Src/stm32f3xx_hal.o
LOAD ./Drivers/STM32F3xx_HAL_Driver/Src/stm32f3xx_hal_adc.o
LOAD ./Drivers/STM32F3xx_HAL_Driver/Src/stm32f3xx_hal_adc_ex.o
LOAD ./Drivers/STM32F3xx_HAL_Driver/Src/stm32f3xx_hal_cortex.o
LOAD ./Drivers/STM32F3xx_HAL_Driver/Src/stm32f3xx_hal_dma.o
LOAD ./Drivers/STM32F3xx_HAL_Driver/Src/stm32f3xx_hal_exti.o
LOAD ./Drivers/STM32F3xx_HAL_Driver/Src/stm32f3xx_hal_flash.o
LOAD ./Drivers/STM32F3xx_HAL_Driver/Src/stm32f3xx_hal_flash_ex.o
LOAD ./Drivers/STM32F3xx_HAL_Driver/Src/stm32f3xx_hal_gpio.o
LOAD ./Drivers/STM32F3xx_HAL_Driver/Src/stm32f3xx_hal_i2c.o
LOAD ./Drivers/STM32F3xx_HAL_Driver/Src/stm32f3xx_hal_i2c_ex.o
LOAD ./Drivers/STM32F3xx_HAL_Driver/Src/stm32f3xx_hal_pcd.o
LOAD ./Drivers/STM32F3xx_HAL_Driver/Src/stm32f3xx_hal_pcd_ex.o
LOAD ./Drivers/STM32F3xx_HAL_Driver/Src/stm32f3xx_hal_pwr.o
LOAD ./Drivers/STM32F3xx_HAL_Driver/Src/stm32f3xx_hal_pwr_ex.o
LOAD ./Drivers/STM32F3xx_HAL_Driver/Src/stm32f3xx_hal_rcc.o
LOAD ./Drivers/STM32F3xx_HAL_Driver/Src/stm32f3xx_hal_rcc_ex.o
LOAD ./Drivers/STM32F3xx_HAL_Driver/Src/stm32f3xx_hal_tim.o
LOAD ./Drivers/STM32F3xx_HAL_Driver/Src/stm32f3xx_hal_tim_ex.o
LOAD ./Drivers/STM32F3xx_HAL_Driver/Src/stm32f3xx_ll_usb.o
LOAD ./Middlewares/Third_Party/FreeRTOS/Source/CMSIS_RTOS/cmsis_os.o
LOAD ./Middlewares/Third_Party/FreeRTOS/Source/croutine.o
LOAD ./Middlewares/Third_Party/FreeRTOS/Source/event_groups.o
LOAD ./Middlewares/Third_Party/FreeRTOS/Source/list.o
LOAD ./Middlewares/Third_Party/FreeRTOS/Source/queue.o
LOAD ./Middlewares/Third_Party/FreeRTOS/Source/stream_buffer.o
LOAD ./Middlewares/Third_Party/FreeRTOS/Source/tasks.o
LOAD ./Middlewares/Third_Party/FreeRTOS/Source/timers.o
LOAD ./Middlewares/Third_Party/FreeRTOS/Source/portable/GCC/ARM_CM4F/port.o
LOAD ./Middlewares/Third_Party/FreeRTOS/Source/portable/MemMang/heap_4.o
START GROUP
LOAD c:/st/stm32cubeide_1.8.0/stm32cubeide/plugins/com.st.stm32cube.ide.mcu.externaltools.gnu-tools-for-stm32.9-2020-q2-update.win32_2.0.0.202105311346/tools/bin/../lib/gcc/arm-none-eabi/9.3.1/../../../../arm-none-eabi/lib/thumb/v7e-m+fp/hard\libc_nano.a
LOAD c:/st/stm32cubeide_1.8.0/stm32cubeide/plugins/com.st.stm32cube.ide.mcu.externaltools.gnu-tools-for-stm32.9-2020-q2-update.win32_2.0.0.202105311346/tools/bin/../lib/gcc/arm-none-eabi/9.3.1/../../../../arm-none-eabi/lib/thumb/v7e-m+fp/hard\libm.a
END GROUP
START GROUP
LOAD c:/st/stm32cubeide_1.8.0/stm32cubeide/plugins/com.st.stm32cube.ide.mcu.externaltools.gnu-tools-for-stm32.9-2020-q2-update.win32_2.0.0.202105311346/tools/bin/../lib/gcc/arm-none-eabi/9.3.1/thumb/v7e-m+fp/hard\libgcc.a
LOAD c:/st/stm32cubeide_1.8.0/stm32cubeide/plugins/com.st.stm32cube.ide.mcu.externaltools.gnu-tools-for-stm32.9-2020-q2-update.win32_2.0.0.202105311346/tools/bin/../lib/gcc/arm-none-eabi/9.3.1/../../../../arm-none-eabi/lib/thumb/v7e-m+fp/hard\libc_nano.a
END GROUP
START GROUP
LOAD c:/st/stm32cubeide_1.8.0/stm32cubeide/plugins/com.st.stm32cube.ide.mcu.externaltools.gnu-tools-for-stm32.9-2020-q2-update.win32_2.0.0.202105311346/tools/bin/../lib/gcc/arm-none-eabi/9.3.1/thumb/v7e-m+fp/hard\libgcc.a
LOAD c:/st/stm32cubeide_1.8.0/stm32cubeide/plugins/com.st.stm32cube.ide.mcu.externaltools.gnu-tools-for-stm32.9-2020-q2-update.win32_2.0.0.202105311346/tools/bin/../lib/gcc/arm-none-eabi/9.3.1/../../../../arm-none-eabi/lib/thumb/v7e-m+fp/hard\libc_nano.a
LOAD c:/st/stm32cubeide_1.8.0/stm32cubeide/plugins/com.st.stm32cube.ide.mcu.externaltools.gnu-tools-for-stm32.9-2020-q2-update.win32_2.0.0.202105311346/tools/bin/../lib/gcc/arm-none-eabi/9.3.1/../../../../arm-none-eabi/lib/thumb/v7e-m+fp/hard\libnosys.a
END GROUP
START GROUP
LOAD c:/st/stm32cubeide_1.8.0/stm32cubeide/plugins/com.st.stm32cube.ide.mcu.externaltools.gnu-tools-for-stm32.9-2020-q2-update.win32_2.0.0.202105311346/tools/bin/../lib/gcc/arm-none-eabi/9.3.1/thumb/v7e-m+fp/hard\libgcc.a
LOAD c:/st/stm32cubeide_1.8.0/stm32cubeide/plugins/com.st.stm32cube.ide.mcu.externaltools.gnu-tools-for-stm32.9-2020-q2-update.win32_2.0.0.202105311346/tools/bin/../lib/gcc/arm-none-eabi/9.3.1/../../../../arm-none-eabi/lib/thumb/v7e-m+fp/hard\libc_nano.a
LOAD c:/st/stm32cubeide_1.8.0/stm32cubeide/plugins/com.st.stm32cube.ide.mcu.externaltools.gnu-tools-for-stm32.9-2020-q2-update.win32_2.0.0.202105311346/tools/bin/../lib/gcc/arm-none-eabi/9.3.1/../../../../arm-none-eabi/lib/thumb/v7e-m+fp/hard\libnosys.a
END GROUP
LOAD c:/st/stm32cubeide_1.8.0/stm32cubeide/plugins/com.st.stm32cube.ide.mcu.externaltools.gnu-tools-for-stm32.9-2020-q2-update.win32_2.0.0.202105311346/tools/bin/../lib/gcc/arm-none-eabi/9.3.1/thumb/v7e-m+fp/hard/crtend.o
LOAD c:/st/stm32cubeide_1.8.0/stm32cubeide/plugins/com.st.stm32cube.ide.mcu.externaltools.gnu-tools-for-stm32.9-2020-q2-update.win32_2.0.0.202105311346/tools/bin/../lib/gcc/arm-none-eabi/9.3.1/thumb/v7e-m+fp/hard/crtn.o
                0x000000002000a000                _estack = (ORIGIN (RAM) + LENGTH (RAM))
                0x0000000000000200                _Min_Heap_Size = 0x200
                0x0000000000000400                _Min_Stack_Size = 0x400

.isr_vector     0x0000000008000000      0x188
                0x0000000008000000                . = ALIGN (0x4)
 *(.isr_vector)
 .isr_vector    0x0000000008000000      0x188 ./Core/Startup/startup_stm32f303vctx.o
                0x0000000008000000                g_pfnVectors
                0x0000000008000188                . = ALIGN (0x4)

.text           0x0000000008000190     0x91d8
                0x0000000008000190                . = ALIGN (0x4)
 *(.text)
 .text          0x0000000008000190       0x40 c:/st/stm32cubeide_1.8.0/stm32cubeide/plugins/com.st.stm32cube.ide.mcu.externaltools.gnu-tools-for-stm32.9-2020-q2-update.win32_2.0.0.202105311346/tools/bin/../lib/gcc/arm-none-eabi/9.3.1/thumb/v7e-m+fp/hard/crtbegin.o
 .text          0x00000000080001d0      0x378 c:/st/stm32cubeide_1.8.0/stm32cubeide/plugins/com.st.stm32cube.ide.mcu.externaltools.gnu-tools-for-stm32.9-2020-q2-update.win32_2.0.0.202105311346/tools/bin/../lib/gcc/arm-none-eabi/9.3.1/thumb/v7e-m+fp/hard\libgcc.a(_arm_addsubdf3.o)
                0x00000000080001d0                __aeabi_drsub
                0x00000000080001d8                __aeabi_dsub
                0x00000000080001d8                __subdf3
                0x00000000080001dc                __aeabi_dadd
                0x00000000080001dc                __adddf3
                0x0000000008000454                __floatunsidf
                0x0000000008000454                __aeabi_ui2d
                0x0000000008000474                __floatsidf
                0x0000000008000474                __aeabi_i2d
                0x0000000008000498                __aeabi_f2d
                0x0000000008000498                __extendsfdf2
                0x00000000080004dc                __floatundidf
                0x00000000080004dc                __aeabi_ul2d
                0x00000000080004ec                __floatdidf
                0x00000000080004ec                __aeabi_l2d
 .text          0x0000000008000548      0x424 c:/st/stm32cubeide_1.8.0/stm32cubeide/plugins/com.st.stm32cube.ide.mcu.externaltools.gnu-tools-for-stm32.9-2020-q2-update.win32_2.0.0.202105311346/tools/bin/../lib/gcc/arm-none-eabi/9.3.1/thumb/v7e-m+fp/hard\libgcc.a(_arm_muldivdf3.o)
                0x0000000008000548                __aeabi_dmul
                0x0000000008000548                __muldf3
                0x000000000800079c                __divdf3
                0x000000000800079c                __aeabi_ddiv
 .text          0x000000000800096c       0xa0 c:/st/stm32cubeide_1.8.0/stm32cubeide/plugins/com.st.stm32cube.ide.mcu.externaltools.gnu-tools-for-stm32.9-2020-q2-update.win32_2.0.0.202105311346/tools/bin/../lib/gcc/arm-none-eabi/9.3.1/thumb/v7e-m+fp/hard\libgcc.a(_arm_truncdfsf2.o)
                0x000000000800096c                __truncdfsf2
                0x000000000800096c                __aeabi_d2f
 *(.text*)
 .text.vApplicationGetIdleTaskMemory
                0x0000000008000a0c       0x34 ./Core/Src/freertos.o
                0x0000000008000a0c                vApplicationGetIdleTaskMemory
 .text.main     0x0000000008000a40      0x458 ./Core/Src/main.o
                0x0000000008000a40                main
 .text.SystemClock_Config
                0x0000000008000e98       0xc8 ./Core/Src/main.o
                0x0000000008000e98                SystemClock_Config
 .text.MX_ADC1_Init
                0x0000000008000f60       0xe0 ./Core/Src/main.o
 .text.MX_I2C1_Init
                0x0000000008001040       0x7c ./Core/Src/main.o
 .text.MX_USB_PCD_Init
                0x00000000080010bc       0x44 ./Core/Src/main.o
 .text.MX_GPIO_Init
                0x0000000008001100      0x120 ./Core/Src/main.o
 .text.HAL_I2C_ListenCpltCallback
                0x0000000008001220       0x16 ./Core/Src/main.o
                0x0000000008001220                HAL_I2C_ListenCpltCallback
 *fill*         0x0000000008001236        0x2 
 .text.HAL_I2C_AddrCallback
                0x0000000008001238       0x44 ./Core/Src/main.o
                0x0000000008001238                HAL_I2C_AddrCallback
 .text.HAL_I2C_SlaveRxCpltCallback
                0x000000000800127c       0x20 ./Core/Src/main.o
                0x000000000800127c                HAL_I2C_SlaveRxCpltCallback
 .text.HAL_I2C_SlaveTxCpltCallback
                0x000000000800129c       0x20 ./Core/Src/main.o
                0x000000000800129c                HAL_I2C_SlaveTxCpltCallback
 *fill*         0x00000000080012bc        0x4 
 .text.StartTask03
                0x00000000080012c0      0x13c ./Core/Src/main.o
                0x00000000080012c0                StartTask03
 *fill*         0x00000000080013fc        0x4 
 .text.StartTask05
                0x0000000008001400      0x110 ./Core/Src/main.o
                0x0000000008001400                StartTask05
 .text.StartTaskN
                0x0000000008001510       0xc8 ./Core/Src/main.o
                0x0000000008001510                StartTaskN
 .text.StartTask01_I2C
                0x00000000080015d8      0x1ec ./Core/Src/main.o
                0x00000000080015d8                StartTask01_I2C
 .text.HAL_TIM_PeriodElapsedCallback
                0x00000000080017c4       0x24 ./Core/Src/main.o
                0x00000000080017c4                HAL_TIM_PeriodElapsedCallback
 .text.Error_Handler
                0x00000000080017e8        0xa ./Core/Src/main.o
                0x00000000080017e8                Error_Handler
 *fill*         0x00000000080017f2        0x2 
 .text.HAL_MspInit
                0x00000000080017f4       0x50 ./Core/Src/stm32f3xx_hal_msp.o
                0x00000000080017f4                HAL_MspInit
 .text.HAL_ADC_MspInit
                0x0000000008001844       0xe0 ./Core/Src/stm32f3xx_hal_msp.o
                0x0000000008001844                HAL_ADC_MspInit
 .text.HAL_I2C_MspInit
                0x0000000008001924       0x98 ./Core/Src/stm32f3xx_hal_msp.o
                0x0000000008001924                HAL_I2C_MspInit
 .text.HAL_PCD_MspInit
                0x00000000080019bc       0x88 ./Core/Src/stm32f3xx_hal_msp.o
                0x00000000080019bc                HAL_PCD_MspInit
 .text.HAL_InitTick
                0x0000000008001a44       0xb0 ./Core/Src/stm32f3xx_hal_timebase_tim.o
                0x0000000008001a44                HAL_InitTick
 .text.NMI_Handler
                0x0000000008001af4        0x6 ./Core/Src/stm32f3xx_it.o
                0x0000000008001af4                NMI_Handler
 .text.HardFault_Handler
                0x0000000008001afa        0x6 ./Core/Src/stm32f3xx_it.o
                0x0000000008001afa                HardFault_Handler
 .text.MemManage_Handler
                0x0000000008001b00        0x6 ./Core/Src/stm32f3xx_it.o
                0x0000000008001b00                MemManage_Handler
 .text.BusFault_Handler
                0x0000000008001b06        0x6 ./Core/Src/stm32f3xx_it.o
                0x0000000008001b06                BusFault_Handler
 .text.UsageFault_Handler
                0x0000000008001b0c        0x6 ./Core/Src/stm32f3xx_it.o
                0x0000000008001b0c                UsageFault_Handler
 .text.DebugMon_Handler
                0x0000000008001b12        0xe ./Core/Src/stm32f3xx_it.o
                0x0000000008001b12                DebugMon_Handler
 .text.I2C1_EV_IRQHandler
                0x0000000008001b20       0x14 ./Core/Src/stm32f3xx_it.o
                0x0000000008001b20                I2C1_EV_IRQHandler
 .text.TIM6_DAC_IRQHandler
                0x0000000008001b34       0x14 ./Core/Src/stm32f3xx_it.o
                0x0000000008001b34                TIM6_DAC_IRQHandler
 .text.SystemInit
                0x0000000008001b48       0x24 ./Core/Src/system_stm32f3xx.o
                0x0000000008001b48                SystemInit
 .text.Reset_Handler
                0x0000000008001b6c       0x50 ./Core/Startup/startup_stm32f303vctx.o
                0x0000000008001b6c                Reset_Handler
 .text.Default_Handler
                0x0000000008001bbc        0x2 ./Core/Startup/startup_stm32f303vctx.o
                0x0000000008001bbc                RTC_Alarm_IRQHandler
                0x0000000008001bbc                TIM8_TRG_COM_IRQHandler
                0x0000000008001bbc                TIM8_CC_IRQHandler
                0x0000000008001bbc                TIM1_CC_IRQHandler
                0x0000000008001bbc                USB_HP_IRQHandler
                0x0000000008001bbc                PVD_IRQHandler
                0x0000000008001bbc                TAMP_STAMP_IRQHandler
                0x0000000008001bbc                EXTI3_IRQHandler
                0x0000000008001bbc                USB_HP_CAN_TX_IRQHandler
                0x0000000008001bbc                EXTI0_IRQHandler
                0x0000000008001bbc                I2C2_EV_IRQHandler
                0x0000000008001bbc                FPU_IRQHandler
                0x0000000008001bbc                TIM1_UP_TIM16_IRQHandler
                0x0000000008001bbc                ADC1_2_IRQHandler
                0x0000000008001bbc                SPI1_IRQHandler
                0x0000000008001bbc                CAN_SCE_IRQHandler
                0x0000000008001bbc                TIM8_UP_IRQHandler
                0x0000000008001bbc                DMA2_Channel2_IRQHandler
                0x0000000008001bbc                DMA1_Channel4_IRQHandler
                0x0000000008001bbc                USART3_IRQHandler
                0x0000000008001bbc                DMA1_Channel7_IRQHandler
                0x0000000008001bbc                UART5_IRQHandler
                0x0000000008001bbc                ADC3_IRQHandler
                0x0000000008001bbc                TIM4_IRQHandler
                0x0000000008001bbc                CAN_RX1_IRQHandler
                0x0000000008001bbc                DMA2_Channel1_IRQHandler
                0x0000000008001bbc                DMA1_Channel6_IRQHandler
                0x0000000008001bbc                UART4_IRQHandler
                0x0000000008001bbc                DMA2_Channel4_IRQHandler
                0x0000000008001bbc                TIM3_IRQHandler
                0x0000000008001bbc                RCC_IRQHandler
                0x0000000008001bbc                DMA1_Channel1_IRQHandler
                0x0000000008001bbc                Default_Handler
                0x0000000008001bbc                USBWakeUp_RMP_IRQHandler
                0x0000000008001bbc                EXTI15_10_IRQHandler
                0x0000000008001bbc                TIM7_IRQHandler
                0x0000000008001bbc                EXTI9_5_IRQHandler
                0x0000000008001bbc                RTC_WKUP_IRQHandler
                0x0000000008001bbc                SPI2_IRQHandler
                0x0000000008001bbc                USB_LP_CAN_RX0_IRQHandler
                0x0000000008001bbc                DMA2_Channel5_IRQHandler
                0x0000000008001bbc                DMA1_Channel5_IRQHandler
                0x0000000008001bbc                USB_LP_IRQHandler
                0x0000000008001bbc                EXTI4_IRQHandler
                0x0000000008001bbc                TIM1_TRG_COM_TIM17_IRQHandler
                0x0000000008001bbc                DMA1_Channel3_IRQHandler
                0x0000000008001bbc                ADC4_IRQHandler
                0x0000000008001bbc                WWDG_IRQHandler
                0x0000000008001bbc                TIM2_IRQHandler
                0x0000000008001bbc                COMP7_IRQHandler
                0x0000000008001bbc                COMP1_2_3_IRQHandler
                0x0000000008001bbc                EXTI1_IRQHandler
                0x0000000008001bbc                USART2_IRQHandler
                0x0000000008001bbc                COMP4_5_6_IRQHandler
                0x0000000008001bbc                I2C2_ER_IRQHandler
                0x0000000008001bbc                DMA1_Channel2_IRQHandler
                0x0000000008001bbc                TIM8_BRK_IRQHandler
                0x0000000008001bbc                FLASH_IRQHandler
                0x0000000008001bbc                USART1_IRQHandler
                0x0000000008001bbc                SPI3_IRQHandler
                0x0000000008001bbc                I2C1_ER_IRQHandler
                0x0000000008001bbc                USBWakeUp_IRQHandler
                0x0000000008001bbc                DMA2_Channel3_IRQHandler
                0x0000000008001bbc                EXTI2_TSC_IRQHandler
                0x0000000008001bbc                TIM1_BRK_TIM15_IRQHandler
 *fill*         0x0000000008001bbe        0x2 
 .text.HAL_Init
                0x0000000008001bc0       0x2c ./Drivers/STM32F3xx_HAL_Driver/Src/stm32f3xx_hal.o
                0x0000000008001bc0                HAL_Init
 .text.HAL_IncTick
                0x0000000008001bec       0x28 ./Drivers/STM32F3xx_HAL_Driver/Src/stm32f3xx_hal.o
                0x0000000008001bec                HAL_IncTick
 .text.HAL_GetTick
                0x0000000008001c14       0x18 ./Drivers/STM32F3xx_HAL_Driver/Src/stm32f3xx_hal.o
                0x0000000008001c14                HAL_GetTick
 .text.HAL_ADC_Init
                0x0000000008001c2c      0x3c0 ./Drivers/STM32F3xx_HAL_Driver/Src/stm32f3xx_hal_adc_ex.o
                0x0000000008001c2c                HAL_ADC_Init
 .text.HAL_ADC_Start
                0x0000000008001fec      0x22c ./Drivers/STM32F3xx_HAL_Driver/Src/stm32f3xx_hal_adc_ex.o
                0x0000000008001fec                HAL_ADC_Start
 .text.HAL_ADC_Stop
                0x0000000008002218       0x6a ./Drivers/STM32F3xx_HAL_Driver/Src/stm32f3xx_hal_adc_ex.o
                0x0000000008002218                HAL_ADC_Stop
 *fill*         0x0000000008002282        0x2 
 .text.HAL_ADC_PollForConversion
                0x0000000008002284      0x204 ./Drivers/STM32F3xx_HAL_Driver/Src/stm32f3xx_hal_adc_ex.o
                0x0000000008002284                HAL_ADC_PollForConversion
 .text.HAL_ADC_GetValue
                0x0000000008002488       0x1a ./Drivers/STM32F3xx_HAL_Driver/Src/stm32f3xx_hal_adc_ex.o
                0x0000000008002488                HAL_ADC_GetValue
 *fill*         0x00000000080024a2        0x2 
 .text.HAL_ADC_ConfigChannel
                0x00000000080024a4      0x5d8 ./Drivers/STM32F3xx_HAL_Driver/Src/stm32f3xx_hal_adc_ex.o
                0x00000000080024a4                HAL_ADC_ConfigChannel
 .text.HAL_ADCEx_MultiModeConfigChannel
                0x0000000008002a7c      0x1e4 ./Drivers/STM32F3xx_HAL_Driver/Src/stm32f3xx_hal_adc_ex.o
                0x0000000008002a7c                HAL_ADCEx_MultiModeConfigChannel
 .text.ADC_Enable
                0x0000000008002c60       0xc8 ./Drivers/STM32F3xx_HAL_Driver/Src/stm32f3xx_hal_adc_ex.o
 .text.ADC_Disable
                0x0000000008002d28       0xcc ./Drivers/STM32F3xx_HAL_Driver/Src/stm32f3xx_hal_adc_ex.o
 .text.ADC_ConversionStop
                0x0000000008002df4      0x16c ./Drivers/STM32F3xx_HAL_Driver/Src/stm32f3xx_hal_adc_ex.o
 .text.__NVIC_SetPriorityGrouping
                0x0000000008002f60       0x48 ./Drivers/STM32F3xx_HAL_Driver/Src/stm32f3xx_hal_cortex.o
 .text.__NVIC_GetPriorityGrouping
                0x0000000008002fa8       0x1c ./Drivers/STM32F3xx_HAL_Driver/Src/stm32f3xx_hal_cortex.o
 .text.__NVIC_EnableIRQ
                0x0000000008002fc4       0x3c ./Drivers/STM32F3xx_HAL_Driver/Src/stm32f3xx_hal_cortex.o
 .text.__NVIC_SetPriority
                0x0000000008003000       0x54 ./Drivers/STM32F3xx_HAL_Driver/Src/stm32f3xx_hal_cortex.o
 .text.NVIC_EncodePriority
                0x0000000008003054       0x66 ./Drivers/STM32F3xx_HAL_Driver/Src/stm32f3xx_hal_cortex.o
 .text.HAL_NVIC_SetPriorityGrouping
                0x00000000080030ba       0x16 ./Drivers/STM32F3xx_HAL_Driver/Src/stm32f3xx_hal_cortex.o
                0x00000000080030ba                HAL_NVIC_SetPriorityGrouping
 .text.HAL_NVIC_SetPriority
                0x00000000080030d0       0x38 ./Drivers/STM32F3xx_HAL_Driver/Src/stm32f3xx_hal_cortex.o
                0x00000000080030d0                HAL_NVIC_SetPriority
 .text.HAL_NVIC_EnableIRQ
                0x0000000008003108       0x1c ./Drivers/STM32F3xx_HAL_Driver/Src/stm32f3xx_hal_cortex.o
                0x0000000008003108                HAL_NVIC_EnableIRQ
 .text.HAL_DMA_Abort_IT
                0x0000000008003124       0x7c ./Drivers/STM32F3xx_HAL_Driver/Src/stm32f3xx_hal_dma.o
                0x0000000008003124                HAL_DMA_Abort_IT
 .text.HAL_DMA_GetState
                0x00000000080031a0       0x1a ./Drivers/STM32F3xx_HAL_Driver/Src/stm32f3xx_hal_dma.o
                0x00000000080031a0                HAL_DMA_GetState
 *fill*         0x00000000080031ba        0x2 
 .text.HAL_GPIO_Init
                0x00000000080031bc      0x2f4 ./Drivers/STM32F3xx_HAL_Driver/Src/stm32f3xx_hal_gpio.o
                0x00000000080031bc                HAL_GPIO_Init
 .text.HAL_GPIO_WritePin
                0x00000000080034b0       0x30 ./Drivers/STM32F3xx_HAL_Driver/Src/stm32f3xx_hal_gpio.o
                0x00000000080034b0                HAL_GPIO_WritePin
 .text.HAL_I2C_Init
                0x00000000080034e0      0x11e ./Drivers/STM32F3xx_HAL_Driver/Src/stm32f3xx_hal_i2c.o
                0x00000000080034e0                HAL_I2C_Init
 *fill*         0x00000000080035fe        0x2 
 .text.HAL_I2C_Slave_Transmit_IT
                0x0000000008003600       0xa0 ./Drivers/STM32F3xx_HAL_Driver/Src/stm32f3xx_hal_i2c.o
                0x0000000008003600                HAL_I2C_Slave_Transmit_IT
 .text.HAL_I2C_Slave_Receive_IT
                0x00000000080036a0       0xa0 ./Drivers/STM32F3xx_HAL_Driver/Src/stm32f3xx_hal_i2c.o
                0x00000000080036a0                HAL_I2C_Slave_Receive_IT
 .text.HAL_I2C_Slave_Seq_Transmit_IT
                0x0000000008003740      0x148 ./Drivers/STM32F3xx_HAL_Driver/Src/stm32f3xx_hal_i2c.o
                0x0000000008003740                HAL_I2C_Slave_Seq_Transmit_IT
 .text.HAL_I2C_Slave_Seq_Receive_IT
                0x0000000008003888      0x148 ./Drivers/STM32F3xx_HAL_Driver/Src/stm32f3xx_hal_i2c.o
                0x0000000008003888                HAL_I2C_Slave_Seq_Receive_IT
 .text.HAL_I2C_EnableListen_IT
                0x00000000080039d0       0x40 ./Drivers/STM32F3xx_HAL_Driver/Src/stm32f3xx_hal_i2c.o
                0x00000000080039d0                HAL_I2C_EnableListen_IT
 .text.HAL_I2C_EV_IRQHandler
                0x0000000008003a10       0x34 ./Drivers/STM32F3xx_HAL_Driver/Src/stm32f3xx_hal_i2c.o
                0x0000000008003a10                HAL_I2C_EV_IRQHandler
 .text.HAL_I2C_MasterTxCpltCallback
                0x0000000008003a44       0x14 ./Drivers/STM32F3xx_HAL_Driver/Src/stm32f3xx_hal_i2c.o
                0x0000000008003a44                HAL_I2C_MasterTxCpltCallback
 .text.HAL_I2C_MasterRxCpltCallback
                0x0000000008003a58       0x14 ./Drivers/STM32F3xx_HAL_Driver/Src/stm32f3xx_hal_i2c.o
                0x0000000008003a58                HAL_I2C_MasterRxCpltCallback
 .text.HAL_I2C_MemTxCpltCallback
                0x0000000008003a6c       0x14 ./Drivers/STM32F3xx_HAL_Driver/Src/stm32f3xx_hal_i2c.o
                0x0000000008003a6c                HAL_I2C_MemTxCpltCallback
 .text.HAL_I2C_MemRxCpltCallback
                0x0000000008003a80       0x14 ./Drivers/STM32F3xx_HAL_Driver/Src/stm32f3xx_hal_i2c.o
                0x0000000008003a80                HAL_I2C_MemRxCpltCallback
 .text.HAL_I2C_ErrorCallback
                0x0000000008003a94       0x14 ./Drivers/STM32F3xx_HAL_Driver/Src/stm32f3xx_hal_i2c.o
                0x0000000008003a94                HAL_I2C_ErrorCallback
 .text.HAL_I2C_AbortCpltCallback
                0x0000000008003aa8       0x14 ./Drivers/STM32F3xx_HAL_Driver/Src/stm32f3xx_hal_i2c.o
                0x0000000008003aa8                HAL_I2C_AbortCpltCallback
 .text.HAL_I2C_GetState
                0x0000000008003abc       0x1c ./Drivers/STM32F3xx_HAL_Driver/Src/stm32f3xx_hal_i2c.o
                0x0000000008003abc                HAL_I2C_GetState
 .text.I2C_Slave_ISR_IT
                0x0000000008003ad8      0x206 ./Drivers/STM32F3xx_HAL_Driver/Src/stm32f3xx_hal_i2c.o
 .text.I2C_Master_ISR_DMA
                0x0000000008003cde      0x1e6 ./Drivers/STM32F3xx_HAL_Driver/Src/stm32f3xx_hal_i2c.o
 .text.I2C_Slave_ISR_DMA
                0x0000000008003ec4      0x1c0 ./Drivers/STM32F3xx_HAL_Driver/Src/stm32f3xx_hal_i2c.o
 .text.I2C_ITAddrCplt
                0x0000000008004084      0x108 ./Drivers/STM32F3xx_HAL_Driver/Src/stm32f3xx_hal_i2c.o
 .text.I2C_ITMasterSeqCplt
                0x000000000800418c       0x7a ./Drivers/STM32F3xx_HAL_Driver/Src/stm32f3xx_hal_i2c.o
 .text.I2C_ITSlaveSeqCplt
                0x0000000008004206       0xbc ./Drivers/STM32F3xx_HAL_Driver/Src/stm32f3xx_hal_i2c.o
 *fill*         0x00000000080042c2        0x2 
 .text.I2C_ITMasterCplt
                0x00000000080042c4      0x194 ./Drivers/STM32F3xx_HAL_Driver/Src/stm32f3xx_hal_i2c.o
 .text.I2C_ITSlaveCplt
                0x0000000008004458      0x214 ./Drivers/STM32F3xx_HAL_Driver/Src/stm32f3xx_hal_i2c.o
 .text.I2C_ITListenCplt
                0x000000000800466c       0xac ./Drivers/STM32F3xx_HAL_Driver/Src/stm32f3xx_hal_i2c.o
 .text.I2C_ITError
                0x0000000008004718      0x1a0 ./Drivers/STM32F3xx_HAL_Driver/Src/stm32f3xx_hal_i2c.o
 .text.I2C_TreatErrorCallback
                0x00000000080048b8       0x4e ./Drivers/STM32F3xx_HAL_Driver/Src/stm32f3xx_hal_i2c.o
 .text.I2C_Flush_TXDR
                0x0000000008004906       0x48 ./Drivers/STM32F3xx_HAL_Driver/Src/stm32f3xx_hal_i2c.o
 .text.I2C_DMAAbort
                0x000000000800494e       0x3c ./Drivers/STM32F3xx_HAL_Driver/Src/stm32f3xx_hal_i2c.o
 *fill*         0x000000000800498a        0x2 
 .text.I2C_TransferConfig
                0x000000000800498c       0x5c ./Drivers/STM32F3xx_HAL_Driver/Src/stm32f3xx_hal_i2c.o
 .text.I2C_Enable_IRQ
                0x00000000080049e8       0xc8 ./Drivers/STM32F3xx_HAL_Driver/Src/stm32f3xx_hal_i2c.o
 .text.I2C_Disable_IRQ
                0x0000000008004ab0       0xbc ./Drivers/STM32F3xx_HAL_Driver/Src/stm32f3xx_hal_i2c.o
 .text.HAL_I2CEx_ConfigAnalogFilter
                0x0000000008004b6c       0x96 ./Drivers/STM32F3xx_HAL_Driver/Src/stm32f3xx_hal_i2c_ex.o
                0x0000000008004b6c                HAL_I2CEx_ConfigAnalogFilter
 .text.HAL_I2CEx_ConfigDigitalFilter
                0x0000000008004c02       0x98 ./Drivers/STM32F3xx_HAL_Driver/Src/stm32f3xx_hal_i2c_ex.o
                0x0000000008004c02                HAL_I2CEx_ConfigDigitalFilter
 .text.HAL_PCD_Init
                0x0000000008004c9a      0x1bc ./Drivers/STM32F3xx_HAL_Driver/Src/stm32f3xx_hal_pcd.o
                0x0000000008004c9a                HAL_PCD_Init
 *fill*         0x0000000008004e56        0x2 
 .text.HAL_RCC_OscConfig
                0x0000000008004e58      0xe10 ./Drivers/STM32F3xx_HAL_Driver/Src/stm32f3xx_hal_rcc.o
                0x0000000008004e58                HAL_RCC_OscConfig
 .text.HAL_RCC_ClockConfig
                0x0000000008005c68      0x2f8 ./Drivers/STM32F3xx_HAL_Driver/Src/stm32f3xx_hal_rcc.o
                0x0000000008005c68                HAL_RCC_ClockConfig
 .text.HAL_RCC_GetSysClockFreq
                0x0000000008005f60       0xd4 ./Drivers/STM32F3xx_HAL_Driver/Src/stm32f3xx_hal_rcc.o
                0x0000000008005f60                HAL_RCC_GetSysClockFreq
 .text.HAL_RCC_GetHCLKFreq
                0x0000000008006034       0x18 ./Drivers/STM32F3xx_HAL_Driver/Src/stm32f3xx_hal_rcc.o
                0x0000000008006034                HAL_RCC_GetHCLKFreq
 .text.HAL_RCC_GetPCLK1Freq
                0x000000000800604c       0x44 ./Drivers/STM32F3xx_HAL_Driver/Src/stm32f3xx_hal_rcc.o
                0x000000000800604c                HAL_RCC_GetPCLK1Freq
 .text.HAL_RCC_GetClockConfig
                0x0000000008006090       0x64 ./Drivers/STM32F3xx_HAL_Driver/Src/stm32f3xx_hal_rcc.o
                0x0000000008006090                HAL_RCC_GetClockConfig
 .text.HAL_RCCEx_PeriphCLKConfig
                0x00000000080060f4      0x360 ./Drivers/STM32F3xx_HAL_Driver/Src/stm32f3xx_hal_rcc_ex.o
                0x00000000080060f4                HAL_RCCEx_PeriphCLKConfig
 .text.HAL_TIM_Base_Init
                0x0000000008006454       0xae ./Drivers/STM32F3xx_HAL_Driver/Src/stm32f3xx_hal_tim.o
                0x0000000008006454                HAL_TIM_Base_Init
 .text.HAL_TIM_Base_MspInit
                0x0000000008006502       0x14 ./Drivers/STM32F3xx_HAL_Driver/Src/stm32f3xx_hal_tim.o
                0x0000000008006502                HAL_TIM_Base_MspInit
 *fill*         0x0000000008006516        0x2 
 .text.HAL_TIM_Base_Start_IT
                0x0000000008006518       0xd4 ./Drivers/STM32F3xx_HAL_Driver/Src/stm32f3xx_hal_tim.o
                0x0000000008006518                HAL_TIM_Base_Start_IT
 .text.HAL_TIM_IRQHandler
                0x00000000080065ec      0x23e ./Drivers/STM32F3xx_HAL_Driver/Src/stm32f3xx_hal_tim.o
                0x00000000080065ec                HAL_TIM_IRQHandler
 .text.HAL_TIM_OC_DelayElapsedCallback
                0x000000000800682a       0x14 ./Drivers/STM32F3xx_HAL_Driver/Src/stm32f3xx_hal_tim.o
                0x000000000800682a                HAL_TIM_OC_DelayElapsedCallback
 .text.HAL_TIM_IC_CaptureCallback
                0x000000000800683e       0x14 ./Drivers/STM32F3xx_HAL_Driver/Src/stm32f3xx_hal_tim.o
                0x000000000800683e                HAL_TIM_IC_CaptureCallback
 .text.HAL_TIM_PWM_PulseFinishedCallback
                0x0000000008006852       0x14 ./Drivers/STM32F3xx_HAL_Driver/Src/stm32f3xx_hal_tim.o
                0x0000000008006852                HAL_TIM_PWM_PulseFinishedCallback
 .text.HAL_TIM_TriggerCallback
                0x0000000008006866       0x14 ./Drivers/STM32F3xx_HAL_Driver/Src/stm32f3xx_hal_tim.o
                0x0000000008006866                HAL_TIM_TriggerCallback
 *fill*         0x000000000800687a        0x2 
 .text.TIM_Base_SetConfig
                0x000000000800687c      0x120 ./Drivers/STM32F3xx_HAL_Driver/Src/stm32f3xx_hal_tim.o
                0x000000000800687c                TIM_Base_SetConfig
 .text.HAL_TIMEx_CommutCallback
                0x000000000800699c       0x14 ./Drivers/STM32F3xx_HAL_Driver/Src/stm32f3xx_hal_tim_ex.o
                0x000000000800699c                HAL_TIMEx_CommutCallback
 .text.HAL_TIMEx_BreakCallback
                0x00000000080069b0       0x14 ./Drivers/STM32F3xx_HAL_Driver/Src/stm32f3xx_hal_tim_ex.o
                0x00000000080069b0                HAL_TIMEx_BreakCallback
 .text.HAL_TIMEx_Break2Callback
                0x00000000080069c4       0x14 ./Drivers/STM32F3xx_HAL_Driver/Src/stm32f3xx_hal_tim_ex.o
                0x00000000080069c4                HAL_TIMEx_Break2Callback
 .text.USB_DisableGlobalInt
                0x00000000080069d8       0x36 ./Drivers/STM32F3xx_HAL_Driver/Src/stm32f3xx_ll_usb.o
                0x00000000080069d8                USB_DisableGlobalInt
 .text.USB_DevInit
                0x0000000008006a0e       0x42 ./Drivers/STM32F3xx_HAL_Driver/Src/stm32f3xx_ll_usb.o
                0x0000000008006a0e                USB_DevInit
 .text.makeFreeRtosPriority
                0x0000000008006a50       0x30 ./Middlewares/Third_Party/FreeRTOS/Source/CMSIS_RTOS/cmsis_os.o
 .text.inHandlerMode
                0x0000000008006a80       0x24 ./Middlewares/Third_Party/FreeRTOS/Source/CMSIS_RTOS/cmsis_os.o
 .text.osKernelStart
                0x0000000008006aa4        0xe ./Middlewares/Third_Party/FreeRTOS/Source/CMSIS_RTOS/cmsis_os.o
                0x0000000008006aa4                osKernelStart
 .text.osThreadCreate
                0x0000000008006ab2       0x98 ./Middlewares/Third_Party/FreeRTOS/Source/CMSIS_RTOS/cmsis_os.o
                0x0000000008006ab2                osThreadCreate
 .text.osDelay  0x0000000008006b4a       0x28 ./Middlewares/Third_Party/FreeRTOS/Source/CMSIS_RTOS/cmsis_os.o
                0x0000000008006b4a                osDelay
 .text.osMutexCreate
                0x0000000008006b72       0x30 ./Middlewares/Third_Party/FreeRTOS/Source/CMSIS_RTOS/cmsis_os.o
                0x0000000008006b72                osMutexCreate
 *fill*         0x0000000008006ba2        0x2 
 .text.osMutexWait
                0x0000000008006ba4       0x9c ./Middlewares/Third_Party/FreeRTOS/Source/CMSIS_RTOS/cmsis_os.o
                0x0000000008006ba4                osMutexWait
 .text.osMutexRelease
                0x0000000008006c40       0x6c ./Middlewares/Third_Party/FreeRTOS/Source/CMSIS_RTOS/cmsis_os.o
                0x0000000008006c40                osMutexRelease
 .text.osSemaphoreCreate
                0x0000000008006cac       0x64 ./Middlewares/Third_Party/FreeRTOS/Source/CMSIS_RTOS/cmsis_os.o
                0x0000000008006cac                osSemaphoreCreate
 .text.osSemaphoreRelease
                0x0000000008006d10       0x6c ./Middlewares/Third_Party/FreeRTOS/Source/CMSIS_RTOS/cmsis_os.o
                0x0000000008006d10                osSemaphoreRelease
 .text.vListInitialise
                0x0000000008006d7c       0x40 ./Middlewares/Third_Party/FreeRTOS/Source/list.o
                0x0000000008006d7c                vListInitialise
 .text.vListInitialiseItem
                0x0000000008006dbc       0x1a ./Middlewares/Third_Party/FreeRTOS/Source/list.o
                0x0000000008006dbc                vListInitialiseItem
 .text.vListInsertEnd
                0x0000000008006dd6       0x48 ./Middlewares/Third_Party/FreeRTOS/Source/list.o
                0x0000000008006dd6                vListInsertEnd
 .text.vListInsert
                0x0000000008006e1e       0x72 ./Middlewares/Third_Party/FreeRTOS/Source/list.o
                0x0000000008006e1e                vListInsert
 .text.uxListRemove
                0x0000000008006e90       0x54 ./Middlewares/Third_Party/FreeRTOS/Source/list.o
                0x0000000008006e90                uxListRemove
 .text.xQueueGenericReset
                0x0000000008006ee4       0xd0 ./Middlewares/Third_Party/FreeRTOS/Source/queue.o
                0x0000000008006ee4                xQueueGenericReset
 .text.xQueueGenericCreateStatic
                0x0000000008006fb4       0xee ./Middlewares/Third_Party/FreeRTOS/Source/queue.o
                0x0000000008006fb4                xQueueGenericCreateStatic
 .text.xQueueGenericCreate
                0x00000000080070a2       0x7c ./Middlewares/Third_Party/FreeRTOS/Source/queue.o
                0x00000000080070a2                xQueueGenericCreate
 .text.prvInitialiseNewQueue
                0x000000000800711e       0x3e ./Middlewares/Third_Party/FreeRTOS/Source/queue.o
 .text.prvInitialiseMutex
                0x000000000800715c       0x34 ./Middlewares/Third_Party/FreeRTOS/Source/queue.o
 .text.xQueueCreateMutex
                0x0000000008007190       0x30 ./Middlewares/Third_Party/FreeRTOS/Source/queue.o
                0x0000000008007190                xQueueCreateMutex
 .text.xQueueCreateMutexStatic
                0x00000000080071c0       0x36 ./Middlewares/Third_Party/FreeRTOS/Source/queue.o
                0x00000000080071c0                xQueueCreateMutexStatic
 *fill*         0x00000000080071f6        0x2 
 .text.xQueueGenericSend
                0x00000000080071f8      0x1fc ./Middlewares/Third_Party/FreeRTOS/Source/queue.o
                0x00000000080071f8                xQueueGenericSend
 .text.xQueueGiveFromISR
                0x00000000080073f4      0x11a ./Middlewares/Third_Party/FreeRTOS/Source/queue.o
                0x00000000080073f4                xQueueGiveFromISR
 *fill*         0x000000000800750e        0x2 
 .text.xQueueSemaphoreTake
                0x0000000008007510      0x218 ./Middlewares/Third_Party/FreeRTOS/Source/queue.o
                0x0000000008007510                xQueueSemaphoreTake
 .text.xQueueReceiveFromISR
                0x0000000008007728      0x100 ./Middlewares/Third_Party/FreeRTOS/Source/queue.o
                0x0000000008007728                xQueueReceiveFromISR
 .text.prvGetDisinheritPriorityAfterTimeout
                0x0000000008007828       0x30 ./Middlewares/Third_Party/FreeRTOS/Source/queue.o
 .text.prvCopyDataToQueue
                0x0000000008007858       0xd4 ./Middlewares/Third_Party/FreeRTOS/Source/queue.o
 .text.prvCopyDataFromQueue
                0x000000000800792c       0x4c ./Middlewares/Third_Party/FreeRTOS/Source/queue.o
 .text.prvUnlockQueue
                0x0000000008007978       0xa4 ./Middlewares/Third_Party/FreeRTOS/Source/queue.o
 .text.prvIsQueueEmpty
                0x0000000008007a1c       0x2c ./Middlewares/Third_Party/FreeRTOS/Source/queue.o
 .text.prvIsQueueFull
                0x0000000008007a48       0x30 ./Middlewares/Third_Party/FreeRTOS/Source/queue.o
 .text.xTaskCreateStatic
                0x0000000008007a78       0xb8 ./Middlewares/Third_Party/FreeRTOS/Source/tasks.o
                0x0000000008007a78                xTaskCreateStatic
 .text.xTaskCreate
                0x0000000008007b30       0x8a ./Middlewares/Third_Party/FreeRTOS/Source/tasks.o
                0x0000000008007b30                xTaskCreate
 .text.prvInitialiseNewTask
                0x0000000008007bba       0xfe ./Middlewares/Third_Party/FreeRTOS/Source/tasks.o
 .text.prvAddNewTaskToReadyList
                0x0000000008007cb8       0xd4 ./Middlewares/Third_Party/FreeRTOS/Source/tasks.o
 .text.vTaskDelay
                0x0000000008007d8c       0x68 ./Middlewares/Third_Party/FreeRTOS/Source/tasks.o
                0x0000000008007d8c                vTaskDelay
 .text.vTaskStartScheduler
                0x0000000008007df4       0xc0 ./Middlewares/Third_Party/FreeRTOS/Source/tasks.o
                0x0000000008007df4                vTaskStartScheduler
 .text.vTaskSuspendAll
                0x0000000008007eb4       0x1c ./Middlewares/Third_Party/FreeRTOS/Source/tasks.o
                0x0000000008007eb4                vTaskSuspendAll
 .text.xTaskResumeAll
                0x0000000008007ed0      0x138 ./Middlewares/Third_Party/FreeRTOS/Source/tasks.o
                0x0000000008007ed0                xTaskResumeAll
 .text.xTaskIncrementTick
                0x0000000008008008      0x17c ./Middlewares/Third_Party/FreeRTOS/Source/tasks.o
                0x0000000008008008                xTaskIncrementTick
 .text.vTaskSwitchContext
                0x0000000008008184       0xb8 ./Middlewares/Third_Party/FreeRTOS/Source/tasks.o
                0x0000000008008184                vTaskSwitchContext
 .text.vTaskPlaceOnEventList
                0x000000000800823c       0x48 ./Middlewares/Third_Party/FreeRTOS/Source/tasks.o
                0x000000000800823c                vTaskPlaceOnEventList
 .text.xTaskRemoveFromEventList
                0x0000000008008284       0xc4 ./Middlewares/Third_Party/FreeRTOS/Source/tasks.o
                0x0000000008008284                xTaskRemoveFromEventList
 .text.vTaskInternalSetTimeOutState
                0x0000000008008348       0x2c ./Middlewares/Third_Party/FreeRTOS/Source/tasks.o
                0x0000000008008348                vTaskInternalSetTimeOutState
 .text.xTaskCheckForTimeOut
                0x0000000008008374       0xc4 ./Middlewares/Third_Party/FreeRTOS/Source/tasks.o
                0x0000000008008374                xTaskCheckForTimeOut
 .text.vTaskMissedYield
                0x0000000008008438       0x18 ./Middlewares/Third_Party/FreeRTOS/Source/tasks.o
                0x0000000008008438                vTaskMissedYield
 .text.prvIdleTask
                0x0000000008008450       0x30 ./Middlewares/Third_Party/FreeRTOS/Source/tasks.o
 .text.prvInitialiseTaskLists
                0x0000000008008480       0x80 ./Middlewares/Third_Party/FreeRTOS/Source/tasks.o
 .text.prvCheckTasksWaitingTermination
                0x0000000008008500       0x5c ./Middlewares/Third_Party/FreeRTOS/Source/tasks.o
 .text.prvDeleteTCB
                0x000000000800855c       0x5e ./Middlewares/Third_Party/FreeRTOS/Source/tasks.o
 *fill*         0x00000000080085ba        0x2 
 .text.prvResetNextTaskUnblockTime
                0x00000000080085bc       0x4c ./Middlewares/Third_Party/FreeRTOS/Source/tasks.o
 .text.xTaskGetSchedulerState
                0x0000000008008608       0x3c ./Middlewares/Third_Party/FreeRTOS/Source/tasks.o
                0x0000000008008608                xTaskGetSchedulerState
 .text.xTaskPriorityInherit
                0x0000000008008644      0x10c ./Middlewares/Third_Party/FreeRTOS/Source/tasks.o
                0x0000000008008644                xTaskPriorityInherit
 .text.xTaskPriorityDisinherit
                0x0000000008008750      0x10c ./Middlewares/Third_Party/FreeRTOS/Source/tasks.o
                0x0000000008008750                xTaskPriorityDisinherit
 .text.vTaskPriorityDisinheritAfterTimeout
                0x000000000800885c      0x140 ./Middlewares/Third_Party/FreeRTOS/Source/tasks.o
                0x000000000800885c                vTaskPriorityDisinheritAfterTimeout
 .text.pvTaskIncrementMutexHeldCount
                0x000000000800899c       0x28 ./Middlewares/Third_Party/FreeRTOS/Source/tasks.o
                0x000000000800899c                pvTaskIncrementMutexHeldCount
 .text.prvAddCurrentTaskToDelayedList
                0x00000000080089c4       0xcc ./Middlewares/Third_Party/FreeRTOS/Source/tasks.o
 .text.pxPortInitialiseStack
                0x0000000008008a90       0x68 ./Middlewares/Third_Party/FreeRTOS/Source/portable/GCC/ARM_CM4F/port.o
                0x0000000008008a90                pxPortInitialiseStack
 .text.prvTaskExitError
                0x0000000008008af8       0x58 ./Middlewares/Third_Party/FreeRTOS/Source/portable/GCC/ARM_CM4F/port.o
 .text.SVC_Handler
                0x0000000008008b50       0x28 ./Middlewares/Third_Party/FreeRTOS/Source/portable/GCC/ARM_CM4F/port.o
                0x0000000008008b50                SVC_Handler
 .text.prvPortStartFirstTask
                0x0000000008008b78       0x28 ./Middlewares/Third_Party/FreeRTOS/Source/portable/GCC/ARM_CM4F/port.o
 .text.xPortStartScheduler
                0x0000000008008ba0      0x144 ./Middlewares/Third_Party/FreeRTOS/Source/portable/GCC/ARM_CM4F/port.o
                0x0000000008008ba0                xPortStartScheduler
 .text.vPortEnterCritical
                0x0000000008008ce4       0x60 ./Middlewares/Third_Party/FreeRTOS/Source/portable/GCC/ARM_CM4F/port.o
                0x0000000008008ce4                vPortEnterCritical
 .text.vPortExitCritical
                0x0000000008008d44       0x54 ./Middlewares/Third_Party/FreeRTOS/Source/portable/GCC/ARM_CM4F/port.o
                0x0000000008008d44                vPortExitCritical
 *fill*         0x0000000008008d98        0x8 
 .text.PendSV_Handler
                0x0000000008008da0       0x68 ./Middlewares/Third_Party/FreeRTOS/Source/portable/GCC/ARM_CM4F/port.o
                0x0000000008008da0                PendSV_Handler
 .text.SysTick_Handler
                0x0000000008008e08       0x44 ./Middlewares/Third_Party/FreeRTOS/Source/portable/GCC/ARM_CM4F/port.o
                0x0000000008008e08                SysTick_Handler
 .text.vPortSetupTimerInterrupt
                0x0000000008008e4c       0x48 ./Middlewares/Third_Party/FreeRTOS/Source/portable/GCC/ARM_CM4F/port.o
                0x0000000008008e4c                vPortSetupTimerInterrupt
 .text.vPortEnableVFP
                0x0000000008008e94       0x14 ./Middlewares/Third_Party/FreeRTOS/Source/portable/GCC/ARM_CM4F/port.o
 .text.vPortValidateInterruptPriority
                0x0000000008008ea8       0x80 ./Middlewares/Third_Party/FreeRTOS/Source/portable/GCC/ARM_CM4F/port.o
                0x0000000008008ea8                vPortValidateInterruptPriority
 .text.pvPortMalloc
                0x0000000008008f28      0x188 ./Middlewares/Third_Party/FreeRTOS/Source/portable/MemMang/heap_4.o
                0x0000000008008f28                pvPortMalloc
 .text.vPortFree
                0x00000000080090b0       0xb4 ./Middlewares/Third_Party/FreeRTOS/Source/portable/MemMang/heap_4.o
                0x00000000080090b0                vPortFree
 .text.prvHeapInit
                0x0000000008009164       0xc4 ./Middlewares/Third_Party/FreeRTOS/Source/portable/MemMang/heap_4.o
 .text.prvInsertBlockIntoFreeList
                0x0000000008009228       0xb4 ./Middlewares/Third_Party/FreeRTOS/Source/portable/MemMang/heap_4.o
 .text.__libc_init_array
                0x00000000080092dc       0x48 c:/st/stm32cubeide_1.8.0/stm32cubeide/plugins/com.st.stm32cube.ide.mcu.externaltools.gnu-tools-for-stm32.9-2020-q2-update.win32_2.0.0.202105311346/tools/bin/../lib/gcc/arm-none-eabi/9.3.1/../../../../arm-none-eabi/lib/thumb/v7e-m+fp/hard\libc_nano.a(lib_a-init.o)
                0x00000000080092dc                __libc_init_array
 .text.memcpy   0x0000000008009324       0x1c c:/st/stm32cubeide_1.8.0/stm32cubeide/plugins/com.st.stm32cube.ide.mcu.externaltools.gnu-tools-for-stm32.9-2020-q2-update.win32_2.0.0.202105311346/tools/bin/../lib/gcc/arm-none-eabi/9.3.1/../../../../arm-none-eabi/lib/thumb/v7e-m+fp/hard\libc_nano.a(lib_a-memcpy-stub.o)
                0x0000000008009324                memcpy
 .text.memset   0x0000000008009340       0x10 c:/st/stm32cubeide_1.8.0/stm32cubeide/plugins/com.st.stm32cube.ide.mcu.externaltools.gnu-tools-for-stm32.9-2020-q2-update.win32_2.0.0.202105311346/tools/bin/../lib/gcc/arm-none-eabi/9.3.1/../../../../arm-none-eabi/lib/thumb/v7e-m+fp/hard\libc_nano.a(lib_a-memset.o)
                0x0000000008009340                memset
 *(.glue_7)
 .glue_7        0x0000000008009350        0x0 linker stubs
 *(.glue_7t)
 .glue_7t       0x0000000008009350        0x0 linker stubs
 *(.eh_frame)
 .eh_frame      0x0000000008009350        0x0 c:/st/stm32cubeide_1.8.0/stm32cubeide/plugins/com.st.stm32cube.ide.mcu.externaltools.gnu-tools-for-stm32.9-2020-q2-update.win32_2.0.0.202105311346/tools/bin/../lib/gcc/arm-none-eabi/9.3.1/thumb/v7e-m+fp/hard/crtbegin.o
 *(.init)
 .init          0x0000000008009350        0x4 c:/st/stm32cubeide_1.8.0/stm32cubeide/plugins/com.st.stm32cube.ide.mcu.externaltools.gnu-tools-for-stm32.9-2020-q2-update.win32_2.0.0.202105311346/tools/bin/../lib/gcc/arm-none-eabi/9.3.1/thumb/v7e-m+fp/hard/crti.o
                0x0000000008009350                _init
 .init          0x0000000008009354        0x8 c:/st/stm32cubeide_1.8.0/stm32cubeide/plugins/com.st.stm32cube.ide.mcu.externaltools.gnu-tools-for-stm32.9-2020-q2-update.win32_2.0.0.202105311346/tools/bin/../lib/gcc/arm-none-eabi/9.3.1/thumb/v7e-m+fp/hard/crtn.o
 *(.fini)
 .fini          0x000000000800935c        0x4 c:/st/stm32cubeide_1.8.0/stm32cubeide/plugins/com.st.stm32cube.ide.mcu.externaltools.gnu-tools-for-stm32.9-2020-q2-update.win32_2.0.0.202105311346/tools/bin/../lib/gcc/arm-none-eabi/9.3.1/thumb/v7e-m+fp/hard/crti.o
                0x000000000800935c                _fini
 .fini          0x0000000008009360        0x8 c:/st/stm32cubeide_1.8.0/stm32cubeide/plugins/com.st.stm32cube.ide.mcu.externaltools.gnu-tools-for-stm32.9-2020-q2-update.win32_2.0.0.202105311346/tools/bin/../lib/gcc/arm-none-eabi/9.3.1/thumb/v7e-m+fp/hard/crtn.o
                0x0000000008009368                . = ALIGN (0x4)
                0x0000000008009368                _etext = .

.vfp11_veneer   0x0000000008009368        0x0
 .vfp11_veneer  0x0000000008009368        0x0 linker stubs

.v4_bx          0x0000000008009368        0x0
 .v4_bx         0x0000000008009368        0x0 linker stubs

.iplt           0x0000000008009368        0x0
 .iplt          0x0000000008009368        0x0 c:/st/stm32cubeide_1.8.0/stm32cubeide/plugins/com.st.stm32cube.ide.mcu.externaltools.gnu-tools-for-stm32.9-2020-q2-update.win32_2.0.0.202105311346/tools/bin/../lib/gcc/arm-none-eabi/9.3.1/thumb/v7e-m+fp/hard/crtbegin.o

.rodata         0x0000000008009368      0x1e4
                0x0000000008009368                . = ALIGN (0x4)
 *(.rodata)
 .rodata        0x0000000008009368      0x1a2 ./Core/Src/main.o
 *fill*         0x000000000800950a        0x2 
 .rodata        0x000000000800950c        0x5 ./Middlewares/Third_Party/FreeRTOS/Source/tasks.o
 *(.rodata*)
 *fill*         0x0000000008009511        0x3 
 .rodata.AHBPrescTable
                0x0000000008009514       0x10 ./Core/Src/system_stm32f3xx.o
                0x0000000008009514                AHBPrescTable
 .rodata.APBPrescTable
                0x0000000008009524        0x8 ./Core/Src/system_stm32f3xx.o
                0x0000000008009524                APBPrescTable
 .rodata.aPLLMULFactorTable
                0x000000000800952c       0x10 ./Drivers/STM32F3xx_HAL_Driver/Src/stm32f3xx_hal_rcc.o
                0x000000000800952c                aPLLMULFactorTable
 .rodata.aPredivFactorTable
                0x000000000800953c       0x10 ./Drivers/STM32F3xx_HAL_Driver/Src/stm32f3xx_hal_rcc.o
                0x000000000800953c                aPredivFactorTable
                0x000000000800954c                . = ALIGN (0x4)

.rel.dyn        0x000000000800954c        0x0
 .rel.iplt      0x000000000800954c        0x0 c:/st/stm32cubeide_1.8.0/stm32cubeide/plugins/com.st.stm32cube.ide.mcu.externaltools.gnu-tools-for-stm32.9-2020-q2-update.win32_2.0.0.202105311346/tools/bin/../lib/gcc/arm-none-eabi/9.3.1/thumb/v7e-m+fp/hard/crtbegin.o

.ARM.extab      0x000000000800954c        0x0
                0x000000000800954c                . = ALIGN (0x4)
 *(.ARM.extab* .gnu.linkonce.armextab.*)
                0x000000000800954c                . = ALIGN (0x4)

.ARM            0x000000000800954c        0x0
                0x000000000800954c                . = ALIGN (0x4)
                0x000000000800954c                __exidx_start = .
 *(.ARM.exidx*)
                0x000000000800954c                __exidx_end = .
                0x000000000800954c                . = ALIGN (0x4)

.preinit_array  0x000000000800954c        0x0
                0x000000000800954c                . = ALIGN (0x4)
                0x000000000800954c                PROVIDE (__preinit_array_start = .)
 *(.preinit_array*)
                0x000000000800954c                PROVIDE (__preinit_array_end = .)
                0x000000000800954c                . = ALIGN (0x4)

.init_array     0x000000000800954c        0x4
                0x000000000800954c                . = ALIGN (0x4)
                0x000000000800954c                PROVIDE (__init_array_start = .)
 *(SORT_BY_NAME(.init_array.*))
 *(.init_array*)
 .init_array    0x000000000800954c        0x4 c:/st/stm32cubeide_1.8.0/stm32cubeide/plugins/com.st.stm32cube.ide.mcu.externaltools.gnu-tools-for-stm32.9-2020-q2-update.win32_2.0.0.202105311346/tools/bin/../lib/gcc/arm-none-eabi/9.3.1/thumb/v7e-m+fp/hard/crtbegin.o
                0x0000000008009550                PROVIDE (__init_array_end = .)
                0x0000000008009550                . = ALIGN (0x4)

.fini_array     0x0000000008009550        0x4
                0x0000000008009550                . = ALIGN (0x4)
                [!provide]                        PROVIDE (__fini_array_start = .)
 *(SORT_BY_NAME(.fini_array.*))
 *(.fini_array*)
 .fini_array    0x0000000008009550        0x4 c:/st/stm32cubeide_1.8.0/stm32cubeide/plugins/com.st.stm32cube.ide.mcu.externaltools.gnu-tools-for-stm32.9-2020-q2-update.win32_2.0.0.202105311346/tools/bin/../lib/gcc/arm-none-eabi/9.3.1/thumb/v7e-m+fp/hard/crtbegin.o
                [!provide]                        PROVIDE (__fini_array_end = .)
                0x0000000008009554                . = ALIGN (0x4)
                0x0000000008009554                _sidata = LOADADDR (.data)

.data           0x0000000020000000       0x10 load address 0x0000000008009554
                0x0000000020000000                . = ALIGN (0x4)
                0x0000000020000000                _sdata = .
 *(.data)
 *(.data*)
 .data.SystemCoreClock
                0x0000000020000000        0x4 ./Core/Src/system_stm32f3xx.o
                0x0000000020000000                SystemCoreClock
 .data.uwTickPrio
                0x0000000020000004        0x4 ./Drivers/STM32F3xx_HAL_Driver/Src/stm32f3xx_hal.o
                0x0000000020000004                uwTickPrio
 .data.uwTickFreq
                0x0000000020000008        0x1 ./Drivers/STM32F3xx_HAL_Driver/Src/stm32f3xx_hal.o
                0x0000000020000008                uwTickFreq
 *fill*         0x0000000020000009        0x3 
 .data.uxCriticalNesting
                0x000000002000000c        0x4 ./Middlewares/Third_Party/FreeRTOS/Source/portable/GCC/ARM_CM4F/port.o
 *(.RamFunc)
 *(.RamFunc*)
                0x0000000020000010                . = ALIGN (0x4)
                0x0000000020000010                _edata = .
                0x0000000008009564                _siccmram = LOADADDR (.ccmram)

.igot.plt       0x0000000020000010        0x0 load address 0x0000000008009564
 .igot.plt      0x0000000020000010        0x0 c:/st/stm32cubeide_1.8.0/stm32cubeide/plugins/com.st.stm32cube.ide.mcu.externaltools.gnu-tools-for-stm32.9-2020-q2-update.win32_2.0.0.202105311346/tools/bin/../lib/gcc/arm-none-eabi/9.3.1/thumb/v7e-m+fp/hard/crtbegin.o

.ccmram         0x0000000010000000        0x0 load address 0x0000000008009564
                0x0000000010000000                . = ALIGN (0x4)
                0x0000000010000000                _sccmram = .
 *(.ccmram)
 *(.ccmram*)
                0x0000000010000000                . = ALIGN (0x4)
                0x0000000010000000                _eccmram = .
                0x0000000010000000                . = ALIGN (0x4)

.bss            0x0000000020000010     0x1a10
                0x0000000020000010                _sbss = .
                0x0000000020000010                __bss_start__ = _sbss
 *(.bss)
 .bss           0x0000000020000010       0x1c c:/st/stm32cubeide_1.8.0/stm32cubeide/plugins/com.st.stm32cube.ide.mcu.externaltools.gnu-tools-for-stm32.9-2020-q2-update.win32_2.0.0.202105311346/tools/bin/../lib/gcc/arm-none-eabi/9.3.1/thumb/v7e-m+fp/hard/crtbegin.o
 *(.bss*)
 .bss.xIdleTaskTCBBuffer
                0x000000002000002c       0x54 ./Core/Src/freertos.o
 .bss.xIdleStack
                0x0000000020000080      0x200 ./Core/Src/freertos.o
 .bss.sConfig2  0x0000000020000280       0x18 ./Core/Src/main.o
                0x0000000020000280                sConfig2
 .bss.pxCurrentTCB
                0x0000000020000298        0x4 ./Middlewares/Third_Party/FreeRTOS/Source/tasks.o
                0x0000000020000298                pxCurrentTCB
 .bss.pxReadyTasksLists
                0x000000002000029c       0x8c ./Middlewares/Third_Party/FreeRTOS/Source/tasks.o
 .bss.xDelayedTaskList1
                0x0000000020000328       0x14 ./Middlewares/Third_Party/FreeRTOS/Source/tasks.o
 .bss.xDelayedTaskList2
                0x000000002000033c       0x14 ./Middlewares/Third_Party/FreeRTOS/Source/tasks.o
 .bss.pxDelayedTaskList
                0x0000000020000350        0x4 ./Middlewares/Third_Party/FreeRTOS/Source/tasks.o
 .bss.pxOverflowDelayedTaskList
                0x0000000020000354        0x4 ./Middlewares/Third_Party/FreeRTOS/Source/tasks.o
 .bss.xPendingReadyList
                0x0000000020000358       0x14 ./Middlewares/Third_Party/FreeRTOS/Source/tasks.o
 .bss.xTasksWaitingTermination
                0x000000002000036c       0x14 ./Middlewares/Third_Party/FreeRTOS/Source/tasks.o
 .bss.uxDeletedTasksWaitingCleanUp
                0x0000000020000380        0x4 ./Middlewares/Third_Party/FreeRTOS/Source/tasks.o
 .bss.xSuspendedTaskList
                0x0000000020000384       0x14 ./Middlewares/Third_Party/FreeRTOS/Source/tasks.o
 .bss.uxCurrentNumberOfTasks
                0x0000000020000398        0x4 ./Middlewares/Third_Party/FreeRTOS/Source/tasks.o
 .bss.xTickCount
                0x000000002000039c        0x4 ./Middlewares/Third_Party/FreeRTOS/Source/tasks.o
 .bss.uxTopReadyPriority
                0x00000000200003a0        0x4 ./Middlewares/Third_Party/FreeRTOS/Source/tasks.o
 .bss.xSchedulerRunning
                0x00000000200003a4        0x4 ./Middlewares/Third_Party/FreeRTOS/Source/tasks.o
 .bss.uxPendedTicks
                0x00000000200003a8        0x4 ./Middlewares/Third_Party/FreeRTOS/Source/tasks.o
 .bss.xYieldPending
                0x00000000200003ac        0x4 ./Middlewares/Third_Party/FreeRTOS/Source/tasks.o
 .bss.xNumOfOverflows
                0x00000000200003b0        0x4 ./Middlewares/Third_Party/FreeRTOS/Source/tasks.o
 .bss.uxTaskNumber
                0x00000000200003b4        0x4 ./Middlewares/Third_Party/FreeRTOS/Source/tasks.o
 .bss.xNextTaskUnblockTime
                0x00000000200003b8        0x4 ./Middlewares/Third_Party/FreeRTOS/Source/tasks.o
 .bss.xIdleTaskHandle
                0x00000000200003bc        0x4 ./Middlewares/Third_Party/FreeRTOS/Source/tasks.o
 .bss.uxSchedulerSuspended
                0x00000000200003c0        0x4 ./Middlewares/Third_Party/FreeRTOS/Source/tasks.o
 .bss.ucMaxSysCallPriority
                0x00000000200003c4        0x1 ./Middlewares/Third_Party/FreeRTOS/Source/portable/GCC/ARM_CM4F/port.o
 *fill*         0x00000000200003c5        0x3 
 .bss.ulMaxPRIGROUPValue
                0x00000000200003c8        0x4 ./Middlewares/Third_Party/FreeRTOS/Source/portable/GCC/ARM_CM4F/port.o
 .bss.ucHeap    0x00000000200003cc      0xfe8 ./Middlewares/Third_Party/FreeRTOS/Source/portable/MemMang/heap_4.o
 .bss.xStart    0x00000000200013b4        0x8 ./Middlewares/Third_Party/FreeRTOS/Source/portable/MemMang/heap_4.o
 .bss.pxEnd     0x00000000200013bc        0x4 ./Middlewares/Third_Party/FreeRTOS/Source/portable/MemMang/heap_4.o
 .bss.xFreeBytesRemaining
                0x00000000200013c0        0x4 ./Middlewares/Third_Party/FreeRTOS/Source/portable/MemMang/heap_4.o
 .bss.xMinimumEverFreeBytesRemaining
                0x00000000200013c4        0x4 ./Middlewares/Third_Party/FreeRTOS/Source/portable/MemMang/heap_4.o
 .bss.xBlockAllocatedBit
                0x00000000200013c8        0x4 ./Middlewares/Third_Party/FreeRTOS/Source/portable/MemMang/heap_4.o
 *(COMMON)
 COMMON         0x00000000200013cc      0x604 ./Core/Src/main.o
                0x00000000200013cc                Task02Handle
                0x00000000200013d0                MutexADC1Handle
                0x00000000200013d4                TaskN06Handle
                0x00000000200013d8                TaskN10Handle
                0x00000000200013dc                mensaje3
                0x000000002000146c                PressureSensor
                0x000000002000149c                SensorChannel
                0x00000000200014a8                TaskN01Handle
                0x00000000200014ac                TaskN07Handle
                0x00000000200014b0                hi2c1
                0x00000000200014fc                SemI2CHandle
                0x0000000020001500                Task04Handle
                0x0000000020001504                TaskN02Handle
                0x0000000020001508                HumiditySensor
                0x0000000020001538                DataSensor
                0x0000000020001554                hadc1
                0x00000000200015a4                TaskN09Handle
                0x00000000200015a8                mensaje4
                0x00000000200015c4                Task01_I2CHandle
                0x00000000200015c8                MatrizSensor
                0x0000000020001658                Task03Handle
                0x000000002000165c                TaskN04Handle
                0x0000000020001660                Task05Handle
                0x0000000020001664                InternalTemperatureSensor
                0x0000000020001694                pcb
                0x00000000200016a4                TaskN03Handle
                0x00000000200016a8                pFuncion
                0x00000000200016a9                pRecognized
                0x00000000200016ac                TaskN08Handle
                0x00000000200016b0                ExternalTemperatureSensor
                0x00000000200016e0                hpcd_USB_FS
                0x00000000200019cc                TaskN05Handle
 COMMON         0x00000000200019d0       0x4c ./Core/Src/stm32f3xx_hal_timebase_tim.o
                0x00000000200019d0                htim6
 COMMON         0x0000000020001a1c        0x4 ./Drivers/STM32F3xx_HAL_Driver/Src/stm32f3xx_hal.o
                0x0000000020001a1c                uwTick
                0x0000000020001a20                . = ALIGN (0x4)
                0x0000000020001a20                _ebss = .
                0x0000000020001a20                __bss_end__ = _ebss

._user_heap_stack
                0x0000000020001a20      0x600
                0x0000000020001a20                . = ALIGN (0x8)
                [!provide]                        PROVIDE (end = .)
                0x0000000020001a20                PROVIDE (_end = .)
                0x0000000020001c20                . = (. + _Min_Heap_Size)
 *fill*         0x0000000020001a20      0x200 
                0x0000000020002020                . = (. + _Min_Stack_Size)
 *fill*         0x0000000020001c20      0x400 
                0x0000000020002020                . = ALIGN (0x8)

/DISCARD/
 libc.a(*)
 libm.a(*)
 libgcc.a(*)

.ARM.attributes
                0x0000000000000000       0x30
 *(.ARM.attributes)
 .ARM.attributes
                0x0000000000000000       0x1e c:/st/stm32cubeide_1.8.0/stm32cubeide/plugins/com.st.stm32cube.ide.mcu.externaltools.gnu-tools-for-stm32.9-2020-q2-update.win32_2.0.0.202105311346/tools/bin/../lib/gcc/arm-none-eabi/9.3.1/thumb/v7e-m+fp/hard/crti.o
 .ARM.attributes
                0x000000000000001e       0x34 c:/st/stm32cubeide_1.8.0/stm32cubeide/plugins/com.st.stm32cube.ide.mcu.externaltools.gnu-tools-for-stm32.9-2020-q2-update.win32_2.0.0.202105311346/tools/bin/../lib/gcc/arm-none-eabi/9.3.1/thumb/v7e-m+fp/hard/crtbegin.o
 .ARM.attributes
                0x0000000000000052       0x34 ./Core/Src/freertos.o
 .ARM.attributes
                0x0000000000000086       0x34 ./Core/Src/main.o
 .ARM.attributes
                0x00000000000000ba       0x34 ./Core/Src/stm32f3xx_hal_msp.o
 .ARM.attributes
                0x00000000000000ee       0x34 ./Core/Src/stm32f3xx_hal_timebase_tim.o
 .ARM.attributes
                0x0000000000000122       0x34 ./Core/Src/stm32f3xx_it.o
 .ARM.attributes
                0x0000000000000156       0x34 ./Core/Src/system_stm32f3xx.o
 .ARM.attributes
                0x000000000000018a       0x21 ./Core/Startup/startup_stm32f303vctx.o
 .ARM.attributes
                0x00000000000001ab       0x34 ./Drivers/STM32F3xx_HAL_Driver/Src/stm32f3xx_hal.o
 .ARM.attributes
                0x00000000000001df       0x34 ./Drivers/STM32F3xx_HAL_Driver/Src/stm32f3xx_hal_adc_ex.o
 .ARM.attributes
                0x0000000000000213       0x34 ./Drivers/STM32F3xx_HAL_Driver/Src/stm32f3xx_hal_cortex.o
 .ARM.attributes
                0x0000000000000247       0x34 ./Drivers/STM32F3xx_HAL_Driver/Src/stm32f3xx_hal_dma.o
 .ARM.attributes
                0x000000000000027b       0x34 ./Drivers/STM32F3xx_HAL_Driver/Src/stm32f3xx_hal_gpio.o
 .ARM.attributes
                0x00000000000002af       0x34 ./Drivers/STM32F3xx_HAL_Driver/Src/stm32f3xx_hal_i2c.o
 .ARM.attributes
                0x00000000000002e3       0x34 ./Drivers/STM32F3xx_HAL_Driver/Src/stm32f3xx_hal_i2c_ex.o
 .ARM.attributes
                0x0000000000000317       0x34 ./Drivers/STM32F3xx_HAL_Driver/Src/stm32f3xx_hal_pcd.o
 .ARM.attributes
                0x000000000000034b       0x34 ./Drivers/STM32F3xx_HAL_Driver/Src/stm32f3xx_hal_rcc.o
 .ARM.attributes
                0x000000000000037f       0x34 ./Drivers/STM32F3xx_HAL_Driver/Src/stm32f3xx_hal_rcc_ex.o
 .ARM.attributes
                0x00000000000003b3       0x34 ./Drivers/STM32F3xx_HAL_Driver/Src/stm32f3xx_hal_tim.o
 .ARM.attributes
                0x00000000000003e7       0x34 ./Drivers/STM32F3xx_HAL_Driver/Src/stm32f3xx_hal_tim_ex.o
 .ARM.attributes
                0x000000000000041b       0x34 ./Drivers/STM32F3xx_HAL_Driver/Src/stm32f3xx_ll_usb.o
 .ARM.attributes
                0x000000000000044f       0x34 ./Middlewares/Third_Party/FreeRTOS/Source/CMSIS_RTOS/cmsis_os.o
 .ARM.attributes
                0x0000000000000483       0x34 ./Middlewares/Third_Party/FreeRTOS/Source/list.o
 .ARM.attributes
                0x00000000000004b7       0x34 ./Middlewares/Third_Party/FreeRTOS/Source/queue.o
 .ARM.attributes
                0x00000000000004eb       0x34 ./Middlewares/Third_Party/FreeRTOS/Source/tasks.o
 .ARM.attributes
                0x000000000000051f       0x34 ./Middlewares/Third_Party/FreeRTOS/Source/portable/GCC/ARM_CM4F/port.o
 .ARM.attributes
                0x0000000000000553       0x34 ./Middlewares/Third_Party/FreeRTOS/Source/portable/MemMang/heap_4.o
 .ARM.attributes
                0x0000000000000587       0x34 c:/st/stm32cubeide_1.8.0/stm32cubeide/plugins/com.st.stm32cube.ide.mcu.externaltools.gnu-tools-for-stm32.9-2020-q2-update.win32_2.0.0.202105311346/tools/bin/../lib/gcc/arm-none-eabi/9.3.1/../../../../arm-none-eabi/lib/thumb/v7e-m+fp/hard\libc_nano.a(lib_a-init.o)
 .ARM.attributes
                0x00000000000005bb       0x34 c:/st/stm32cubeide_1.8.0/stm32cubeide/plugins/com.st.stm32cube.ide.mcu.externaltools.gnu-tools-for-stm32.9-2020-q2-update.win32_2.0.0.202105311346/tools/bin/../lib/gcc/arm-none-eabi/9.3.1/../../../../arm-none-eabi/lib/thumb/v7e-m+fp/hard\libc_nano.a(lib_a-memcpy-stub.o)
 .ARM.attributes
                0x00000000000005ef       0x34 c:/st/stm32cubeide_1.8.0/stm32cubeide/plugins/com.st.stm32cube.ide.mcu.externaltools.gnu-tools-for-stm32.9-2020-q2-update.win32_2.0.0.202105311346/tools/bin/../lib/gcc/arm-none-eabi/9.3.1/../../../../arm-none-eabi/lib/thumb/v7e-m+fp/hard\libc_nano.a(lib_a-memset.o)
 .ARM.attributes
                0x0000000000000623       0x1e c:/st/stm32cubeide_1.8.0/stm32cubeide/plugins/com.st.stm32cube.ide.mcu.externaltools.gnu-tools-for-stm32.9-2020-q2-update.win32_2.0.0.202105311346/tools/bin/../lib/gcc/arm-none-eabi/9.3.1/thumb/v7e-m+fp/hard\libgcc.a(_arm_addsubdf3.o)
 .ARM.attributes
                0x0000000000000641       0x1e c:/st/stm32cubeide_1.8.0/stm32cubeide/plugins/com.st.stm32cube.ide.mcu.externaltools.gnu-tools-for-stm32.9-2020-q2-update.win32_2.0.0.202105311346/tools/bin/../lib/gcc/arm-none-eabi/9.3.1/thumb/v7e-m+fp/hard\libgcc.a(_arm_muldivdf3.o)
 .ARM.attributes
                0x000000000000065f       0x1e c:/st/stm32cubeide_1.8.0/stm32cubeide/plugins/com.st.stm32cube.ide.mcu.externaltools.gnu-tools-for-stm32.9-2020-q2-update.win32_2.0.0.202105311346/tools/bin/../lib/gcc/arm-none-eabi/9.3.1/thumb/v7e-m+fp/hard\libgcc.a(_arm_truncdfsf2.o)
 .ARM.attributes
                0x000000000000067d       0x1e c:/st/stm32cubeide_1.8.0/stm32cubeide/plugins/com.st.stm32cube.ide.mcu.externaltools.gnu-tools-for-stm32.9-2020-q2-update.win32_2.0.0.202105311346/tools/bin/../lib/gcc/arm-none-eabi/9.3.1/thumb/v7e-m+fp/hard/crtn.o
OUTPUT(STM32_CODE.elf elf32-littlearm)
LOAD linker stubs
LOAD c:/st/stm32cubeide_1.8.0/stm32cubeide/plugins/com.st.stm32cube.ide.mcu.externaltools.gnu-tools-for-stm32.9-2020-q2-update.win32_2.0.0.202105311346/tools/bin/../lib/gcc/arm-none-eabi/9.3.1/../../../../arm-none-eabi/lib/thumb/v7e-m+fp/hard\libc.a
LOAD c:/st/stm32cubeide_1.8.0/stm32cubeide/plugins/com.st.stm32cube.ide.mcu.externaltools.gnu-tools-for-stm32.9-2020-q2-update.win32_2.0.0.202105311346/tools/bin/../lib/gcc/arm-none-eabi/9.3.1/../../../../arm-none-eabi/lib/thumb/v7e-m+fp/hard\libm.a
LOAD c:/st/stm32cubeide_1.8.0/stm32cubeide/plugins/com.st.stm32cube.ide.mcu.externaltools.gnu-tools-for-stm32.9-2020-q2-update.win32_2.0.0.202105311346/tools/bin/../lib/gcc/arm-none-eabi/9.3.1/thumb/v7e-m+fp/hard\libgcc.a

.debug_info     0x0000000000000000    0x1d5f2
 .debug_info    0x0000000000000000      0x370 ./Core/Src/freertos.o
 .debug_info    0x0000000000000370     0x2cc7 ./Core/Src/main.o
 .debug_info    0x0000000000003037     0x14f4 ./Core/Src/stm32f3xx_hal_msp.o
 .debug_info    0x000000000000452b      0xb22 ./Core/Src/stm32f3xx_hal_timebase_tim.o
 .debug_info    0x000000000000504d      0xb49 ./Core/Src/stm32f3xx_it.o
 .debug_info    0x0000000000005b96      0x49a ./Core/Src/system_stm32f3xx.o
 .debug_info    0x0000000000006030       0x22 ./Core/Startup/startup_stm32f303vctx.o
 .debug_info    0x0000000000006052      0x83d ./Drivers/STM32F3xx_HAL_Driver/Src/stm32f3xx_hal.o
 .debug_info    0x000000000000688f     0x16c7 ./Drivers/STM32F3xx_HAL_Driver/Src/stm32f3xx_hal_adc_ex.o
 .debug_info    0x0000000000007f56      0xe44 ./Drivers/STM32F3xx_HAL_Driver/Src/stm32f3xx_hal_cortex.o
 .debug_info    0x0000000000008d9a      0x839 ./Drivers/STM32F3xx_HAL_Driver/Src/stm32f3xx_hal_dma.o
 .debug_info    0x00000000000095d3      0x779 ./Drivers/STM32F3xx_HAL_Driver/Src/stm32f3xx_hal_gpio.o
 .debug_info    0x0000000000009d4c     0x21c4 ./Drivers/STM32F3xx_HAL_Driver/Src/stm32f3xx_hal_i2c.o
 .debug_info    0x000000000000bf10      0x968 ./Drivers/STM32F3xx_HAL_Driver/Src/stm32f3xx_hal_i2c_ex.o
 .debug_info    0x000000000000c878     0x1611 ./Drivers/STM32F3xx_HAL_Driver/Src/stm32f3xx_hal_pcd.o
 .debug_info    0x000000000000de89     0x15b5 ./Drivers/STM32F3xx_HAL_Driver/Src/stm32f3xx_hal_rcc.o
 .debug_info    0x000000000000f43e      0x6b4 ./Drivers/STM32F3xx_HAL_Driver/Src/stm32f3xx_hal_rcc_ex.o
 .debug_info    0x000000000000faf2     0x2cf6 ./Drivers/STM32F3xx_HAL_Driver/Src/stm32f3xx_hal_tim.o
 .debug_info    0x00000000000127e8     0x163e ./Drivers/STM32F3xx_HAL_Driver/Src/stm32f3xx_hal_tim_ex.o
 .debug_info    0x0000000000013e26     0x1718 ./Drivers/STM32F3xx_HAL_Driver/Src/stm32f3xx_ll_usb.o
 .debug_info    0x000000000001553e     0x2019 ./Middlewares/Third_Party/FreeRTOS/Source/CMSIS_RTOS/cmsis_os.o
 .debug_info    0x0000000000017557      0xb7c ./Middlewares/Third_Party/FreeRTOS/Source/list.o
 .debug_info    0x00000000000180d3     0x1f3a ./Middlewares/Third_Party/FreeRTOS/Source/queue.o
 .debug_info    0x000000000001a00d     0x247d ./Middlewares/Third_Party/FreeRTOS/Source/tasks.o
 .debug_info    0x000000000001c48a      0x4f1 ./Middlewares/Third_Party/FreeRTOS/Source/portable/GCC/ARM_CM4F/port.o
 .debug_info    0x000000000001c97b      0xc77 ./Middlewares/Third_Party/FreeRTOS/Source/portable/MemMang/heap_4.o

.debug_abbrev   0x0000000000000000     0x3b7d
 .debug_abbrev  0x0000000000000000      0x11d ./Core/Src/freertos.o
 .debug_abbrev  0x000000000000011d      0x331 ./Core/Src/main.o
 .debug_abbrev  0x000000000000044e      0x21e ./Core/Src/stm32f3xx_hal_msp.o
 .debug_abbrev  0x000000000000066c      0x1bf ./Core/Src/stm32f3xx_hal_timebase_tim.o
 .debug_abbrev  0x000000000000082b      0x181 ./Core/Src/stm32f3xx_it.o
 .debug_abbrev  0x00000000000009ac      0x145 ./Core/Src/system_stm32f3xx.o
 .debug_abbrev  0x0000000000000af1       0x12 ./Core/Startup/startup_stm32f303vctx.o
 .debug_abbrev  0x0000000000000b03      0x1ed ./Drivers/STM32F3xx_HAL_Driver/Src/stm32f3xx_hal.o
 .debug_abbrev  0x0000000000000cf0      0x253 ./Drivers/STM32F3xx_HAL_Driver/Src/stm32f3xx_hal_adc_ex.o
 .debug_abbrev  0x0000000000000f43      0x33c ./Drivers/STM32F3xx_HAL_Driver/Src/stm32f3xx_hal_cortex.o
 .debug_abbrev  0x000000000000127f      0x228 ./Drivers/STM32F3xx_HAL_Driver/Src/stm32f3xx_hal_dma.o
 .debug_abbrev  0x00000000000014a7      0x1e8 ./Drivers/STM32F3xx_HAL_Driver/Src/stm32f3xx_hal_gpio.o
 .debug_abbrev  0x000000000000168f      0x256 ./Drivers/STM32F3xx_HAL_Driver/Src/stm32f3xx_hal_i2c.o
 .debug_abbrev  0x00000000000018e5      0x1dd ./Drivers/STM32F3xx_HAL_Driver/Src/stm32f3xx_hal_i2c_ex.o
 .debug_abbrev  0x0000000000001ac2      0x2ba ./Drivers/STM32F3xx_HAL_Driver/Src/stm32f3xx_hal_pcd.o
 .debug_abbrev  0x0000000000001d7c      0x2c4 ./Drivers/STM32F3xx_HAL_Driver/Src/stm32f3xx_hal_rcc.o
 .debug_abbrev  0x0000000000002040      0x23e ./Drivers/STM32F3xx_HAL_Driver/Src/stm32f3xx_hal_rcc_ex.o
 .debug_abbrev  0x000000000000227e      0x25e ./Drivers/STM32F3xx_HAL_Driver/Src/stm32f3xx_hal_tim.o
 .debug_abbrev  0x00000000000024dc      0x266 ./Drivers/STM32F3xx_HAL_Driver/Src/stm32f3xx_hal_tim_ex.o
 .debug_abbrev  0x0000000000002742      0x25c ./Drivers/STM32F3xx_HAL_Driver/Src/stm32f3xx_ll_usb.o
 .debug_abbrev  0x000000000000299e      0x3c2 ./Middlewares/Third_Party/FreeRTOS/Source/CMSIS_RTOS/cmsis_os.o
 .debug_abbrev  0x0000000000002d60      0x1f7 ./Middlewares/Third_Party/FreeRTOS/Source/list.o
 .debug_abbrev  0x0000000000002f57      0x3a2 ./Middlewares/Third_Party/FreeRTOS/Source/queue.o
 .debug_abbrev  0x00000000000032f9      0x380 ./Middlewares/Third_Party/FreeRTOS/Source/tasks.o
 .debug_abbrev  0x0000000000003679      0x231 ./Middlewares/Third_Party/FreeRTOS/Source/portable/GCC/ARM_CM4F/port.o
 .debug_abbrev  0x00000000000038aa      0x2d3 ./Middlewares/Third_Party/FreeRTOS/Source/portable/MemMang/heap_4.o

.debug_aranges  0x0000000000000000     0x1690
 .debug_aranges
                0x0000000000000000       0x20 ./Core/Src/freertos.o
 .debug_aranges
                0x0000000000000020       0x98 ./Core/Src/main.o
 .debug_aranges
                0x00000000000000b8       0x50 ./Core/Src/stm32f3xx_hal_msp.o
 .debug_aranges
                0x0000000000000108       0x30 ./Core/Src/stm32f3xx_hal_timebase_tim.o
 .debug_aranges
                0x0000000000000138       0x58 ./Core/Src/stm32f3xx_it.o
 .debug_aranges
                0x0000000000000190       0x28 ./Core/Src/system_stm32f3xx.o
 .debug_aranges
                0x00000000000001b8       0x28 ./Core/Startup/startup_stm32f303vctx.o
 .debug_aranges
                0x00000000000001e0       0xe0 ./Drivers/STM32F3xx_HAL_Driver/Src/stm32f3xx_hal.o
 .debug_aranges
                0x00000000000002c0      0x168 ./Drivers/STM32F3xx_HAL_Driver/Src/stm32f3xx_hal_adc_ex.o
 .debug_aranges
                0x0000000000000428      0x118 ./Drivers/STM32F3xx_HAL_Driver/Src/stm32f3xx_hal_cortex.o
 .debug_aranges
                0x0000000000000540       0x88 ./Drivers/STM32F3xx_HAL_Driver/Src/stm32f3xx_hal_dma.o
 .debug_aranges
                0x00000000000005c8       0x58 ./Drivers/STM32F3xx_HAL_Driver/Src/stm32f3xx_hal_gpio.o
 .debug_aranges
                0x0000000000000620      0x290 ./Drivers/STM32F3xx_HAL_Driver/Src/stm32f3xx_hal_i2c.o
 .debug_aranges
                0x00000000000008b0       0x48 ./Drivers/STM32F3xx_HAL_Driver/Src/stm32f3xx_hal_i2c_ex.o
 .debug_aranges
                0x00000000000008f8      0x138 ./Drivers/STM32F3xx_HAL_Driver/Src/stm32f3xx_hal_pcd.o
 .debug_aranges
                0x0000000000000a30       0x88 ./Drivers/STM32F3xx_HAL_Driver/Src/stm32f3xx_hal_rcc.o
 .debug_aranges
                0x0000000000000ab8       0x38 ./Drivers/STM32F3xx_HAL_Driver/Src/stm32f3xx_hal_rcc_ex.o
 .debug_aranges
                0x0000000000000af0      0x3e0 ./Drivers/STM32F3xx_HAL_Driver/Src/stm32f3xx_hal_tim.o
 .debug_aranges
                0x0000000000000ed0      0x178 ./Drivers/STM32F3xx_HAL_Driver/Src/stm32f3xx_hal_tim_ex.o
 .debug_aranges
                0x0000000000001048       0xb0 ./Drivers/STM32F3xx_HAL_Driver/Src/stm32f3xx_ll_usb.o
 .debug_aranges
                0x00000000000010f8      0x1d8 ./Middlewares/Third_Party/FreeRTOS/Source/CMSIS_RTOS/cmsis_os.o
 .debug_aranges
                0x00000000000012d0       0x40 ./Middlewares/Third_Party/FreeRTOS/Source/list.o
 .debug_aranges
                0x0000000000001310      0x108 ./Middlewares/Third_Party/FreeRTOS/Source/queue.o
 .debug_aranges
                0x0000000000001418      0x1a8 ./Middlewares/Third_Party/FreeRTOS/Source/tasks.o
 .debug_aranges
                0x00000000000015c0       0x80 ./Middlewares/Third_Party/FreeRTOS/Source/portable/GCC/ARM_CM4F/port.o
 .debug_aranges
                0x0000000000001640       0x50 ./Middlewares/Third_Party/FreeRTOS/Source/portable/MemMang/heap_4.o

.debug_ranges   0x0000000000000000     0x14f8
 .debug_ranges  0x0000000000000000       0x10 ./Core/Src/freertos.o
 .debug_ranges  0x0000000000000010       0x88 ./Core/Src/main.o
 .debug_ranges  0x0000000000000098       0x40 ./Core/Src/stm32f3xx_hal_msp.o
 .debug_ranges  0x00000000000000d8       0x20 ./Core/Src/stm32f3xx_hal_timebase_tim.o
 .debug_ranges  0x00000000000000f8       0x48 ./Core/Src/stm32f3xx_it.o
 .debug_ranges  0x0000000000000140       0x18 ./Core/Src/system_stm32f3xx.o
 .debug_ranges  0x0000000000000158       0x20 ./Core/Startup/startup_stm32f303vctx.o
 .debug_ranges  0x0000000000000178       0xd0 ./Drivers/STM32F3xx_HAL_Driver/Src/stm32f3xx_hal.o
 .debug_ranges  0x0000000000000248      0x158 ./Drivers/STM32F3xx_HAL_Driver/Src/stm32f3xx_hal_adc_ex.o
 .debug_ranges  0x00000000000003a0      0x108 ./Drivers/STM32F3xx_HAL_Driver/Src/stm32f3xx_hal_cortex.o
 .debug_ranges  0x00000000000004a8       0x78 ./Drivers/STM32F3xx_HAL_Driver/Src/stm32f3xx_hal_dma.o
 .debug_ranges  0x0000000000000520       0x48 ./Drivers/STM32F3xx_HAL_Driver/Src/stm32f3xx_hal_gpio.o
 .debug_ranges  0x0000000000000568      0x280 ./Drivers/STM32F3xx_HAL_Driver/Src/stm32f3xx_hal_i2c.o
 .debug_ranges  0x00000000000007e8       0x38 ./Drivers/STM32F3xx_HAL_Driver/Src/stm32f3xx_hal_i2c_ex.o
 .debug_ranges  0x0000000000000820      0x128 ./Drivers/STM32F3xx_HAL_Driver/Src/stm32f3xx_hal_pcd.o
 .debug_ranges  0x0000000000000948       0x78 ./Drivers/STM32F3xx_HAL_Driver/Src/stm32f3xx_hal_rcc.o
 .debug_ranges  0x00000000000009c0       0x28 ./Drivers/STM32F3xx_HAL_Driver/Src/stm32f3xx_hal_rcc_ex.o
 .debug_ranges  0x00000000000009e8      0x3d0 ./Drivers/STM32F3xx_HAL_Driver/Src/stm32f3xx_hal_tim.o
 .debug_ranges  0x0000000000000db8      0x168 ./Drivers/STM32F3xx_HAL_Driver/Src/stm32f3xx_hal_tim_ex.o
 .debug_ranges  0x0000000000000f20       0xa0 ./Drivers/STM32F3xx_HAL_Driver/Src/stm32f3xx_ll_usb.o
 .debug_ranges  0x0000000000000fc0      0x1c8 ./Middlewares/Third_Party/FreeRTOS/Source/CMSIS_RTOS/cmsis_os.o
 .debug_ranges  0x0000000000001188       0x30 ./Middlewares/Third_Party/FreeRTOS/Source/list.o
 .debug_ranges  0x00000000000011b8       0xf8 ./Middlewares/Third_Party/FreeRTOS/Source/queue.o
 .debug_ranges  0x00000000000012b0      0x198 ./Middlewares/Third_Party/FreeRTOS/Source/tasks.o
 .debug_ranges  0x0000000000001448       0x70 ./Middlewares/Third_Party/FreeRTOS/Source/portable/GCC/ARM_CM4F/port.o
 .debug_ranges  0x00000000000014b8       0x40 ./Middlewares/Third_Party/FreeRTOS/Source/portable/MemMang/heap_4.o

.debug_macro    0x0000000000000000    0x20cc4
 .debug_macro   0x0000000000000000      0x277 ./Core/Src/freertos.o
 .debug_macro   0x0000000000000277      0xaa8 ./Core/Src/freertos.o
 .debug_macro   0x0000000000000d1f      0x174 ./Core/Src/freertos.o
 .debug_macro   0x0000000000000e93       0x22 ./Core/Src/freertos.o
 .debug_macro   0x0000000000000eb5       0x8e ./Core/Src/freertos.o
 .debug_macro   0x0000000000000f43       0x51 ./Core/Src/freertos.o
 .debug_macro   0x0000000000000f94      0x103 ./Core/Src/freertos.o
 .debug_macro   0x0000000000001097       0x6a ./Core/Src/freertos.o
 .debug_macro   0x0000000000001101      0x1df ./Core/Src/freertos.o
 .debug_macro   0x00000000000012e0       0xd6 ./Core/Src/freertos.o
 .debug_macro   0x00000000000013b6      0x15a ./Core/Src/freertos.o
 .debug_macro   0x0000000000001510       0xd7 ./Core/Src/freertos.o
 .debug_macro   0x00000000000015e7       0x10 ./Core/Src/freertos.o
 .debug_macro   0x00000000000015f7       0x1f ./Core/Src/freertos.o
 .debug_macro   0x0000000000001616      0x4b7 ./Core/Src/freertos.o
 .debug_macro   0x0000000000001acd       0xb5 ./Core/Src/freertos.o
 .debug_macro   0x0000000000001b82       0x8c ./Core/Src/freertos.o
 .debug_macro   0x0000000000001c0e      0x15d ./Core/Src/freertos.o
 .debug_macro   0x0000000000001d6b       0x2e ./Core/Src/freertos.o
 .debug_macro   0x0000000000001d99       0x28 ./Core/Src/freertos.o
 .debug_macro   0x0000000000001dc1       0x1c ./Core/Src/freertos.o
 .debug_macro   0x0000000000001ddd       0x22 ./Core/Src/freertos.o
 .debug_macro   0x0000000000001dff       0xdf ./Core/Src/freertos.o
 .debug_macro   0x0000000000001ede     0x102d ./Core/Src/freertos.o
 .debug_macro   0x0000000000002f0b      0x11f ./Core/Src/freertos.o
 .debug_macro   0x000000000000302a    0x12a3a ./Core/Src/freertos.o
 .debug_macro   0x0000000000015a64       0x6d ./Core/Src/freertos.o
 .debug_macro   0x0000000000015ad1     0x3540 ./Core/Src/freertos.o
 .debug_macro   0x0000000000019011       0x55 ./Core/Src/freertos.o
 .debug_macro   0x0000000000019066      0x962 ./Core/Src/freertos.o
 .debug_macro   0x00000000000199c8      0x5fe ./Core/Src/freertos.o
 .debug_macro   0x0000000000019fc6      0x1b6 ./Core/Src/freertos.o
 .debug_macro   0x000000000001a17c      0x1fb ./Core/Src/freertos.o
 .debug_macro   0x000000000001a377      0x1dc ./Core/Src/freertos.o
 .debug_macro   0x000000000001a553      0x1bc ./Core/Src/freertos.o
 .debug_macro   0x000000000001a70f       0x30 ./Core/Src/freertos.o
 .debug_macro   0x000000000001a73f       0x3c ./Core/Src/freertos.o
 .debug_macro   0x000000000001a77b      0x236 ./Core/Src/freertos.o
 .debug_macro   0x000000000001a9b1      0x9b1 ./Core/Src/freertos.o
 .debug_macro   0x000000000001b362       0x77 ./Core/Src/freertos.o
 .debug_macro   0x000000000001b3d9       0xc5 ./Core/Src/freertos.o
 .debug_macro   0x000000000001b49e      0x21d ./Core/Src/freertos.o
 .debug_macro   0x000000000001b6bb      0x22c ./Core/Src/freertos.o
 .debug_macro   0x000000000001b8e7       0x5b ./Core/Src/freertos.o
 .debug_macro   0x000000000001b942       0xa5 ./Core/Src/freertos.o
 .debug_macro   0x000000000001b9e7       0x65 ./Core/Src/freertos.o
 .debug_macro   0x000000000001ba4c      0x249 ./Core/Src/freertos.o
 .debug_macro   0x000000000001bc95       0x81 ./Core/Src/freertos.o
 .debug_macro   0x000000000001bd16       0xd3 ./Core/Src/freertos.o
 .debug_macro   0x000000000001bde9      0xa3d ./Core/Src/freertos.o
 .debug_macro   0x000000000001c826       0x89 ./Core/Src/freertos.o
 .debug_macro   0x000000000001c8af      0x275 ./Core/Src/freertos.o
 .debug_macro   0x000000000001cb24      0x148 ./Core/Src/freertos.o
 .debug_macro   0x000000000001cc6c      0x52d ./Core/Src/main.o
 .debug_macro   0x000000000001d199       0xd6 ./Core/Src/main.o
 .debug_macro   0x000000000001d26f       0x91 ./Core/Src/main.o
 .debug_macro   0x000000000001d300       0x8d ./Core/Src/main.o
 .debug_macro   0x000000000001d38d       0x7e ./Core/Src/main.o
 .debug_macro   0x000000000001d40b       0x19 ./Core/Src/main.o
 .debug_macro   0x000000000001d424       0xf2 ./Core/Src/main.o
 .debug_macro   0x000000000001d516       0x22 ./Core/Src/main.o
 .debug_macro   0x000000000001d538       0x52 ./Core/Src/main.o
 .debug_macro   0x000000000001d58a       0x18 ./Core/Src/main.o
 .debug_macro   0x000000000001d5a2       0x3c ./Core/Src/main.o
 .debug_macro   0x000000000001d5de       0x34 ./Core/Src/main.o
 .debug_macro   0x000000000001d612       0x16 ./Core/Src/main.o
 .debug_macro   0x000000000001d628       0x43 ./Core/Src/main.o
 .debug_macro   0x000000000001d66b       0x34 ./Core/Src/main.o
 .debug_macro   0x000000000001d69f       0x10 ./Core/Src/main.o
 .debug_macro   0x000000000001d6af       0x58 ./Core/Src/main.o
 .debug_macro   0x000000000001d707       0x71 ./Core/Src/main.o
 .debug_macro   0x000000000001d778       0x1c ./Core/Src/main.o
 .debug_macro   0x000000000001d794      0x12a ./Core/Src/main.o
 .debug_macro   0x000000000001d8be      0x333 ./Core/Src/main.o
 .debug_macro   0x000000000001dbf1       0x10 ./Core/Src/main.o
 .debug_macro   0x000000000001dc01       0x35 ./Core/Src/main.o
 .debug_macro   0x000000000001dc36       0x20 ./Core/Src/main.o
 .debug_macro   0x000000000001dc56      0x20f ./Core/Src/stm32f3xx_hal_msp.o
 .debug_macro   0x000000000001de65      0x200 ./Core/Src/stm32f3xx_hal_timebase_tim.o
 .debug_macro   0x000000000001e065      0x2cc ./Core/Src/stm32f3xx_it.o
 .debug_macro   0x000000000001e331      0x200 ./Core/Src/system_stm32f3xx.o
 .debug_macro   0x000000000001e531      0x224 ./Drivers/STM32F3xx_HAL_Driver/Src/stm32f3xx_hal.o
 .debug_macro   0x000000000001e755      0x22a ./Drivers/STM32F3xx_HAL_Driver/Src/stm32f3xx_hal_adc_ex.o
 .debug_macro   0x000000000001e97f      0x200 ./Drivers/STM32F3xx_HAL_Driver/Src/stm32f3xx_hal_cortex.o
 .debug_macro   0x000000000001eb7f      0x200 ./Drivers/STM32F3xx_HAL_Driver/Src/stm32f3xx_hal_dma.o
 .debug_macro   0x000000000001ed7f      0x207 ./Drivers/STM32F3xx_HAL_Driver/Src/stm32f3xx_hal_gpio.o
 .debug_macro   0x000000000001ef86      0x2c5 ./Drivers/STM32F3xx_HAL_Driver/Src/stm32f3xx_hal_i2c.o
 .debug_macro   0x000000000001f24b      0x200 ./Drivers/STM32F3xx_HAL_Driver/Src/stm32f3xx_hal_i2c_ex.o
 .debug_macro   0x000000000001f44b      0x20c ./Drivers/STM32F3xx_HAL_Driver/Src/stm32f3xx_hal_pcd.o
 .debug_macro   0x000000000001f657      0x224 ./Drivers/STM32F3xx_HAL_Driver/Src/stm32f3xx_hal_rcc.o
 .debug_macro   0x000000000001f87b      0x200 ./Drivers/STM32F3xx_HAL_Driver/Src/stm32f3xx_hal_rcc_ex.o
 .debug_macro   0x000000000001fa7b      0x201 ./Drivers/STM32F3xx_HAL_Driver/Src/stm32f3xx_hal_tim.o
 .debug_macro   0x000000000001fc7c      0x200 ./Drivers/STM32F3xx_HAL_Driver/Src/stm32f3xx_hal_tim_ex.o
 .debug_macro   0x000000000001fe7c      0x200 ./Drivers/STM32F3xx_HAL_Driver/Src/stm32f3xx_ll_usb.o
 .debug_macro   0x000000000002007c      0x1fe ./Middlewares/Third_Party/FreeRTOS/Source/CMSIS_RTOS/cmsis_os.o
 .debug_macro   0x000000000002027a       0xc7 ./Middlewares/Third_Party/FreeRTOS/Source/CMSIS_RTOS/cmsis_os.o
 .debug_macro   0x0000000000020341      0x187 ./Middlewares/Third_Party/FreeRTOS/Source/list.o
 .debug_macro   0x00000000000204c8      0x212 ./Middlewares/Third_Party/FreeRTOS/Source/queue.o
 .debug_macro   0x00000000000206da       0x16 ./Middlewares/Third_Party/FreeRTOS/Source/queue.o
 .debug_macro   0x00000000000206f0      0x280 ./Middlewares/Third_Party/FreeRTOS/Source/tasks.o
 .debug_macro   0x0000000000020970       0x10 ./Middlewares/Third_Party/FreeRTOS/Source/tasks.o
 .debug_macro   0x0000000000020980      0x196 ./Middlewares/Third_Party/FreeRTOS/Source/portable/GCC/ARM_CM4F/port.o
 .debug_macro   0x0000000000020b16      0x1ae ./Middlewares/Third_Party/FreeRTOS/Source/portable/MemMang/heap_4.o

.debug_line     0x0000000000000000    0x1be5a
 .debug_line    0x0000000000000000      0x835 ./Core/Src/freertos.o
 .debug_line    0x0000000000000835     0x1046 ./Core/Src/main.o
 .debug_line    0x000000000000187b      0x838 ./Core/Src/stm32f3xx_hal_msp.o
 .debug_line    0x00000000000020b3      0x796 ./Core/Src/stm32f3xx_hal_timebase_tim.o
 .debug_line    0x0000000000002849      0x967 ./Core/Src/stm32f3xx_it.o
 .debug_line    0x00000000000031b0      0x7ad ./Core/Src/system_stm32f3xx.o
 .debug_line    0x000000000000395d       0x88 ./Core/Startup/startup_stm32f303vctx.o
 .debug_line    0x00000000000039e5      0x9e2 ./Drivers/STM32F3xx_HAL_Driver/Src/stm32f3xx_hal.o
 .debug_line    0x00000000000043c7     0x275e ./Drivers/STM32F3xx_HAL_Driver/Src/stm32f3xx_hal_adc_ex.o
 .debug_line    0x0000000000006b25      0xca7 ./Drivers/STM32F3xx_HAL_Driver/Src/stm32f3xx_hal_cortex.o
 .debug_line    0x00000000000077cc      0xcf4 ./Drivers/STM32F3xx_HAL_Driver/Src/stm32f3xx_hal_dma.o
 .debug_line    0x00000000000084c0      0xb43 ./Drivers/STM32F3xx_HAL_Driver/Src/stm32f3xx_hal_gpio.o
 .debug_line    0x0000000000009003     0x32f1 ./Drivers/STM32F3xx_HAL_Driver/Src/stm32f3xx_hal_i2c.o
 .debug_line    0x000000000000c2f4      0x954 ./Drivers/STM32F3xx_HAL_Driver/Src/stm32f3xx_hal_i2c_ex.o
 .debug_line    0x000000000000cc48     0x1313 ./Drivers/STM32F3xx_HAL_Driver/Src/stm32f3xx_hal_pcd.o
 .debug_line    0x000000000000df5b     0x13bc ./Drivers/STM32F3xx_HAL_Driver/Src/stm32f3xx_hal_rcc.o
 .debug_line    0x000000000000f317      0xd4c ./Drivers/STM32F3xx_HAL_Driver/Src/stm32f3xx_hal_rcc_ex.o
 .debug_line    0x0000000000010063     0x3d21 ./Drivers/STM32F3xx_HAL_Driver/Src/stm32f3xx_hal_tim.o
 .debug_line    0x0000000000013d84     0x1ac3 ./Drivers/STM32F3xx_HAL_Driver/Src/stm32f3xx_hal_tim_ex.o
 .debug_line    0x0000000000015847      0xf73 ./Drivers/STM32F3xx_HAL_Driver/Src/stm32f3xx_ll_usb.o
 .debug_line    0x00000000000167ba     0x11c4 ./Middlewares/Third_Party/FreeRTOS/Source/CMSIS_RTOS/cmsis_os.o
 .debug_line    0x000000000001797e      0x70b ./Middlewares/Third_Party/FreeRTOS/Source/list.o
 .debug_line    0x0000000000018089     0x1488 ./Middlewares/Third_Party/FreeRTOS/Source/queue.o
 .debug_line    0x0000000000019511     0x18cd ./Middlewares/Third_Party/FreeRTOS/Source/tasks.o
 .debug_line    0x000000000001adde      0x7af ./Middlewares/Third_Party/FreeRTOS/Source/portable/GCC/ARM_CM4F/port.o
 .debug_line    0x000000000001b58d      0x8cd ./Middlewares/Third_Party/FreeRTOS/Source/portable/MemMang/heap_4.o

.debug_str      0x0000000000000000    0xc7e6f
 .debug_str     0x0000000000000000    0xb9de2 ./Core/Src/freertos.o
                                      0xba4b9 (size before relaxing)
 .debug_str     0x00000000000b9de2     0x6ff3 ./Core/Src/main.o
                                      0xc1695 (size before relaxing)
 .debug_str     0x00000000000c0dd5      0x3c0 ./Core/Src/stm32f3xx_hal_msp.o
                                      0xb78bb (size before relaxing)
 .debug_str     0x00000000000c1195       0x98 ./Core/Src/stm32f3xx_hal_timebase_tim.o
                                      0xb6f3e (size before relaxing)
 .debug_str     0x00000000000c122d       0xa5 ./Core/Src/stm32f3xx_it.o
                                      0xbcddf (size before relaxing)
 .debug_str     0x00000000000c12d2       0xb3 ./Core/Src/system_stm32f3xx.o
                                      0xb65a6 (size before relaxing)
 .debug_str     0x00000000000c1385       0x36 ./Core/Startup/startup_stm32f303vctx.o
                                         0x74 (size before relaxing)
 .debug_str     0x00000000000c13bb      0x2cc ./Drivers/STM32F3xx_HAL_Driver/Src/stm32f3xx_hal.o
                                      0xb6d42 (size before relaxing)
 .debug_str     0x00000000000c1687      0x817 ./Drivers/STM32F3xx_HAL_Driver/Src/stm32f3xx_hal_adc_ex.o
                                      0xb71fe (size before relaxing)
 .debug_str     0x00000000000c1e9e      0x383 ./Drivers/STM32F3xx_HAL_Driver/Src/stm32f3xx_hal_cortex.o
                                      0xb6e50 (size before relaxing)
 .debug_str     0x00000000000c2221      0x24d ./Drivers/STM32F3xx_HAL_Driver/Src/stm32f3xx_hal_dma.o
                                      0xb6920 (size before relaxing)
 .debug_str     0x00000000000c246e      0x169 ./Drivers/STM32F3xx_HAL_Driver/Src/stm32f3xx_hal_gpio.o
                                      0xb6751 (size before relaxing)
 .debug_str     0x00000000000c25d7      0xd29 ./Drivers/STM32F3xx_HAL_Driver/Src/stm32f3xx_hal_i2c.o
                                      0xb77fc (size before relaxing)
 .debug_str     0x00000000000c3300       0xb8 ./Drivers/STM32F3xx_HAL_Driver/Src/stm32f3xx_hal_i2c_ex.o
                                      0xb6add (size before relaxing)
 .debug_str     0x00000000000c33b8      0x3a5 ./Drivers/STM32F3xx_HAL_Driver/Src/stm32f3xx_hal_pcd.o
                                      0xb6c84 (size before relaxing)
 .debug_str     0x00000000000c375d      0x2db ./Drivers/STM32F3xx_HAL_Driver/Src/stm32f3xx_hal_rcc.o
                                      0xb6a14 (size before relaxing)
 .debug_str     0x00000000000c3a38       0xd8 ./Drivers/STM32F3xx_HAL_Driver/Src/stm32f3xx_hal_rcc_ex.o
                                      0xb67d8 (size before relaxing)
 .debug_str     0x00000000000c3b10      0xe49 ./Drivers/STM32F3xx_HAL_Driver/Src/stm32f3xx_hal_tim.o
                                      0xb7969 (size before relaxing)
 .debug_str     0x00000000000c4959      0x5af ./Drivers/STM32F3xx_HAL_Driver/Src/stm32f3xx_hal_tim_ex.o
                                      0xb716d (size before relaxing)
 .debug_str     0x00000000000c4f08      0x1f5 ./Drivers/STM32F3xx_HAL_Driver/Src/stm32f3xx_ll_usb.o
                                      0xb6938 (size before relaxing)
 .debug_str     0x00000000000c50fd      0x75c ./Middlewares/Third_Party/FreeRTOS/Source/CMSIS_RTOS/cmsis_os.o
                                       0xe10b (size before relaxing)
 .debug_str     0x00000000000c5859      0x225 ./Middlewares/Third_Party/FreeRTOS/Source/list.o
                                       0xa84f (size before relaxing)
 .debug_str     0x00000000000c5a7e      0x7ca ./Middlewares/Third_Party/FreeRTOS/Source/queue.o
                                       0xbf07 (size before relaxing)
 .debug_str     0x00000000000c6248     0x11ca ./Middlewares/Third_Party/FreeRTOS/Source/tasks.o
                                       0xca40 (size before relaxing)