17:18:40 **** Incremental Build of configuration Debug for project STM32_CODE ****
make -j6 all 
arm-none-eabi-gcc -o "STM32_CODE.elf" @"objects.list"   -mcpu=cortex-m4 -T"C:\Users\Usuario\Desktop\nuxtu-LLP\STM32_CODE\STM32F303VCTX_FLASH.ld" --specs=nosys.specs -Wl,-Map="STM32_CODE.map" -Wl,--gc-sections -static --specs=nano.specs -mfpu=fpv4-sp-d16 -mfloat-abi=hard -mthumb -Wl,--start-group -lc -lm -Wl,--end-group
Finished building target: STM32_CODE.elf
 
arm-none-eabi-size   STM32_CODE.elf 
arm-none-eabi-objdump -h -S  STM32_CODE.elf  > "STM32_CODE.list"
arm-none-eabi-objcopy  -O ihex  STM32_CODE.elf  "STM32_CODE.hex"
arm-none-eabi-objcopy  -O binary  STM32_CODE.elf  "STM32_CODE.bin"
   text	   data	    bss	    dec	    hex	filename
  17352	     24	   5952	  23328	   5b20	STM32_CODE.elf
Finished building: default.size.stdout
 
Finished building: STM32_CODE.hex
 
Finished building: STM32_CODE.list
Finished building: STM32_CODE.bin
 
 
